- {"dt": "2022-06-03T05:42:24.670359", "lvl": "target", "msg": "early console in setup codc[?7l[2J<5>[    0.000000] Linux version 5.18.0-next-20220603 (tuxmake@tuxmake) (x86_64-linux-gnu-gcc (Debian 11.3.0-3) 11.3.0, GNU ld (GNU Binutils for Debian) 2.38) #1 SMP PREEMPT_DYNAMIC @1654234349"}
- {"dt": "2022-06-03T05:42:24.671406", "lvl": "target", "msg": "<6>[    0.000000] Command line: console=ttyS0,115200 rootwait root=/dev/sda debug verbose console_msg_format=syslog"}
- {"dt": "2022-06-03T05:42:24.672544", "lvl": "target", "msg": "<6>[    0.000000] x86/fpu: x87 FPU will use FXSAVE"}
- {"dt": "2022-06-03T05:42:24.673660", "lvl": "target", "msg": "<6>[    0.000000] signal: max sigframe size: 1440"}
- {"dt": "2022-06-03T05:42:24.674799", "lvl": "target", "msg": "<6>[    0.000000] BIOS-provided physical RAM map:"}
- {"dt": "2022-06-03T05:42:24.675414", "lvl": "target", "msg": "<6>[    0.000000] BIOS-e820: [mem 0x0000000000000000-0x000000000009fbff] usable"}
- {"dt": "2022-06-03T05:42:24.676029", "lvl": "target", "msg": "<6>[    0.000000] BIOS-e820: [mem 0x000000000009fc00-0x000000000009ffff] reserved"}
- {"dt": "2022-06-03T05:42:24.676656", "lvl": "target", "msg": "<6>[    0.000000] BIOS-e820: [mem 0x00000000000f0000-0x00000000000fffff] reserved"}
- {"dt": "2022-06-03T05:42:24.677302", "lvl": "target", "msg": "<6>[    0.000000] BIOS-e820: [mem 0x0000000000100000-0x000000003ffdefff] usable"}
- {"dt": "2022-06-03T05:42:24.677943", "lvl": "target", "msg": "<6>[    0.000000] BIOS-e820: [mem 0x000000003ffdf000-0x000000003fffffff] reserved"}
- {"dt": "2022-06-03T05:42:24.678577", "lvl": "target", "msg": "<6>[    0.000000] BIOS-e820: [mem 0x00000000b0000000-0x00000000bfffffff] reserved"}
- {"dt": "2022-06-03T05:42:24.679194", "lvl": "target", "msg": "<6>[    0.000000] BIOS-e820: [mem 0x00000000fed1c000-0x00000000fed1ffff] reserved"}
- {"dt": "2022-06-03T05:42:24.679816", "lvl": "target", "msg": "<6>[    0.000000] BIOS-e820: [mem 0x00000000fffc0000-0x00000000ffffffff] reserved"}
- {"dt": "2022-06-03T05:42:24.680441", "lvl": "target", "msg": "<6>[    0.000000] NX (Execute Disable) protection: active"}
- {"dt": "2022-06-03T05:42:24.681115", "lvl": "target", "msg": "<6>[    0.000000] SMBIOS 2.8 present."}
- {"dt": "2022-06-03T05:42:24.681716", "lvl": "target", "msg": "<6>[    0.000000] DMI: QEMU Standard PC (Q35 + ICH9, 2009), BIOS 1.14.0-2 04/01/2014"}
- {"dt": "2022-06-03T05:42:24.682356", "lvl": "target", "msg": "<6>[    0.000000] tsc: Fast TSC calibration using PIT"}
- {"dt": "2022-06-03T05:42:24.682964", "lvl": "target", "msg": "<6>[    0.000000] tsc: Detected 3000.047 MHz processor"}
- {"dt": "2022-06-03T05:42:24.683574", "lvl": "target", "msg": "<7>[    0.011072] e820: update [mem 0x00000000-0x00000fff] usable ==> reserved"}
- {"dt": "2022-06-03T05:42:24.684197", "lvl": "target", "msg": "<7>[    0.011343] e820: remove [mem 0x000a0000-0x000fffff] usable"}
- {"dt": "2022-06-03T05:42:24.684824", "lvl": "target", "msg": "<6>[    0.011617] last_pfn = 0x3ffdf max_arch_pfn = 0x400000000"}
- {"dt": "2022-06-03T05:42:24.685433", "lvl": "target", "msg": "<6>[    0.012707] x86/PAT: Configuration [0-7]: WB  WC  UC- UC  WB  WP  UC- WT  "}
- {"dt": "2022-06-03T05:42:24.686080", "lvl": "target", "msg": "<6>[    0.029675] found SMP MP-table at [mem 0x000f5ce0-0x000f5cef]"}
- {"dt": "2022-06-03T05:42:24.686704", "lvl": "target", "msg": "<6>[    0.036901] ACPI: Early table checksum verification disabled"}
- {"dt": "2022-06-03T05:42:24.687323", "lvl": "target", "msg": "<6>[    0.037420] ACPI: RSDP 0x00000000000F5B30 000014 (v00 BOCHS )"}
- {"dt": "2022-06-03T05:42:24.687942", "lvl": "target", "msg": "<6>[    0.037755] ACPI: RSDT 0x000000003FFE2304 000038 (v01 BOCHS  BXPC     00000001 BXPC 00000001)"}
- {"dt": "2022-06-03T05:42:24.688599", "lvl": "target", "msg": "<6>[    0.038542] ACPI: FACP 0x000000003FFE20F4 0000F4 (v03 BOCHS  BXPC     00000001 BXPC 00000001)"}
- {"dt": "2022-06-03T05:42:24.725287", "lvl": "target", "msg": "<6>[    0.039260] ACPI: DSDT 0x000000003FFE0040 0020B4 (v01 BOCHS  BXPC     00000001 BXPC 00000001)"}
- {"dt": "2022-06-03T05:42:24.726400", "lvl": "target", "msg": "<6>[    0.039381] ACPI: FACS 0x000000003FFE0000 000040"}
- {"dt": "2022-06-03T05:42:24.727168", "lvl": "target", "msg": "<6>[    0.039467] ACPI: APIC 0x000000003FFE21E8 000080 (v01 BOCHS  BXPC     00000001 BXPC 00000001)"}
- {"dt": "2022-06-03T05:42:24.727734", "lvl": "target", "msg": "<6>[    0.039515] ACPI: HPET 0x000000003FFE2268 000038 (v01 BOCHS  BXPC     00000001 BXPC 00000001)"}
- {"dt": "2022-06-03T05:42:24.728358", "lvl": "target", "msg": "<6>[    0.039564] ACPI: MCFG 0x000000003FFE22A0 00003C (v01 BOCHS  BXPC     00000001 BXPC 00000001)"}
- {"dt": "2022-06-03T05:42:24.728986", "lvl": "target", "msg": "<6>[    0.039647] ACPI: WAET 0x000000003FFE22DC 000028 (v01 BOCHS  BXPC     00000001 BXPC 00000001)"}
- {"dt": "2022-06-03T05:42:24.729553", "lvl": "target", "msg": "<6>[    0.039773] ACPI: Reserving FACP table memory at [mem 0x3ffe20f4-0x3ffe21e7]"}
- {"dt": "2022-06-03T05:42:24.730181", "lvl": "target", "msg": "<6>[    0.039819] ACPI: Reserving DSDT table memory at [mem 0x3ffe0040-0x3ffe20f3]"}
- {"dt": "2022-06-03T05:42:24.730793", "lvl": "target", "msg": "<6>[    0.039832] ACPI: Reserving FACS table memory at [mem 0x3ffe0000-0x3ffe003f]"}
- {"dt": "2022-06-03T05:42:24.732013", "lvl": "target", "msg": "<6>[    0.039843] ACPI: Reserving APIC table memory at [mem 0x3ffe21e8-0x3ffe2267]"}
- {"dt": "2022-06-03T05:42:24.732638", "lvl": "target", "msg": "<6>[    0.039853] ACPI: Reserving HPET table memory at [mem 0x3ffe2268-0x3ffe229f]"}
- {"dt": "2022-06-03T05:42:24.733303", "lvl": "target", "msg": "<6>[    0.039864] ACPI: Reserving MCFG table memory at [mem 0x3ffe22a0-0x3ffe22db]"}
- {"dt": "2022-06-03T05:42:24.733999", "lvl": "target", "msg": "<6>[    0.039874] ACPI: Reserving WAET table memory at [mem 0x3ffe22dc-0x3ffe2303]"}
- {"dt": "2022-06-03T05:42:24.734688", "lvl": "target", "msg": "<6>[    0.042460] No NUMA configuration found"}
- {"dt": "2022-06-03T05:42:24.735493", "lvl": "target", "msg": "<6>[    0.042504] Faking a node at [mem 0x0000000000000000-0x000000003ffdefff]"}
- {"dt": "2022-06-03T05:42:24.736166", "lvl": "target", "msg": "<6>[    0.043215] NODE_DATA(0) allocated [mem 0x3ffdb000-0x3ffdefff]"}
- {"dt": "2022-06-03T05:42:24.736769", "lvl": "target", "msg": "<6>[    0.045872] Zone ranges:"}
- {"dt": "2022-06-03T05:42:24.737420", "lvl": "target", "msg": "<6>[    0.045929]   DMA      [mem 0x0000000000001000-0x0000000000ffffff]"}
- {"dt": "2022-06-03T05:42:24.738126", "lvl": "target", "msg": "<6>[    0.046030]   DMA32    [mem 0x0000000001000000-0x000000003ffdefff]"}
- {"dt": "2022-06-03T05:42:24.738709", "lvl": "target", "msg": "<6>[    0.046053]   Normal   empty"}
- {"dt": "2022-06-03T05:42:24.739373", "lvl": "target", "msg": "<6>[    0.046082] Movable zone start for each node"}
- {"dt": "2022-06-03T05:42:24.740278", "lvl": "target", "msg": "<6>[    0.046121] Early memory node ranges"}
- {"dt": "2022-06-03T05:42:24.740881", "lvl": "target", "msg": "<6>[    0.046157]   node   0: [mem 0x0000000000001000-0x000000000009efff]"}
- {"dt": "2022-06-03T05:42:24.741537", "lvl": "target", "msg": "<6>[    0.046343]   node   0: [mem 0x0000000000100000-0x000000003ffdefff]"}
- {"dt": "2022-06-03T05:42:24.742218", "lvl": "target", "msg": "<6>[    0.046601] Initmem setup node 0 [mem 0x0000000000001000-0x000000003ffdefff]"}
- {"dt": "2022-06-03T05:42:24.742841", "lvl": "target", "msg": "<6>[    0.048316] On node 0, zone DMA: 1 pages in unavailable ranges"}
- {"dt": "2022-06-03T05:42:24.874139", "lvl": "target", "msg": "<6>[    0.048617] On node 0, zone DMA: 97 pages in unavailable ranges"}
- {"dt": "2022-06-03T05:42:24.875384", "lvl": "target", "msg": "<6>[    0.059869] On node 0, zone DMA32: 33 pages in unavailable ranges"}
- {"dt": "2022-06-03T05:42:24.876210", "lvl": "target", "msg": "<6>[    0.060548] ACPI: PM-Timer IO Port: 0x608"}
- {"dt": "2022-06-03T05:42:24.876874", "lvl": "target", "msg": "<6>[    0.061183] ACPI: LAPIC_NMI (acpi_id[0xff] dfl dfl lint[0x1])"}
- {"dt": "2022-06-03T05:42:24.877514", "lvl": "target", "msg": "<6>[    0.061799] IOAPIC[0]: apic_id 0, version 32, address 0xfec00000, GSI 0-23"}
- {"dt": "2022-06-03T05:42:24.878502", "lvl": "target", "msg": "<6>[    0.062000] ACPI: INT_SRC_OVR (bus 0 bus_irq 0 global_irq 2 dfl dfl)"}
- {"dt": "2022-06-03T05:42:24.879122", "lvl": "target", "msg": "<6>[    0.062345] ACPI: INT_SRC_OVR (bus 0 bus_irq 5 global_irq 5 high level)"}
- {"dt": "2022-06-03T05:42:24.879710", "lvl": "target", "msg": "<6>[    0.062392] ACPI: INT_SRC_OVR (bus 0 bus_irq 9 global_irq 9 high level)"}
- {"dt": "2022-06-03T05:42:24.880335", "lvl": "target", "msg": "<6>[    0.062516] ACPI: INT_SRC_OVR (bus 0 bus_irq 10 global_irq 10 high level)"}
- {"dt": "2022-06-03T05:42:24.880973", "lvl": "target", "msg": "<6>[    0.062532] ACPI: INT_SRC_OVR (bus 0 bus_irq 11 global_irq 11 high level)"}
- {"dt": "2022-06-03T05:42:24.881545", "lvl": "target", "msg": "<6>[    0.062753] ACPI: Using ACPI (MADT) for SMP configuration information"}
- {"dt": "2022-06-03T05:42:24.882238", "lvl": "target", "msg": "<6>[    0.062818] ACPI: HPET id: 0x8086a201 base: 0xfed00000"}
- {"dt": "2022-06-03T05:42:24.882817", "lvl": "target", "msg": "<6>[    0.063219] smpboot: Allowing 2 CPUs, 0 hotplug CPUs"}
- {"dt": "2022-06-03T05:42:24.883448", "lvl": "target", "msg": "<6>[    0.064338] PM: hibernation: Registered nosave memory: [mem 0x00000000-0x00000fff]"}
- {"dt": "2022-06-03T05:42:24.884071", "lvl": "target", "msg": "<6>[    0.064410] PM: hibernation: Registered nosave memory: [mem 0x0009f000-0x0009ffff]"}
- {"dt": "2022-06-03T05:42:24.884708", "lvl": "target", "msg": "<6>[    0.064439] PM: hibernation: Registered nosave memory: [mem 0x000a0000-0x000effff]"}
- {"dt": "2022-06-03T05:42:24.885333", "lvl": "target", "msg": "<6>[    0.064451] PM: hibernation: Registered nosave memory: [mem 0x000f0000-0x000fffff]"}
- {"dt": "2022-06-03T05:42:24.886001", "lvl": "target", "msg": "<6>[    0.064602] [mem 0x40000000-0xafffffff] available for PCI devices"}
- {"dt": "2022-06-03T05:42:24.886571", "lvl": "target", "msg": "<6>[    0.064655] Booting paravirtualized kernel on bare hardware"}
- {"dt": "2022-06-03T05:42:24.887186", "lvl": "target", "msg": "<6>[    0.065055] clocksource: refined-jiffies: mask: 0xffffffff max_cycles: 0xffffffff, max_idle_ns: 1910969940391419 ns"}
- {"dt": "2022-06-03T05:42:24.887780", "lvl": "target", "msg": "<6>[    0.065702] setup_percpu: NR_CPUS:64 nr_cpumask_bits:64 nr_cpu_ids:2 nr_node_ids:1"}
- {"dt": "2022-06-03T05:42:24.888414", "lvl": "target", "msg": "<6>[    0.073942] percpu: Embedded 56 pages/cpu s189984 r8192 d31200 u1048576"}
- {"dt": "2022-06-03T05:42:24.889078", "lvl": "target", "msg": "<7>[    0.074448] pcpu-alloc: s189984 r8192 d31200 u1048576 alloc=1*2097152"}
- {"dt": "2022-06-03T05:42:24.889689", "lvl": "target", "msg": "<7>[    0.074554] pcpu-alloc: [0] 0 1 "}
- {"dt": "2022-06-03T05:42:24.890379", "lvl": "target", "msg": "<6>[    0.076955] Fallback order for Node 0: 0 "}
- {"dt": "2022-06-03T05:42:24.891053", "lvl": "target", "msg": "<6>[    0.077351] Built 1 zonelists, mobility grouping on.  Total pages: 257759"}
- {"dt": "2022-06-03T05:42:24.891641", "lvl": "target", "msg": "<6>[    0.077383] Policy zone: DMA32"}
- {"dt": "2022-06-03T05:42:25.155474", "lvl": "target", "msg": "<5>[    0.077703] Kernel command line: console=ttyS0,115200 rootwait root=/dev/sda debug verbose console_msg_format=syslog"}
- {"dt": "2022-06-03T05:42:25.155811", "lvl": "target", "msg": "<5>[    0.079221] Unknown kernel command line parameters \\\"verbose\\\", will be passed to user space."}
- {"dt": "2022-06-03T05:42:25.156014", "lvl": "target", "msg": "<6>[    0.126288] Dentry cache hash table entries: 131072 (order: 8, 1048576 bytes, linear)"}
- {"dt": "2022-06-03T05:42:25.156140", "lvl": "target", "msg": "<6>[    0.127909] Inode-cache hash table entries: 65536 (order: 7, 524288 bytes, linear)"}
- {"dt": "2022-06-03T05:42:25.156259", "lvl": "target", "msg": "<6>[    0.136462] mem auto-init: stack:off, heap alloc:on, heap free:on"}
- {"dt": "2022-06-03T05:42:25.156383", "lvl": "target", "msg": "<6>[    0.136524] mem auto-init: clearing system memory may take some time..."}
- {"dt": "2022-06-03T05:42:25.156488", "lvl": "target", "msg": "<6>[    0.136581] Stack Depot early init allocating hash table with memblock_alloc, 8388608 bytes"}
- {"dt": "2022-06-03T05:42:25.156862", "lvl": "target", "msg": "<6>[    0.873050] Memory: 965172K/1048052K available (24591K kernel code, 3960K rwdata, 7540K rodata, 1900K init, 12328K bss, 82620K reserved, 0K cma-reserved)"}
- {"dt": "2022-06-03T05:42:25.157036", "lvl": "target", "msg": "<4>[    0.873160] **********************************************************"}
- {"dt": "2022-06-03T05:42:25.157171", "lvl": "target", "msg": "<4>[    0.873178] **   NOTICE NOTICE NOTICE NOTICE NOTICE NOTICE NOTICE   **"}
- {"dt": "2022-06-03T05:42:25.157295", "lvl": "target", "msg": "<4>[    0.873191] **                                                      **"}
- {"dt": "2022-06-03T05:42:25.157417", "lvl": "target", "msg": "<4>[    0.873204] ** This system shows unhashed kernel memory addresses   **"}
- {"dt": "2022-06-03T05:42:25.157537", "lvl": "target", "msg": "<4>[    0.873217] ** via the console, logs, and other interfaces. This    **"}
- {"dt": "2022-06-03T05:42:25.157936", "lvl": "target", "msg": "<4>[    0.873230] ** might reduce the security of your system.            **"}
- {"dt": "2022-06-03T05:42:25.158077", "lvl": "target", "msg": "<4>[    0.873242] **                                                      **"}
- {"dt": "2022-06-03T05:42:25.158206", "lvl": "target", "msg": "<4>[    0.873254] ** If you see this message and you are not debugging    **"}
- {"dt": "2022-06-03T05:42:25.158329", "lvl": "target", "msg": "<4>[    0.873266] ** the kernel, report this immediately to your system   **"}
- {"dt": "2022-06-03T05:42:25.158450", "lvl": "target", "msg": "<4>[    0.873277] ** administrator!                                       **"}
- {"dt": "2022-06-03T05:42:25.158569", "lvl": "target", "msg": "<4>[    0.873289] **                                                      **"}
- {"dt": "2022-06-03T05:42:25.158966", "lvl": "target", "msg": "<4>[    0.873301] **   NOTICE NOTICE NOTICE NOTICE NOTICE NOTICE NOTICE   **"}
- {"dt": "2022-06-03T05:42:25.159101", "lvl": "target", "msg": "<4>[    0.873313] **********************************************************"}
- {"dt": "2022-06-03T05:42:25.159230", "lvl": "target", "msg": "<6>[    0.885193] SLUB: HWalign=64, Order=0-3, MinObjects=0, CPUs=2, Nodes=1"}
- {"dt": "2022-06-03T05:42:25.159354", "lvl": "target", "msg": "<6>[    0.886966] Kernel/User page tables isolation: enabled"}
- {"dt": "2022-06-03T05:42:25.622631", "lvl": "target", "msg": "<6>[    0.890111] ftrace: allocating 61625 entries in 241 pages"}
- {"dt": "2022-06-03T05:42:25.622909", "lvl": "target", "msg": "<6>[    0.945785] ftrace: allocated 241 pages with 5 groups"}
- {"dt": "2022-06-03T05:42:25.626585", "lvl": "target", "msg": "<6>[    0.973458] Dynamic Preempt: voluntary"}
- {"dt": "2022-06-03T05:42:25.627565", "lvl": "target", "msg": "<6>[    0.980071] Running RCU self tests"}
- {"dt": "2022-06-03T05:42:25.628537", "lvl": "target", "msg": "<6>[    0.980837] rcu: Preemptible hierarchical RCU implementation."}
- {"dt": "2022-06-03T05:42:25.629546", "lvl": "target", "msg": "<6>[    0.980858] rcu: \tRCU event tracing is enabled."}
- {"dt": "2022-06-03T05:42:25.630544", "lvl": "target", "msg": "<6>[    0.980882] rcu: \tRCU lockdep checking is enabled."}
- {"dt": "2022-06-03T05:42:25.631544", "lvl": "target", "msg": "<6>[    0.980905] rcu: \tRCU restricting CPUs from NR_CPUS=64 to nr_cpu_ids=2."}
- {"dt": "2022-06-03T05:42:25.632542", "lvl": "target", "msg": "<6>[    0.981040] \tTrampoline variant of Tasks RCU enabled."}
- {"dt": "2022-06-03T05:42:25.633013", "lvl": "target", "msg": "<6>[    0.981052] \tRude variant of Tasks RCU enabled."}
- {"dt": "2022-06-03T05:42:25.633536", "lvl": "target", "msg": "<6>[    0.981062] \tTracing variant of Tasks RCU enabled."}
- {"dt": "2022-06-03T05:42:25.634544", "lvl": "target", "msg": "<6>[    0.981229] rcu: RCU calculated value of scheduler-enlistment delay is 100 jiffies."}
- {"dt": "2022-06-03T05:42:25.635173", "lvl": "target", "msg": "<6>[    0.981270] rcu: Adjusting geometry for rcu_fanout_leaf=16, nr_cpu_ids=2"}
- {"dt": "2022-06-03T05:42:25.635591", "lvl": "target", "msg": "<6>[    1.134782] NR_IRQS: 4352, nr_irqs: 440, preallocated irqs: 16"}
- {"dt": "2022-06-03T05:42:25.636545", "lvl": "target", "msg": "<6>[    1.143821] rcu: srcu_init: Setting srcu_struct sizes based on contention."}
- {"dt": "2022-06-03T05:42:25.637053", "lvl": "target", "msg": "<6>[    1.150888] kfence: initialized - using 2097152 bytes for 255 objects at 0xffff9de5bea00000-0xffff9de5bec00000"}
- {"dt": "2022-06-03T05:42:25.637542", "lvl": "target", "msg": "<6>[    1.158238] Console: colour VGA+ 80x25"}
- {"dt": "2022-06-03T05:42:25.638054", "lvl": "target", "msg": "<6>[    1.203550] printk: console [ttyS0] enabled"}
- {"dt": "2022-06-03T05:42:25.638912", "lvl": "target", "msg": "<4>[    1.204352] Lock dependency validator: Copyright (c) 2006 Red Hat, Inc., Ingo Molnar"}
- {"dt": "2022-06-03T05:42:25.639472", "lvl": "target", "msg": "<4>[    1.204786] ... MAX_LOCKDEP_SUBCLASSES:  8"}
- {"dt": "2022-06-03T05:42:25.640018", "lvl": "target", "msg": "<4>[    1.205105] ... MAX_LOCK_DEPTH:          48"}
- {"dt": "2022-06-03T05:42:25.640577", "lvl": "target", "msg": "<4>[    1.205420] ... MAX_LOCKDEP_KEYS:        8192"}
- {"dt": "2022-06-03T05:42:25.641100", "lvl": "target", "msg": "<4>[    1.205665] ... CLASSHASH_SIZE:          4096"}
- {"dt": "2022-06-03T05:42:25.641628", "lvl": "target", "msg": "<4>[    1.205886] ... MAX_LOCKDEP_ENTRIES:     32768"}
- {"dt": "2022-06-03T05:42:25.642188", "lvl": "target", "msg": "<4>[    1.206227] ... MAX_LOCKDEP_CHAINS:      65536"}
- {"dt": "2022-06-03T05:42:25.642739", "lvl": "target", "msg": "<4>[    1.206553] ... CHAINHASH_SIZE:          32768"}
- {"dt": "2022-06-03T05:42:25.643293", "lvl": "target", "msg": "<4>[    1.206754]  memory used by lock dependency info: 6365 kB"}
- {"dt": "2022-06-03T05:42:25.643839", "lvl": "target", "msg": "<4>[    1.206989]  memory used for stack traces: 4224 kB"}
- {"dt": "2022-06-03T05:42:25.644385", "lvl": "target", "msg": "<4>[    1.207348]  per task-struct memory footprint: 1920 bytes"}
- {"dt": "2022-06-03T05:42:25.644935", "lvl": "target", "msg": "<6>[    1.210421] ACPI: Core revision 20220331"}
- {"dt": "2022-06-03T05:42:26.420809", "lvl": "target", "msg": "<6>[    1.224671] clocksource: hpet: mask: 0xffffffff max_cycles: 0xffffffff, max_idle_ns: 19112604467 ns"}
- {"dt": "2022-06-03T05:42:26.422015", "lvl": "target", "msg": "<6>[    1.237059] APIC: Switch to symmetric I/O mode setup"}
- {"dt": "2022-06-03T05:42:26.422797", "lvl": "target", "msg": "<6>[    1.257131] ..TIMER: vector=0x30 apic1=0 pin1=2 apic2=-1 pin2=-1"}
- {"dt": "2022-06-03T05:42:26.423430", "lvl": "target", "msg": "<6>[    1.264218] clocksource: tsc-early: mask: 0xffffffffffffffff max_cycles: 0x2b3e71e4e0f, max_idle_ns: 440795358508 ns"}
- {"dt": "2022-06-03T05:42:26.424041", "lvl": "target", "msg": "<6>[    1.266977] Calibrating delay loop (skipped), value calculated using timer frequency.. 6000.09 BogoMIPS (lpj=3000047)"}
- {"dt": "2022-06-03T05:42:26.424695", "lvl": "target", "msg": "<6>[    1.268692] pid_max: default: 32768 minimum: 301"}
- {"dt": "2022-06-03T05:42:26.425252", "lvl": "target", "msg": "<6>[    1.273808] LSM: Security Framework initializing"}
- {"dt": "2022-06-03T05:42:26.425887", "lvl": "target", "msg": "<6>[    1.277605] landlock: Up and running."}
- {"dt": "2022-06-03T05:42:26.426475", "lvl": "target", "msg": "<6>[    1.278269] SELinux:  Initializing."}
- {"dt": "2022-06-03T05:42:26.427058", "lvl": "target", "msg": "<6>[    1.281172] LSM support for eBPF active"}
- {"dt": "2022-06-03T05:42:26.427646", "lvl": "target", "msg": "<6>[    1.287673] Mount-cache hash table entries: 2048 (order: 2, 16384 bytes, linear)"}
- {"dt": "2022-06-03T05:42:26.428241", "lvl": "target", "msg": "<6>[    1.288172] Mountpoint-cache hash table entries: 2048 (order: 2, 16384 bytes, linear)"}
- {"dt": "2022-06-03T05:42:26.428883", "lvl": "target", "msg": "<6>[    1.370874] Last level iTLB entries: 4KB 0, 2MB 0, 4MB 0"}
- {"dt": "2022-06-03T05:42:26.429499", "lvl": "target", "msg": "<6>[    1.371152] Last level dTLB entries: 4KB 0, 2MB 0, 4MB 0, 1GB 0"}
- {"dt": "2022-06-03T05:42:26.430110", "lvl": "target", "msg": "<6>[    1.372520] Spectre V1 : Mitigation: usercopy/swapgs barriers and __user pointer sanitization"}
- {"dt": "2022-06-03T05:42:26.430746", "lvl": "target", "msg": "<6>[    1.373343] Spectre V2 : Mitigation: Retpolines"}
- {"dt": "2022-06-03T05:42:26.431299", "lvl": "target", "msg": "<6>[    1.375176] Spectre V2 : Spectre v2 / SpectreRSB mitigation: Filling RSB on context switch"}
- {"dt": "2022-06-03T05:42:26.431952", "lvl": "target", "msg": "<6>[    1.375838] Speculative Store Bypass: Vulnerable"}
- {"dt": "2022-06-03T05:42:26.432606", "lvl": "target", "msg": "<6>[    1.377899] MDS: Vulnerable: Clear CPU buffers attempted, no microcode"}
- {"dt": "2022-06-03T05:42:26.433263", "lvl": "target", "msg": "<6>[    1.425515] Freeing SMP alternatives memory: 52K"}
- {"dt": "2022-06-03T05:42:26.433928", "lvl": "target", "msg": "<6>[    1.563039] smpboot: CPU0: Intel Core i7 9xx (Nehalem Class Core i7) (family: 0x6, model: 0x1a, stepping: 0x3)"}
- {"dt": "2022-06-03T05:42:26.434560", "lvl": "target", "msg": "<6>[    1.601782] cblist_init_generic: Setting adjustable number of callback queues."}
- {"dt": "2022-06-03T05:42:26.435177", "lvl": "target", "msg": "<6>[    1.602137] cblist_init_generic: Setting shift to 1 and lim to 1."}
- {"dt": "2022-06-03T05:42:26.435825", "lvl": "target", "msg": "<6>[    1.609573] cblist_init_generic: Setting shift to 1 and lim to 1."}
- {"dt": "2022-06-03T05:42:26.436442", "lvl": "target", "msg": "<6>[    1.613328] cblist_init_generic: Setting shift to 1 and lim to 1."}
- {"dt": "2022-06-03T05:42:26.437068", "lvl": "target", "msg": "<6>[    1.616383] Running RCU-tasks wait API self tests"}
- {"dt": "2022-06-03T05:42:27.745673", "lvl": "target", "msg": "<6>[    1.738913] Performance Events: unsupported p6 CPU model 26 no PMU driver, software events only."}
- {"dt": "2022-06-03T05:42:27.747013", "lvl": "target", "msg": "<6>[    1.746896] Callback from call_rcu_tasks_trace() invoked."}
- {"dt": "2022-06-03T05:42:27.747707", "lvl": "target", "msg": "<6>[    1.753803] rcu: Hierarchical SRCU implementation."}
- {"dt": "2022-06-03T05:42:27.748300", "lvl": "target", "msg": "<6>[    1.756536] printk: console [ttyS0] printing thread started"}
- {"dt": "2022-06-03T05:42:27.748881", "lvl": "target", "msg": "<6>[    1.824122] smp: Bringing up secondary CPUs ..."}
- {"dt": "2022-06-03T05:42:27.749446", "lvl": "target", "msg": "<6>[    1.838550] Callback from call_rcu_tasks_rude() invoked."}
- {"dt": "2022-06-03T05:42:27.750040", "lvl": "target", "msg": "<6>[    1.853801] x86: Booting SMP configuration:"}
- {"dt": "2022-06-03T05:42:27.750606", "lvl": "target", "msg": "<6>[    1.853901] .... node  #0, CPUs:      #1"}
- {"dt": "2022-06-03T05:42:27.751176", "lvl": "target", "msg": "<6>[    1.890670] smp: Brought up 1 node, 2 CPUs"}
- {"dt": "2022-06-03T05:42:27.751735", "lvl": "target", "msg": "<6>[    1.891274] smpboot: Max logical packages: 1"}
- {"dt": "2022-06-03T05:42:27.752294", "lvl": "target", "msg": "<6>[    1.891427] smpboot: Total of 2 processors activated (12000.18 BogoMIPS)"}
- {"dt": "2022-06-03T05:42:27.752874", "lvl": "target", "msg": "<6>[    1.960562] Callback from call_rcu_tasks() invoked."}
- {"dt": "2022-06-03T05:42:27.753432", "lvl": "target", "msg": "<6>[    1.976245] devtmpfs: initialized"}
- {"dt": "2022-06-03T05:42:27.754023", "lvl": "target", "msg": "<6>[    2.013387] x86/mm: Memory block size: 128MB"}
- {"dt": "2022-06-03T05:42:27.754585", "lvl": "target", "msg": "<6>[    2.149167] clocksource: jiffies: mask: 0xffffffff max_cycles: 0xffffffff, max_idle_ns: 1911260446275000 ns"}
- {"dt": "2022-06-03T05:42:27.755162", "lvl": "target", "msg": "<6>[    2.149488] futex hash table entries: 512 (order: 4, 65536 bytes, linear)"}
- {"dt": "2022-06-03T05:42:27.755769", "lvl": "target", "msg": "<6>[    2.183226] PM: RTC time: 05:42:25, date: 2022-06-03"}
- {"dt": "2022-06-03T05:42:27.756329", "lvl": "target", "msg": "<6>[    2.251134] NET: Registered PF_NETLINK/PF_ROUTE protocol family"}
- {"dt": "2022-06-03T05:42:27.756912", "lvl": "target", "msg": "<6>[    2.292209] audit: initializing netlink subsys (disabled)"}
- {"dt": "2022-06-03T05:42:27.757468", "lvl": "target", "msg": "<5>[    2.314226] audit: type=2000 audit(1654234945.062:1): state=initialized audit_enabled=0 res=1"}
- {"dt": "2022-06-03T05:42:27.758065", "lvl": "target", "msg": "<6>[    2.353896] thermal_sys: Registered thermal governor 'step_wise'"}
- {"dt": "2022-06-03T05:42:27.758627", "lvl": "target", "msg": "<6>[    2.354178] thermal_sys: Registered thermal governor 'user_space'"}
- {"dt": "2022-06-03T05:42:27.759196", "lvl": "target", "msg": "<6>[    2.362278] cpuidle: using governor menu"}
- {"dt": "2022-06-03T05:42:27.759759", "lvl": "target", "msg": "<6>[    2.386658] PCI: MMCONFIG for domain 0000 [bus 00-ff] at [mem 0xb0000000-0xbfffffff] (base 0xb0000000)"}
- {"dt": "2022-06-03T05:42:27.760326", "lvl": "target", "msg": "<6>[    2.390300] PCI: MMCONFIG at [mem 0xb0000000-0xbfffffff] reserved in E820"}
- {"dt": "2022-06-03T05:42:27.760916", "lvl": "target", "msg": "<6>[    2.393570] PCI: Using configuration type 1 for base access"}
- {"dt": "2022-06-03T05:42:27.761471", "lvl": "target", "msg": "<4>[    2.407759] mtrr: your CPUs had inconsistent fixed MTRR settings"}
- {"dt": "2022-06-03T05:42:27.762076", "lvl": "target", "msg": "<4>[    2.407964] mtrr: your CPUs had inconsistent variable MTRR settings"}
- {"dt": "2022-06-03T05:42:27.762629", "lvl": "target", "msg": "<4>[    2.410115] mtrr: your CPUs had inconsistent MTRRdefType settings"}
- {"dt": "2022-06-03T05:42:29.762321", "lvl": "target", "msg": "<6>[    2.410137] mtrr: probably your BIOS does not setup all CPUs."}
- {"dt": "2022-06-03T05:42:29.762917", "lvl": "target", "msg": "<6>[    2.410152] mtrr: corrected configuration."}
- {"dt": "2022-06-03T05:42:29.763076", "lvl": "target", "msg": "<6>[    3.748549] kprobes: kprobe jump-optimization is enabled. All kprobes are optimized if possible."}
- {"dt": "2022-06-03T05:42:29.763195", "lvl": "target", "msg": "<6>[    4.019366] HugeTLB: can optimize 7 vmemmap pages for hugepages-2048kB"}
- {"dt": "2022-06-03T05:42:29.763307", "lvl": "target", "msg": "<6>[    4.020462] HugeTLB registered 2.00 MiB page size, pre-allocated 0 pages"}
- {"dt": "2022-06-03T05:42:29.763413", "lvl": "target", "msg": "<6>[    4.107253] cryptd: max_cpu_qlen set to 1000"}
- {"dt": "2022-06-03T05:42:29.763512", "lvl": "target", "msg": "<6>[    4.223117] ACPI: Added _OSI(Module Device)"}
- {"dt": "2022-06-03T05:42:29.763853", "lvl": "target", "msg": "<6>[    4.223213] ACPI: Added _OSI(Processor Device)"}
- {"dt": "2022-06-03T05:42:29.763972", "lvl": "target", "msg": "<6>[    4.223241] ACPI: Added _OSI(3.0 _SCP Extensions)"}
- {"dt": "2022-06-03T05:42:29.764079", "lvl": "target", "msg": "<6>[    4.223267] ACPI: Added _OSI(Processor Aggregator Device)"}
- {"dt": "2022-06-03T05:42:29.764193", "lvl": "target", "msg": "<6>[    4.223547] ACPI: Added _OSI(Linux-Dell-Video)"}
- {"dt": "2022-06-03T05:42:29.764314", "lvl": "target", "msg": "<6>[    4.223664] ACPI: Added _OSI(Linux-Lenovo-NV-HDMI-Audio)"}
- {"dt": "2022-06-03T05:42:29.764432", "lvl": "target", "msg": "<6>[    4.223776] ACPI: Added _OSI(Linux-HPI-Hybrid-Graphics)"}
- {"dt": "2022-06-03T05:42:29.764745", "lvl": "target", "msg": "<6>[    5.010959] ACPI: 1 ACPI AML tables successfully acquired and loaded"}
- {"dt": "2022-06-03T05:42:29.764903", "lvl": "target", "msg": "<6>[    5.174526] ACPI: Interpreter enabled"}
- {"dt": "2022-06-03T05:42:29.765035", "lvl": "target", "msg": "<6>[    5.179827] ACPI: PM: (supports S0 S3 S4 S5)"}
- {"dt": "2022-06-03T05:42:29.765156", "lvl": "target", "msg": "<6>[    5.180289] ACPI: Using IOAPIC for interrupt routing"}
- {"dt": "2022-06-03T05:42:29.765272", "lvl": "target", "msg": "<6>[    5.187137] PCI: Using host bridge windows from ACPI; if necessary, use \\\"pci=nocrs\\\" and report a bug"}
- {"dt": "2022-06-03T05:42:29.765392", "lvl": "target", "msg": "<6>[    5.187220] PCI: Using E820 reservations for host bridge windows"}
- {"dt": "2022-06-03T05:42:29.765513", "lvl": "target", "msg": "<6>[    5.213676] ACPI: Enabled 2 GPEs in block 00 to 3F"}
- {"dt": "2022-06-03T05:42:31.678391", "lvl": "target", "msg": "<6>[    5.843493] ACPI: PCI Root Bridge [PCI0] (domain 0000 [bus 00-ff])"}
- {"dt": "2022-06-03T05:42:31.678847", "lvl": "target", "msg": "<6>[    5.845678] acpi PNP0A08:00: _OSC: OS supports [ExtendedConfig ASPM ClockPM Segments MSI HPX-Type3]"}
- {"dt": "2022-06-03T05:42:31.679102", "lvl": "target", "msg": "<6>[    5.868598] acpi PNP0A08:00: _OSC: platform does not support [LTR]"}
- {"dt": "2022-06-03T05:42:31.679282", "lvl": "target", "msg": "<6>[    5.905150] acpi PNP0A08:00: _OSC: OS now controls [PME PCIeCapability]"}
- {"dt": "2022-06-03T05:42:31.679467", "lvl": "target", "msg": "<6>[    5.924543] PCI host bridge to bus 0000:00"}
- {"dt": "2022-06-03T05:42:31.679651", "lvl": "target", "msg": "<6>[    5.925200] pci_bus 0000:00: root bus resource [io  0x0000-0x0cf7 window]"}
- {"dt": "2022-06-03T05:42:31.679849", "lvl": "target", "msg": "<6>[    5.925527] pci_bus 0000:00: root bus resource [io  0x0d00-0xffff window]"}
- {"dt": "2022-06-03T05:42:31.680043", "lvl": "target", "msg": "<6>[    5.925655] pci_bus 0000:00: root bus resource [mem 0x000a0000-0x000bffff window]"}
- {"dt": "2022-06-03T05:42:31.680239", "lvl": "target", "msg": "<6>[    5.925741] pci_bus 0000:00: root bus resource [mem 0x40000000-0xafffffff window]"}
- {"dt": "2022-06-03T05:42:31.680432", "lvl": "target", "msg": "<6>[    5.925864] pci_bus 0000:00: root bus resource [mem 0xc0000000-0xfebfffff window]"}
- {"dt": "2022-06-03T05:42:31.680637", "lvl": "target", "msg": "<6>[    5.926037] pci_bus 0000:00: root bus resource [mem 0x100000000-0x8ffffffff window]"}
- {"dt": "2022-06-03T05:42:31.680835", "lvl": "target", "msg": "<6>[    5.926460] pci_bus 0000:00: root bus resource [bus 00-ff]"}
- {"dt": "2022-06-03T05:42:31.681033", "lvl": "target", "msg": "<6>[    5.933804] pci 0000:00:00.0: [8086:29c0] type 00 class 0x060000"}
- {"dt": "2022-06-03T05:42:31.681230", "lvl": "target", "msg": "<6>[    5.962627] pci 0000:00:01.0: [1234:1111] type 00 class 0x030000"}
- {"dt": "2022-06-03T05:42:31.681428", "lvl": "target", "msg": "<6>[    5.966461] pci 0000:00:01.0: reg 0x10: [mem 0xfd000000-0xfdffffff pref]"}
- {"dt": "2022-06-03T05:42:31.681627", "lvl": "target", "msg": "<6>[    5.971139] pci 0000:00:01.0: reg 0x18: [mem 0xfebf0000-0xfebf0fff]"}
- {"dt": "2022-06-03T05:42:31.681843", "lvl": "target", "msg": "<6>[    5.978161] pci 0000:00:01.0: reg 0x30: [mem 0xfebe0000-0xfebeffff pref]"}
- {"dt": "2022-06-03T05:42:31.682046", "lvl": "target", "msg": "<6>[    5.980472] pci 0000:00:01.0: Video device with shadowed ROM at [mem 0x000c0000-0x000dffff]"}
- {"dt": "2022-06-03T05:42:31.682251", "lvl": "target", "msg": "<6>[    5.999826] pci 0000:00:1f.0: [8086:2918] type 00 class 0x060100"}
- {"dt": "2022-06-03T05:42:31.682455", "lvl": "target", "msg": "<6>[    6.002620] pci 0000:00:1f.0: quirk: [io  0x0600-0x067f] claimed by ICH6 ACPI/GPIO/TCO"}
- {"dt": "2022-06-03T05:42:31.682656", "lvl": "target", "msg": "<6>[    6.020695] pci 0000:00:1f.2: [8086:2922] type 00 class 0x010601"}
- {"dt": "2022-06-03T05:42:31.682856", "lvl": "target", "msg": "<6>[    6.031130] pci 0000:00:1f.2: reg 0x20: [io  0xc040-0xc05f]"}
- {"dt": "2022-06-03T05:42:31.683056", "lvl": "target", "msg": "<6>[    6.034181] pci 0000:00:1f.2: reg 0x24: [mem 0xfebf1000-0xfebf1fff]"}
- {"dt": "2022-06-03T05:42:31.683253", "lvl": "target", "msg": "<6>[    6.044552] pci 0000:00:1f.3: [8086:2930] type 00 class 0x0c0500"}
- {"dt": "2022-06-03T05:42:31.683450", "lvl": "target", "msg": "<6>[    6.049161] pci 0000:00:1f.3: reg 0x20: [io  0x0700-0x073f]"}
- {"dt": "2022-06-03T05:42:33.871022", "lvl": "target", "msg": "<6>[    6.141710] ACPI: PCI: Interrupt link LNKA configured for IRQ 10"}
- {"dt": "2022-06-03T05:42:33.871350", "lvl": "target", "msg": "<6>[    6.162744] ACPI: PCI: Interrupt link LNKB configured for IRQ 10"}
- {"dt": "2022-06-03T05:42:33.872990", "lvl": "target", "msg": "<6>[    6.182430] ACPI: PCI: Interrupt link LNKC configured for IRQ 11"}
- {"dt": "2022-06-03T05:42:33.873593", "lvl": "target", "msg": "<6>[    6.202186] ACPI: PCI: Interrupt link LNKD configured for IRQ 11"}
- {"dt": "2022-06-03T05:42:33.874186", "lvl": "target", "msg": "<6>[    6.221436] ACPI: PCI: Interrupt link LNKE configured for IRQ 10"}
- {"dt": "2022-06-03T05:42:33.874759", "lvl": "target", "msg": "<6>[    6.240379] ACPI: PCI: Interrupt link LNKF configured for IRQ 10"}
- {"dt": "2022-06-03T05:42:33.875337", "lvl": "target", "msg": "<6>[    6.259685] ACPI: PCI: Interrupt link LNKG configured for IRQ 11"}
- {"dt": "2022-06-03T05:42:33.875910", "lvl": "target", "msg": "<6>[    6.279302] ACPI: PCI: Interrupt link LNKH configured for IRQ 11"}
- {"dt": "2022-06-03T05:42:33.876485", "lvl": "target", "msg": "<6>[    6.284553] ACPI: PCI: Interrupt link GSIA configured for IRQ 16"}
- {"dt": "2022-06-03T05:42:33.877066", "lvl": "target", "msg": "<6>[    6.288353] ACPI: PCI: Interrupt link GSIB configured for IRQ 17"}
- {"dt": "2022-06-03T05:42:33.877628", "lvl": "target", "msg": "<6>[    6.291877] ACPI: PCI: Interrupt link GSIC configured for IRQ 18"}
- {"dt": "2022-06-03T05:42:33.878228", "lvl": "target", "msg": "<6>[    6.296137] ACPI: PCI: Interrupt link GSID configured for IRQ 19"}
- {"dt": "2022-06-03T05:42:33.878798", "lvl": "target", "msg": "<6>[    6.299845] ACPI: PCI: Interrupt link GSIE configured for IRQ 20"}
- {"dt": "2022-06-03T05:42:33.879369", "lvl": "target", "msg": "<6>[    6.303559] ACPI: PCI: Interrupt link GSIF configured for IRQ 21"}
- {"dt": "2022-06-03T05:42:33.879942", "lvl": "target", "msg": "<6>[    6.307271] ACPI: PCI: Interrupt link GSIG configured for IRQ 22"}
- {"dt": "2022-06-03T05:42:33.880506", "lvl": "target", "msg": "<6>[    6.310832] ACPI: PCI: Interrupt link GSIH configured for IRQ 23"}
- {"dt": "2022-06-03T05:42:33.881086", "lvl": "target", "msg": "<6>[    6.354459] iommu: Default domain type: Translated "}
- {"dt": "2022-06-03T05:42:33.881654", "lvl": "target", "msg": "<6>[    6.354465] iommu: DMA domain TLB invalidation policy: lazy mode "}
- {"dt": "2022-06-03T05:42:33.882253", "lvl": "target", "msg": "<5>[    6.386305] SCSI subsystem initialized"}
- {"dt": "2022-06-03T05:42:33.882819", "lvl": "target", "msg": "<7>[    6.394149] libata version 3.00 loaded."}
- {"dt": "2022-06-03T05:42:33.883380", "lvl": "target", "msg": "<6>[    6.404549] ACPI: bus type USB registered"}
- {"dt": "2022-06-03T05:42:33.883955", "lvl": "target", "msg": "<6>[    6.410452] usbcore: registered new interface driver usbfs"}
- {"dt": "2022-06-03T05:42:33.884522", "lvl": "target", "msg": "<6>[    6.413653] usbcore: registered new interface driver hub"}
- {"dt": "2022-06-03T05:42:33.885088", "lvl": "target", "msg": "<6>[    6.415909] usbcore: registered new device driver usb"}
- {"dt": "2022-06-03T05:42:33.885658", "lvl": "target", "msg": "<6>[    6.420301] mc: Linux media interface: v0.10"}
- {"dt": "2022-06-03T05:42:33.886260", "lvl": "target", "msg": "<6>[    6.422492] videodev: Linux video capture interface: v2.00"}
- {"dt": "2022-06-03T05:42:33.886843", "lvl": "target", "msg": "<6>[    6.428323] pps_core: LinuxPPS API ver. 1 registered"}
- {"dt": "2022-06-03T05:42:33.887415", "lvl": "target", "msg": "<6>[    6.428357] pps_core: Software ver. 5.3.6 - Copyright 2005-2007 Rodolfo Giometti <giometti@linux.it>"}
- {"dt": "2022-06-03T05:42:33.887992", "lvl": "target", "msg": "<6>[    6.429823] PTP clock support registered"}
- {"dt": "2022-06-03T05:42:36.586146", "lvl": "target", "msg": "<6>[    6.447957] Advanced Linux Sound Architecture Driver Initialized."}
- {"dt": "2022-06-03T05:42:36.586466", "lvl": "target", "msg": "<6>[    6.498403] NetLabel: Initializing"}
- {"dt": "2022-06-03T05:42:36.586630", "lvl": "target", "msg": "<6>[    6.498454] NetLabel:  domain hash size = 128"}
- {"dt": "2022-06-03T05:42:36.586746", "lvl": "target", "msg": "<6>[    6.498482] NetLabel:  protocols = UNLABELED CIPSOv4 CALIPSO"}
- {"dt": "2022-06-03T05:42:36.586859", "lvl": "target", "msg": "<6>[    6.507410] NetLabel:  unlabeled traffic allowed by default"}
- {"dt": "2022-06-03T05:42:36.587090", "lvl": "target", "msg": "<6>[    6.531565] nfc: nfc_init: NFC Core ver 0.1"}
- {"dt": "2022-06-03T05:42:36.587271", "lvl": "target", "msg": "<6>[    6.537406] NET: Registered PF_NFC protocol family"}
- {"dt": "2022-06-03T05:42:36.587382", "lvl": "target", "msg": "<6>[    6.537507] PCI: Using ACPI for IRQ routing"}
- {"dt": "2022-06-03T05:42:36.587486", "lvl": "target", "msg": "<7>[    6.621914] PCI: pci_cache_line_size set to 64 bytes"}
- {"dt": "2022-06-03T05:42:36.587599", "lvl": "target", "msg": "<7>[    6.624340] e820: reserve RAM buffer [mem 0x0009fc00-0x0009ffff]"}
- {"dt": "2022-06-03T05:42:36.587778", "lvl": "target", "msg": "<7>[    6.625552] e820: reserve RAM buffer [mem 0x3ffdf000-0x3fffffff]"}
- {"dt": "2022-06-03T05:42:36.587990", "lvl": "target", "msg": "<6>[    6.634047] pci 0000:00:01.0: vgaarb: setting as boot VGA device"}
- {"dt": "2022-06-03T05:42:36.588128", "lvl": "target", "msg": "<6>[    6.634047] pci 0000:00:01.0: vgaarb: bridge control possible"}
- {"dt": "2022-06-03T05:42:36.588256", "lvl": "target", "msg": "<6>[    6.634047] pci 0000:00:01.0: vgaarb: VGA device added: decodes=io+mem,owns=io+mem,locks=none"}
- {"dt": "2022-06-03T05:42:36.588386", "lvl": "target", "msg": "<6>[    6.635231] vgaarb: loaded"}
- {"dt": "2022-06-03T05:42:36.588514", "lvl": "target", "msg": "<6>[    6.641372] hpet: 3 channels of 0 reserved for per-cpu timers"}
- {"dt": "2022-06-03T05:42:36.588753", "lvl": "target", "msg": "<6>[    6.641886] hpet0: at MMIO 0xfed00000, IRQs 2, 8, 0"}
- {"dt": "2022-06-03T05:42:36.588968", "lvl": "target", "msg": "<6>[    6.644035] hpet0: 3 comparators, 64-bit 100.000000 MHz counter"}
- {"dt": "2022-06-03T05:42:36.589184", "lvl": "target", "msg": "<6>[    6.651785] clocksource: Switched to clocksource tsc-early"}
- {"dt": "2022-06-03T05:42:39.755725", "lvl": "target", "msg": "<5>[   13.919772] VFS: Disk quotas dquot_6.6.0"}
- {"dt": "2022-06-03T05:42:39.756168", "lvl": "target", "msg": "<6>[   13.928594] VFS: Dquot-cache hash table entries: 512 (order 0, 4096 bytes)"}
- {"dt": "2022-06-03T05:42:39.756437", "lvl": "target", "msg": "<6>[   13.964658] pnp: PnP ACPI init"}
- {"dt": "2022-06-03T05:42:39.756622", "lvl": "target", "msg": "<6>[   14.011489] system 00:05: [mem 0xb0000000-0xbfffffff window] has been reserved"}
- {"dt": "2022-06-03T05:42:39.756807", "lvl": "target", "msg": "<6>[   14.077378] pnp: PnP ACPI: found 6 devices"}
- {"dt": "2022-06-03T05:42:39.756988", "lvl": "target", "msg": "<6>[   14.427776] clocksource: acpi_pm: mask: 0xffffff max_cycles: 0xffffff, max_idle_ns: 2085701024 ns"}
- {"dt": "2022-06-03T05:42:39.757218", "lvl": "target", "msg": "<6>[   14.432717] NET: Registered PF_INET protocol family"}
- {"dt": "2022-06-03T05:42:39.757474", "lvl": "target", "msg": "<6>[   14.438818] IP idents hash table entries: 16384 (order: 5, 131072 bytes, linear)"}
- {"dt": "2022-06-03T05:42:39.757727", "lvl": "target", "msg": "<6>[   14.481372] tcp_listen_portaddr_hash hash table entries: 512 (order: 3, 36864 bytes, linear)"}
- {"dt": "2022-06-03T05:42:39.758025", "lvl": "target", "msg": "<6>[   14.503755] TCP established hash table entries: 8192 (order: 4, 65536 bytes, linear)"}
- {"dt": "2022-06-03T05:42:39.758286", "lvl": "target", "msg": "<6>[   14.506934] TCP bind bhash tables hash table entries: 8192 (order: 7, 655360 bytes, linear)"}
- {"dt": "2022-06-03T05:42:39.758549", "lvl": "target", "msg": "<6>[   14.518776] TCP: Hash tables configured (established 8192 bind 8192)"}
- {"dt": "2022-06-03T05:42:39.758808", "lvl": "target", "msg": "<6>[   14.543833] MPTCP token hash table entries: 1024 (order: 4, 90112 bytes, linear)"}
- {"dt": "2022-06-03T05:42:39.759071", "lvl": "target", "msg": "<6>[   14.560678] UDP hash table entries: 512 (order: 4, 81920 bytes, linear)"}
- {"dt": "2022-06-03T05:42:39.759337", "lvl": "target", "msg": "<6>[   14.562490] UDP-Lite hash table entries: 512 (order: 4, 81920 bytes, linear)"}
- {"dt": "2022-06-03T05:42:39.759606", "lvl": "target", "msg": "<6>[   14.575774] NET: Registered PF_UNIX/PF_LOCAL protocol family"}
- {"dt": "2022-06-03T05:42:39.759869", "lvl": "target", "msg": "<6>[   14.611825] RPC: Registered named UNIX socket transport module."}
- {"dt": "2022-06-03T05:42:39.760130", "lvl": "target", "msg": "<6>[   14.611945] RPC: Registered udp transport module."}
- {"dt": "2022-06-03T05:42:39.760394", "lvl": "target", "msg": "<6>[   14.611971] RPC: Registered tcp transport module."}
- {"dt": "2022-06-03T05:42:39.760668", "lvl": "target", "msg": "<6>[   14.611993] RPC: Registered tcp NFSv4.1 backchannel transport module."}
- {"dt": "2022-06-03T05:42:39.760867", "lvl": "target", "msg": "<6>[   14.692032] NET: Registered PF_XDP protocol family"}
- {"dt": "2022-06-03T05:42:39.761055", "lvl": "target", "msg": "<6>[   14.696610] pci_bus 0000:00: resource 4 [io  0x0000-0x0cf7 window]"}
- {"dt": "2022-06-03T05:42:39.761254", "lvl": "target", "msg": "<6>[   14.696672] pci_bus 0000:00: resource 5 [io  0x0d00-0xffff window]"}
- {"dt": "2022-06-03T05:42:39.761457", "lvl": "target", "msg": "<6>[   14.696694] pci_bus 0000:00: resource 6 [mem 0x000a0000-0x000bffff window]"}
- {"dt": "2022-06-03T05:42:39.761658", "lvl": "target", "msg": "<6>[   14.696717] pci_bus 0000:00: resource 7 [mem 0x40000000-0xafffffff window]"}
- {"dt": "2022-06-03T05:42:39.761880", "lvl": "target", "msg": "<6>[   14.696737] pci_bus 0000:00: resource 8 [mem 0xc0000000-0xfebfffff window]"}
- {"dt": "2022-06-03T05:42:43.514139", "lvl": "target", "msg": "<6>[   14.696757] pci_bus 0000:00: resource 9 [mem 0x100000000-0x8ffffffff window]"}
- {"dt": "2022-06-03T05:42:43.514937", "lvl": "target", "msg": "<6>[   14.709833] PCI: CLS 0 bytes, default 64"}
- {"dt": "2022-06-03T05:42:43.515486", "lvl": "target", "msg": "<3>[   14.718411] kvm: no hardware support for 'kvm_intel'"}
- {"dt": "2022-06-03T05:42:43.515931", "lvl": "target", "msg": "<6>[   14.718596] has_svm: not amd or hygon"}
- {"dt": "2022-06-03T05:42:43.516364", "lvl": "target", "msg": "<3>[   14.718645] kvm: no hardware support for 'kvm_amd'"}
- {"dt": "2022-06-03T05:42:43.516805", "lvl": "target", "msg": "<6>[   14.816009] CPU feature 'AVX registers' is not supported."}
- {"dt": "2022-06-03T05:42:43.517239", "lvl": "target", "msg": "<6>[   14.869345] cryptomgr_test (49) used greatest stack depth: 14536 bytes left"}
- {"dt": "2022-06-03T05:42:43.517777", "lvl": "target", "msg": "<6>[   14.897450] CPU feature 'AVX registers' is not supported."}
- {"dt": "2022-06-03T05:42:43.518212", "lvl": "target", "msg": "<6>[   14.897582] AVX2 instructions are not detected."}
- {"dt": "2022-06-03T05:42:43.518650", "lvl": "target", "msg": "<6>[   14.902045] AVX or AES-NI instructions are not detected."}
- {"dt": "2022-06-03T05:42:43.519086", "lvl": "target", "msg": "<6>[   14.904327] AVX2 or AES-NI instructions are not detected."}
- {"dt": "2022-06-03T05:42:43.519555", "lvl": "target", "msg": "<6>[   14.904789] CPU feature 'AVX registers' is not supported."}
- {"dt": "2022-06-03T05:42:43.520073", "lvl": "target", "msg": "<6>[   14.904878] CPU feature 'AVX registers' is not supported."}
- {"dt": "2022-06-03T05:42:43.520501", "lvl": "target", "msg": "<6>[   14.938770] PCLMULQDQ-NI instructions are not detected."}
- {"dt": "2022-06-03T05:42:43.520946", "lvl": "target", "msg": "<5>[   15.019371] Initialise system trusted keyrings"}
- {"dt": "2022-06-03T05:42:43.521377", "lvl": "target", "msg": "<6>[   15.066588] workingset: timestamp_bits=40 max_order=18 bucket_order=0"}
- {"dt": "2022-06-03T05:42:43.521829", "lvl": "target", "msg": "<6>[   15.743946] tsc: Refined TSC clocksource calibration: 3000.026 MHz"}
- {"dt": "2022-06-03T05:42:43.522299", "lvl": "target", "msg": "<6>[   15.758832] clocksource: tsc: mask: 0xffffffffffffffff max_cycles: 0x2b3e5dce503, max_idle_ns: 440795245211 ns"}
- {"dt": "2022-06-03T05:42:43.522781", "lvl": "target", "msg": "<6>[   15.770934] clocksource: Switched to clocksource tsc"}
- {"dt": "2022-06-03T05:42:43.523250", "lvl": "target", "msg": "<5>[   16.168798] NFS: Registering the id_resolver key type"}
- {"dt": "2022-06-03T05:42:43.523758", "lvl": "target", "msg": "<5>[   16.171507] Key type id_resolver registered"}
- {"dt": "2022-06-03T05:42:43.524222", "lvl": "target", "msg": "<5>[   16.171602] Key type id_legacy registered"}
- {"dt": "2022-06-03T05:42:43.524703", "lvl": "target", "msg": "<6>[   16.203398] 9p: Installing v9fs 9p2000 file system support"}
- {"dt": "2022-06-03T05:42:43.525169", "lvl": "target", "msg": "<6>[   16.355769] NET: Registered PF_ALG protocol family"}
- {"dt": "2022-06-03T05:42:43.525667", "lvl": "target", "msg": "<6>[   16.367447] xor: measuring software checksum speed"}
- {"dt": "2022-06-03T05:42:43.526149", "lvl": "target", "msg": "<6>[   16.386267]    prefetch64-sse  :   717 MB/sec"}
- {"dt": "2022-06-03T05:42:43.526636", "lvl": "target", "msg": "<6>[   16.400945]    generic_sse     :   721 MB/sec"}
- {"dt": "2022-06-03T05:42:43.527088", "lvl": "target", "msg": "<6>[   16.402049] xor: using function: generic_sse (721 MB/sec)"}
- {"dt": "2022-06-03T05:42:43.527536", "lvl": "target", "msg": "<5>[   16.402237] Key type asymmetric registered"}
- {"dt": "2022-06-03T05:42:43.528037", "lvl": "target", "msg": "<5>[   16.402276] Asymmetric key parser 'x509' registered"}
- {"dt": "2022-06-03T05:42:43.528485", "lvl": "target", "msg": "<6>[   16.405745] Block layer SCSI generic (bsg) driver version 0.4 loaded (major 247)"}
- {"dt": "2022-06-03T05:42:47.681019", "lvl": "target", "msg": "<6>[   16.408952] io scheduler mq-deadline registered"}
- {"dt": "2022-06-03T05:42:47.681266", "lvl": "target", "msg": "<6>[   16.409451] io scheduler kyber registered"}
- {"dt": "2022-06-03T05:42:47.682113", "lvl": "target", "msg": "<4>[   16.417702] test_firmware: interface ready"}
- {"dt": "2022-06-03T05:42:47.682296", "lvl": "target", "msg": "<7>[   16.527956] start plist test"}
- {"dt": "2022-06-03T05:42:47.682524", "lvl": "target", "msg": "<7>[   16.551131] end plist test"}
- {"dt": "2022-06-03T05:42:47.682709", "lvl": "target", "msg": "<6>[   16.574715] input: Power Button as /devices/LNXSYSTM:00/LNXPWRBN:00/input/input0"}
- {"dt": "2022-06-03T05:42:47.682880", "lvl": "target", "msg": "<6>[   16.593738] ACPI: button: Power Button [PWRF]"}
- {"dt": "2022-06-03T05:42:47.683350", "lvl": "target", "msg": "<6>[   16.669002] Serial: 8250/16550 driver, 4 ports, IRQ sharing enabled"}
- {"dt": "2022-06-03T05:42:47.683580", "lvl": "target", "msg": "<6>[   16.680638] 00:03: ttyS0 at I/O 0x3f8 (irq = 4, base_baud = 115200) is a 16550A"}
- {"dt": "2022-06-03T05:42:47.683893", "lvl": "target", "msg": "<6>[   16.900708] Non-volatile memory driver v1.3"}
- {"dt": "2022-06-03T05:42:47.684201", "lvl": "target", "msg": "<6>[   16.900852] Linux agpgart interface v0.103"}
- {"dt": "2022-06-03T05:42:47.684505", "lvl": "target", "msg": "<6>[   16.930782] ACPI: bus type drm_connector registered"}
- {"dt": "2022-06-03T05:42:47.684822", "lvl": "target", "msg": "<6>[   17.537993] loop: module loaded"}
- {"dt": "2022-06-03T05:42:47.685129", "lvl": "target", "msg": "<6>[   17.573425] lkdtm: No crash points registered, enable through debugfs"}
- {"dt": "2022-06-03T05:42:47.685438", "lvl": "target", "msg": "<7>[   17.639421] ahci 0000:00:1f.2: version 3.0"}
- {"dt": "2022-06-03T05:42:47.685783", "lvl": "target", "msg": "<6>[   17.825792] ACPI: \\_SB_.GSIA: Enabled at IRQ 16"}
- {"dt": "2022-06-03T05:42:47.685906", "lvl": "target", "msg": "<6>[   17.862461] ahci 0000:00:1f.2: AHCI 0001.0000 32 slots 6 ports 1.5 Gbps 0x3f impl SATA mode"}
- {"dt": "2022-06-03T05:42:47.686008", "lvl": "target", "msg": "<6>[   17.862718] ahci 0000:00:1f.2: flags: 64bit ncq only "}
- {"dt": "2022-06-03T05:42:47.686105", "lvl": "target", "msg": "<6>[   18.059572] scsi host0: ahci"}
- {"dt": "2022-06-03T05:42:47.686199", "lvl": "target", "msg": "<6>[   18.155902] scsi host1: ahci"}
- {"dt": "2022-06-03T05:42:47.686293", "lvl": "target", "msg": "<6>[   18.185650] scsi host2: ahci"}
- {"dt": "2022-06-03T05:42:47.686389", "lvl": "target", "msg": "<6>[   18.219885] scsi host3: ahci"}
- {"dt": "2022-06-03T05:42:47.686484", "lvl": "target", "msg": "<6>[   18.256637] scsi host4: ahci"}
- {"dt": "2022-06-03T05:42:47.686580", "lvl": "target", "msg": "<6>[   18.296545] scsi host5: ahci"}
- {"dt": "2022-06-03T05:42:47.686673", "lvl": "target", "msg": "<6>[   18.307681] ata1: SATA max UDMA/133 abar m4096@0xfebf1000 port 0xfebf1100 irq 24"}
- {"dt": "2022-06-03T05:42:47.686769", "lvl": "target", "msg": "<6>[   18.307862] ata2: SATA max UDMA/133 abar m4096@0xfebf1000 port 0xfebf1180 irq 24"}
- {"dt": "2022-06-03T05:42:47.686870", "lvl": "target", "msg": "<6>[   18.307881] ata3: SATA max UDMA/133 abar m4096@0xfebf1000 port 0xfebf1200 irq 24"}
- {"dt": "2022-06-03T05:42:47.686970", "lvl": "target", "msg": "<6>[   18.307896] ata4: SATA max UDMA/133 abar m4096@0xfebf1000 port 0xfebf1280 irq 24"}
- {"dt": "2022-06-03T05:42:47.688120", "lvl": "target", "msg": "<6>[   18.307910] ata5: SATA max UDMA/133 abar m4096@0xfebf1000 port 0xfebf1300 irq 24"}
- {"dt": "2022-06-03T05:42:47.688264", "lvl": "target", "msg": "<6>[   18.307924] ata6: SATA max UDMA/133 abar m4096@0xfebf1000 port 0xfebf1380 irq 24"}
- {"dt": "2022-06-03T05:42:47.688389", "lvl": "target", "msg": "<6>[   18.467675] e100: Intel(R) PRO/100 Network Driver"}
- {"dt": "2022-06-03T05:42:47.688508", "lvl": "target", "msg": "<6>[   18.467727] e100: Copyright(c) 1999-2006 Intel Corporation"}
- {"dt": "2022-06-03T05:42:50.643082", "lvl": "target", "msg": "<6>[   18.484813] e1000: Intel(R) PRO/1000 Network Driver"}
- {"dt": "2022-06-03T05:42:50.643329", "lvl": "target", "msg": "<6>[   18.484854] e1000: Copyright (c) 1999-2006 Intel Corporation."}
- {"dt": "2022-06-03T05:42:50.643449", "lvl": "target", "msg": "<6>[   18.487876] e1000e: Intel(R) PRO/1000 Network Driver"}
- {"dt": "2022-06-03T05:42:50.643558", "lvl": "target", "msg": "<6>[   18.487906] e1000e: Copyright(c) 1999 - 2015 Intel Corporation."}
- {"dt": "2022-06-03T05:42:50.643670", "lvl": "target", "msg": "<6>[   18.490464] igb: Intel(R) Gigabit Ethernet Network Driver"}
- {"dt": "2022-06-03T05:42:50.643782", "lvl": "target", "msg": "<6>[   18.490493] igb: Copyright (c) 2007-2014 Intel Corporation."}
- {"dt": "2022-06-03T05:42:50.643886", "lvl": "target", "msg": "<6>[   18.496634] sky2: driver version 1.30"}
- {"dt": "2022-06-03T05:42:50.643991", "lvl": "target", "msg": "<6>[   18.499161] QLogic FastLinQ 4xxxx Core Module qed"}
- {"dt": "2022-06-03T05:42:50.644102", "lvl": "target", "msg": "<6>[   18.499161] qede init: QLogic FastLinQ 4xxxx Ethernet Driver qede"}
- {"dt": "2022-06-03T05:42:50.644211", "lvl": "target", "msg": "<6>[   18.510619] usbcore: registered new interface driver asix"}
- {"dt": "2022-06-03T05:42:50.644309", "lvl": "target", "msg": "<6>[   18.519679] usbcore: registered new interface driver ax88179_178a"}
- {"dt": "2022-06-03T05:42:50.644408", "lvl": "target", "msg": "<6>[   18.520158] usbcore: registered new interface driver cdc_ether"}
- {"dt": "2022-06-03T05:42:50.644522", "lvl": "target", "msg": "<6>[   18.520158] usbcore: registered new interface driver net1080"}
- {"dt": "2022-06-03T05:42:50.644659", "lvl": "target", "msg": "<6>[   18.520158] usbcore: registered new interface driver cdc_subset"}
- {"dt": "2022-06-03T05:42:50.644780", "lvl": "target", "msg": "<6>[   18.520158] usbcore: registered new interface driver zaurus"}
- {"dt": "2022-06-03T05:42:50.644901", "lvl": "target", "msg": "<6>[   18.520158] usbcore: registered new interface driver cdc_ncm"}
- {"dt": "2022-06-03T05:42:50.645023", "lvl": "target", "msg": "<6>[   18.543151] ehci_hcd: USB 2.0 'Enhanced' Host Controller (EHCI) Driver"}
- {"dt": "2022-06-03T05:42:50.645145", "lvl": "target", "msg": "<6>[   18.543151] ehci-pci: EHCI PCI platform driver"}
- {"dt": "2022-06-03T05:42:50.645265", "lvl": "target", "msg": "<6>[   18.561446] ohci_hcd: USB 1.1 'Open' Host Controller (OHCI) Driver"}
- {"dt": "2022-06-03T05:42:50.645379", "lvl": "target", "msg": "<6>[   18.561935] ohci-pci: OHCI PCI platform driver"}
- {"dt": "2022-06-03T05:42:50.645493", "lvl": "target", "msg": "<6>[   18.568791] uhci_hcd: USB Universal Host Controller Interface driver"}
- {"dt": "2022-06-03T05:42:50.645608", "lvl": "target", "msg": "<6>[   18.599867] usbcore: registered new interface driver usblp"}
- {"dt": "2022-06-03T05:42:50.645724", "lvl": "target", "msg": "<6>[   18.616860] usbcore: registered new interface driver usb-storage"}
- {"dt": "2022-06-03T05:42:50.645864", "lvl": "target", "msg": "<6>[   18.623030] i8042: PNP: PS/2 Controller [PNP0303:KBD,PNP0f13:MOU] at 0x60,0x64 irq 1,12"}
- {"dt": "2022-06-03T05:42:50.645984", "lvl": "target", "msg": "<6>[   18.643296] ata2: SATA link down (SStatus 0 SControl 300)"}
- {"dt": "2022-06-03T05:42:50.646103", "lvl": "target", "msg": "<6>[   18.648754] ata3: SATA link up 1.5 Gbps (SStatus 113 SControl 300)"}
- {"dt": "2022-06-03T05:42:50.646224", "lvl": "target", "msg": "<6>[   18.659673] ata5: SATA link down (SStatus 0 SControl 300)"}
- {"dt": "2022-06-03T05:42:50.646346", "lvl": "target", "msg": "<6>[   18.661376] ata1: SATA link up 1.5 Gbps (SStatus 113 SControl 300)"}
- {"dt": "2022-06-03T05:42:50.646466", "lvl": "target", "msg": "<6>[   18.662403] ata4: SATA link down (SStatus 0 SControl 300)"}
- {"dt": "2022-06-03T05:42:54.045412", "lvl": "target", "msg": "<6>[   18.669402] ata1.00: ATA-7: QEMU HARDDISK, 2.5+, max UDMA/100"}
- {"dt": "2022-06-03T05:42:54.045663", "lvl": "target", "msg": "<6>[   18.669740] ata1.00: 5925912 sectors, multi 16: LBA48 NCQ (depth 32)"}
- {"dt": "2022-06-03T05:42:54.046434", "lvl": "target", "msg": "<6>[   18.670065] ata1.00: applying bridge limits"}
- {"dt": "2022-06-03T05:42:54.046612", "lvl": "target", "msg": "<6>[   18.672622] serio: i8042 KBD port at 0x60,0x64 irq 1"}
- {"dt": "2022-06-03T05:42:54.046921", "lvl": "target", "msg": "<6>[   18.674286] serio: i8042 AUX port at 0x60,0x64 irq 12"}
- {"dt": "2022-06-03T05:42:54.047226", "lvl": "target", "msg": "<6>[   18.677064] ata1.00: configured for UDMA/100"}
- {"dt": "2022-06-03T05:42:54.047533", "lvl": "target", "msg": "<6>[   18.686615] ata6: SATA link down (SStatus 0 SControl 300)"}
- {"dt": "2022-06-03T05:42:54.047835", "lvl": "target", "msg": "<6>[   18.704595] ata3.00: ATAPI: QEMU DVD-ROM, 2.5+, max UDMA/100"}
- {"dt": "2022-06-03T05:42:54.048139", "lvl": "target", "msg": "<6>[   18.704676] ata3.00: applying bridge limits"}
- {"dt": "2022-06-03T05:42:54.048434", "lvl": "target", "msg": "<6>[   18.715856] ata3.00: configured for UDMA/100"}
- {"dt": "2022-06-03T05:42:54.048738", "lvl": "target", "msg": "<5>[   18.746645] scsi 0:0:0:0: Direct-Access     ATA      QEMU HARDDISK    2.5+ PQ: 0 ANSI: 5"}
- {"dt": "2022-06-03T05:42:54.049042", "lvl": "target", "msg": "<6>[   18.860407] rtc_cmos 00:04: RTC can wake from S4"}
- {"dt": "2022-06-03T05:42:54.049343", "lvl": "target", "msg": "<5>[   18.868996] sd 0:0:0:0: [sda] 5925912 512-byte logical blocks: (3.03 GB/2.83 GiB)"}
- {"dt": "2022-06-03T05:42:54.049638", "lvl": "target", "msg": "<6>[   18.873400] input: AT Translated Set 2 keyboard as /devices/platform/i8042/serio0/input/input1"}
- {"dt": "2022-06-03T05:42:54.049960", "lvl": "target", "msg": "<5>[   18.873622] sd 0:0:0:0: Attached scsi generic sg0 type 0"}
- {"dt": "2022-06-03T05:42:54.050266", "lvl": "target", "msg": "<5>[   18.881771] sd 0:0:0:0: [sda] Write Protect is off"}
- {"dt": "2022-06-03T05:42:54.050571", "lvl": "target", "msg": "<7>[   18.881976] sd 0:0:0:0: [sda] Mode Sense: 00 3a 00 00"}
- {"dt": "2022-06-03T05:42:54.050880", "lvl": "target", "msg": "<5>[   18.886436] sd 0:0:0:0: [sda] Write cache: enabled, read cache: enabled, doesn't support DPO or FUA"}
- {"dt": "2022-06-03T05:42:54.051177", "lvl": "target", "msg": "<6>[   18.897458] sd 0:0:0:0: [sda] Preferred minimum I/O size 512 bytes"}
- {"dt": "2022-06-03T05:42:54.051477", "lvl": "target", "msg": "<5>[   18.913009] scsi 2:0:0:0: CD-ROM            QEMU     QEMU DVD-ROM     2.5+ PQ: 0 ANSI: 5"}
- {"dt": "2022-06-03T05:42:54.051779", "lvl": "target", "msg": "<6>[   18.987822] rtc_cmos 00:04: registered as rtc0"}
- {"dt": "2022-06-03T05:42:54.052089", "lvl": "target", "msg": "<6>[   19.023560] rtc_cmos 00:04: alarms up to one day, y3k, 242 bytes nvram, hpet irqs"}
- {"dt": "2022-06-03T05:42:54.052390", "lvl": "target", "msg": "<5>[   19.048035] sd 0:0:0:0: [sda] Attached SCSI disk"}
- {"dt": "2022-06-03T05:42:54.052697", "lvl": "target", "msg": "<6>[   19.124672] sr 2:0:0:0: [sr0] scsi3-mmc drive: 4x/4x cd/rw xa/form2 tray"}
- {"dt": "2022-06-03T05:42:54.052995", "lvl": "target", "msg": "<6>[   19.126848] cdrom: Uniform CD-ROM driver Revision: 3.20"}
- {"dt": "2022-06-03T05:42:54.053304", "lvl": "target", "msg": "<7>[   19.265268] sr 2:0:0:0: Attached scsi CD-ROM sr0"}
- {"dt": "2022-06-03T05:42:54.053600", "lvl": "target", "msg": "<5>[   19.270286] sr 2:0:0:0: Attached scsi generic sg1 type 5"}
- {"dt": "2022-06-03T05:42:54.053912", "lvl": "target", "msg": "<6>[   19.333921] i801_smbus 0000:00:1f.3: SMBus using PCI interrupt"}
- {"dt": "2022-06-03T05:42:54.054208", "lvl": "target", "msg": "<6>[   19.359709] i2c i2c-0: 1/1 memory slots populated (from DMI)"}
- {"dt": "2022-06-03T05:42:58.604632", "lvl": "target", "msg": "<6>[   19.359808] i2c i2c-0: Memory type 0x07 not supported yet, not instantiating SPD"}
- {"dt": "2022-06-03T05:42:58.606164", "lvl": "target", "msg": "<3>[   19.383888] fail to initialize ptp_kvm"}
- {"dt": "2022-06-03T05:42:58.606912", "lvl": "target", "msg": "<4>[   19.383980] device-mapper: core: CONFIG_IMA_DISABLE_HTABLE is disabled. Duplicate IMA measurements will not be recorded in the IMA log."}
- {"dt": "2022-06-03T05:42:58.607549", "lvl": "target", "msg": "<6>[   19.454786] device-mapper: ioctl: 4.46.0-ioctl (2022-02-22) initialised: dm-devel@redhat.com"}
- {"dt": "2022-06-03T05:42:58.607728", "lvl": "target", "msg": "<6>[   19.456336] intel_pstate: CPU model not supported"}
- {"dt": "2022-06-03T05:42:58.607955", "lvl": "target", "msg": "<6>[   19.609780] kworker/u4:5 (76) used greatest stack depth: 13464 bytes left"}
- {"dt": "2022-06-03T05:42:58.608151", "lvl": "target", "msg": "<6>[   19.778622] hid: raw HID events driver (C) Jiri Kosina"}
- {"dt": "2022-06-03T05:42:58.608345", "lvl": "target", "msg": "<6>[   19.798430] input: ImExPS/2 Generic Explorer Mouse as /devices/platform/i8042/serio1/input/input3"}
- {"dt": "2022-06-03T05:42:58.608550", "lvl": "target", "msg": "<6>[   19.859593] usbcore: registered new interface driver usbhid"}
- {"dt": "2022-06-03T05:42:58.608746", "lvl": "target", "msg": "<6>[   19.859672] usbhid: USB HID core driver"}
- {"dt": "2022-06-03T05:42:58.608936", "lvl": "target", "msg": "<6>[   20.010409] ipip: IPv4 and MPLS over IPv4 tunneling driver"}
- {"dt": "2022-06-03T05:42:58.609134", "lvl": "target", "msg": "<6>[   20.047159] gre: GRE over IPv4 demultiplexor driver"}
- {"dt": "2022-06-03T05:42:58.609329", "lvl": "target", "msg": "<6>[   20.047159] ip_gre: GRE over IPv4 tunneling driver"}
- {"dt": "2022-06-03T05:42:58.609521", "lvl": "target", "msg": "<6>[   20.133912] IPv4 over IPsec tunneling driver"}
- {"dt": "2022-06-03T05:42:58.609719", "lvl": "target", "msg": "<6>[   20.160169] Initializing XFRM netlink socket"}
- {"dt": "2022-06-03T05:42:58.609934", "lvl": "target", "msg": "<6>[   20.235795] NET: Registered PF_INET6 protocol family"}
- {"dt": "2022-06-03T05:42:58.610124", "lvl": "target", "msg": "<6>[   20.365439] Segment Routing with IPv6"}
- {"dt": "2022-06-03T05:42:58.610320", "lvl": "target", "msg": "<6>[   20.375309] In-situ OAM (IOAM) with IPv6"}
- {"dt": "2022-06-03T05:42:58.610511", "lvl": "target", "msg": "<6>[   20.466423] ip6_gre: GRE over IPv6 tunneling driver"}
- {"dt": "2022-06-03T05:42:58.610700", "lvl": "target", "msg": "<6>[   20.520382] NET: Registered PF_PACKET protocol family"}
- {"dt": "2022-06-03T05:42:58.610895", "lvl": "target", "msg": "<6>[   20.562623] 8021q: 802.1Q VLAN Support v1.8"}
- {"dt": "2022-06-03T05:42:58.611088", "lvl": "target", "msg": "<6>[   20.573728] 9pnet: Installing 9P2000 support"}
- {"dt": "2022-06-03T05:42:58.613351", "lvl": "target", "msg": "<5>[   20.586907] Key type dns_resolver registered"}
- {"dt": "2022-06-03T05:42:58.613519", "lvl": "target", "msg": "<6>[   20.643682] IPI shorthand broadcast: enabled"}
- {"dt": "2022-06-03T05:42:58.614107", "lvl": "target", "msg": "<6>[   20.657537] sched_clock: Marking stable (20555474299, 101679599)->(21269920151, -612766253)"}
- {"dt": "2022-06-03T05:42:58.614682", "lvl": "target", "msg": "<6>[   20.723486] registered taskstats version 1"}
- {"dt": "2022-06-03T05:42:58.615243", "lvl": "target", "msg": "<5>[   20.724955] Loading compiled-in X.509 certificates"}
- {"dt": "2022-06-03T05:42:58.615794", "lvl": "target", "msg": "<6>[   20.811887] ima: No TPM chip found, activating TPM-bypass!"}
- {"dt": "2022-06-03T05:42:58.616342", "lvl": "target", "msg": "<6>[   20.836533] ima: Allocated hash algorithm: sha1"}
- {"dt": "2022-06-03T05:42:58.616904", "lvl": "target", "msg": "<6>[   20.850010] ima: No architecture policies found"}
- {"dt": "2022-06-03T05:43:07.441846", "lvl": "target", "msg": "<6>[   22.726700] PM:   Magic number: 10:436:718"}
- {"dt": "2022-06-03T05:43:07.442093", "lvl": "target", "msg": "<6>[   22.768523] printk: console [netcon0] printing thread started"}
- {"dt": "2022-06-03T05:43:07.443729", "lvl": "target", "msg": "<6>[   22.769446] printk: console [netcon0] enabled"}
- {"dt": "2022-06-03T05:43:07.444355", "lvl": "target", "msg": "<6>[   22.769488] netconsole: network logging started"}
- {"dt": "2022-06-03T05:43:07.445007", "lvl": "target", "msg": "<5>[   22.819009] cfg80211: Loading compiled-in X.509 certificates for regulatory database"}
- {"dt": "2022-06-03T05:43:07.445574", "lvl": "target", "msg": "<5>[   23.098990] cfg80211: Loaded X.509 cert 'sforshee: 00b28ddf47aef9cea7'"}
- {"dt": "2022-06-03T05:43:07.446168", "lvl": "target", "msg": "<4>[   23.172497] platform regulatory.0: Direct firmware load for regulatory.db failed with error -2"}
- {"dt": "2022-06-03T05:43:07.446734", "lvl": "target", "msg": "<6>[   23.174809] cfg80211: failed to load regulatory.db"}
- {"dt": "2022-06-03T05:43:07.447287", "lvl": "target", "msg": "<6>[   23.214831] ALSA device list:"}
- {"dt": "2022-06-03T05:43:07.447849", "lvl": "target", "msg": "<6>[   23.215819]   No soundcards found."}
- {"dt": "2022-06-03T05:43:07.448406", "lvl": "target", "msg": "<6>[   32.962922] md: Waiting for all devices to be available before autodetect"}
- {"dt": "2022-06-03T05:43:07.448974", "lvl": "target", "msg": "<6>[   32.962975] md: If you don't use raid, use raid=noautodetect"}
- {"dt": "2022-06-03T05:43:07.449538", "lvl": "target", "msg": "<6>[   32.963823] md: Autodetecting RAID arrays."}
- {"dt": "2022-06-03T05:43:07.450133", "lvl": "target", "msg": "<6>[   32.964177] md: autorun ..."}
- {"dt": "2022-06-03T05:43:07.450738", "lvl": "target", "msg": "<6>[   32.964229] md: ... autorun DONE."}
- {"dt": "2022-06-03T05:43:07.451342", "lvl": "target", "msg": "<6>[   33.332452] EXT4-fs (sda): mounted filesystem with ordered data mode. Quota mode: none."}
- {"dt": "2022-06-03T05:43:07.451950", "lvl": "target", "msg": "<6>[   33.336649] VFS: Mounted root (ext4 filesystem) readonly on device 8:0."}
- {"dt": "2022-06-03T05:43:07.452567", "lvl": "target", "msg": "<6>[   33.375570] devtmpfs: mounted"}
- {"dt": "2022-06-03T05:43:07.453172", "lvl": "target", "msg": "<6>[   33.945877] Freeing unused kernel image (initmem) memory: 1900K"}
- {"dt": "2022-06-03T05:43:07.453798", "lvl": "target", "msg": "<6>[   33.961891] Write protecting the kernel read-only data: 34816k"}
- {"dt": "2022-06-03T05:43:07.454410", "lvl": "target", "msg": "<6>[   33.998870] Freeing unused kernel image (text/rodata gap) memory: 2032K"}
- {"dt": "2022-06-03T05:43:07.455015", "lvl": "target", "msg": "<6>[   34.023848] Freeing unused kernel image (rodata/data gap) memory: 652K"}
- {"dt": "2022-06-03T05:43:07.455627", "lvl": "target", "msg": "<6>[   34.052584] Run /sbin/init as init process"}
- {"dt": "2022-06-03T05:43:07.456272", "lvl": "target", "msg": "<7>[   34.052765]   with arguments:"}
- {"dt": "2022-06-03T05:43:07.456892", "lvl": "target", "msg": "<7>[   34.052825]     /sbin/init"}
- {"dt": "2022-06-03T05:43:07.457496", "lvl": "target", "msg": "<7>[   34.052855]     verbose"}
- {"dt": "2022-06-03T05:43:07.458130", "lvl": "target", "msg": "<7>[   34.052876]   with environment:"}
- {"dt": "2022-06-03T05:43:07.458733", "lvl": "target", "msg": "<7>[   34.052902]     HOME=/"}
- {"dt": "2022-06-03T05:43:07.459343", "lvl": "target", "msg": "<7>[   34.052927]     TERM=linux"}
- {"dt": "2022-06-03T05:43:07.459941", "lvl": "target", "msg": "<5>[   35.147911] random: crng init done"}
- {"dt": "2022-06-03T05:43:07.460546", "lvl": "target", "msg": "<30>[   37.337987] systemd[1]: systemd 237 running in system mode. (+PAM -AUDIT -SELINUX +IMA -APPARMOR +SMACK +SYSVINIT +UTMP -LIBCRYPTSETUP -GCRYPT -GNUTLS +ACL +XZ -LZ4 -SECCOMP +BLKID -ELFUTILS +KMOD -IDN2 -IDN -PCRE2 default-hierarchy=hybrid)"}
- {"dt": "2022-06-03T05:43:16.788615", "lvl": "target", "msg": "<31>[   37.355695] systemd[1]: Virtualization QEMU found in DMI (/sys/class/dmi/id/sys_vendor)"}
- {"dt": "2022-06-03T05:43:16.788941", "lvl": "target", "msg": "<31>[   37.356764] systemd[1]: Virtualization found, CPUID=TCGTCGTCGTCG"}
- {"dt": "2022-06-03T05:43:16.789104", "lvl": "target", "msg": "<31>[   37.359656] systemd[1]: Found VM virtualization qemu"}
- {"dt": "2022-06-03T05:43:16.789221", "lvl": "target", "msg": "<30>[   37.360656] systemd[1]: Detected virtualization qemu."}
- {"dt": "2022-06-03T05:43:16.789332", "lvl": "target", "msg": "<30>[   37.362889] systemd[1]: Detected architecture x86-64."}
- {"dt": "2022-06-03T05:43:16.789438", "lvl": "target", "msg": "<31>[   37.393579] systemd[1]: Mounting cgroup to /sys/fs/cgroup/net_cls,net_prio of type cgroup with options net_cls,net_prio."}
- {"dt": "2022-06-03T05:43:16.789539", "lvl": "target", "msg": "<31>[   37.427540] systemd[1]: Mounting cgroup to /sys/fs/cgroup/cpu,cpuacct of type cgroup with options cpu,cpuacct."}
- {"dt": "2022-06-03T05:43:16.789650", "lvl": "target", "msg": "<31>[   37.458358] systemd[1]: Mounting cgroup to /sys/fs/cgroup/freezer of type cgroup with options freezer."}
- {"dt": "2022-06-03T05:43:16.789795", "lvl": "target", "msg": "<31>[   37.479993] systemd[1]: Mounting cgroup to /sys/fs/cgroup/debug of type cgroup with options debug."}
- {"dt": "2022-06-03T05:43:16.789912", "lvl": "target", "msg": ""}
- {"dt": "2022-06-03T05:43:16.790015", "lvl": "target", "msg": "Welcome to [1mLinux-Kernel-Functional-Testing 2.5+linaro[0m!"}
- {"dt": "2022-06-03T05:43:16.790119", "lvl": "target", "msg": ""}
- {"dt": "2022-06-03T05:43:16.790231", "lvl": "target", "msg": "<6>[   41.701892] systemd-debug-g (206) used greatest stack depth: 12728 bytes left"}
- {"dt": "2022-06-03T05:43:16.790351", "lvl": "target", "msg": "<31>[   41.852009] systemd-getty-generator[208]: Automatically adding serial getty for /dev/ttyS0."}
- {"dt": "2022-06-03T05:43:16.790469", "lvl": "target", "msg": "<31>[   41.945645] systemd-fstab-generator[207]: Parsing /etc/fstab"}
- {"dt": "2022-06-03T05:43:16.790588", "lvl": "target", "msg": "<31>[   42.083468] systemd-fstab-generator[207]: Found entry what=/dev/root where=/ type=auto makefs=no nofail=no noauto=no"}
- {"dt": "2022-06-03T05:43:16.790712", "lvl": "target", "msg": "<6>[   42.144961] systemd-hiberna (210) used greatest stack depth: 12664 bytes left"}
- {"dt": "2022-06-03T05:43:16.790834", "lvl": "target", "msg": "<31>[   42.338071] systemd-fstab-generator[207]: Found entry what=proc where=/proc type=proc makefs=no nofail=no noauto=no"}
- {"dt": "2022-06-03T05:43:16.790959", "lvl": "target", "msg": "<31>[   42.370758] systemd-fstab-generator[207]: Found entry what=devpts where=/dev/pts type=devpts makefs=no nofail=no noauto=no"}
- {"dt": "2022-06-03T05:43:16.791080", "lvl": "target", "msg": "<31>[   42.402552] systemd-fstab-generator[207]: Found entry what=tmpfs where=/run type=tmpfs makefs=no nofail=no noauto=no"}
- {"dt": "2022-06-03T05:43:16.791197", "lvl": "target", "msg": "<31>[   42.485951] systemd-fstab-generator[207]: Found entry what=tmpfs where=/var/volatile type=tmpfs makefs=no nofail=no noauto=no"}
- {"dt": "2022-06-03T05:43:16.791315", "lvl": "target", "msg": "<31>[   42.717506] systemd-gpt-auto-generator[209]: /dev/sda: parent isn't a raw disk, ignoring."}
- {"dt": "2022-06-03T05:43:30.392699", "lvl": "target", "msg": "<6>[   42.805448] systemd-rc-loca (211) used greatest stack depth: 12648 bytes left"}
- {"dt": "2022-06-03T05:43:30.393027", "lvl": "target", "msg": "<6>[   42.834522] systemd-gpt-aut (209) used greatest stack depth: 12632 bytes left"}
- {"dt": "2022-06-03T05:43:30.396659", "lvl": "target", "msg": "<31>[   42.847927] systemd[205]: /lib/systemd/system-generators/systemd-gpt-auto-generator succeeded."}
- {"dt": "2022-06-03T05:43:30.397654", "lvl": "target", "msg": "<31>[   42.880374] systemd-sysv-generator[213]: Cannot find unit lms8.service."}
- {"dt": "2022-06-03T05:43:30.398644", "lvl": "target", "msg": "<31>[   42.979557] systemd-sysv-generator[213]: Native unit for psplash.service already exists, skipping."}
- {"dt": "2022-06-03T05:43:30.399644", "lvl": "target", "msg": "<31>[   42.996790] systemd-sysv-generator[213]: Loading SysV script /etc/init.d/lms8"}
- {"dt": "2022-06-03T05:43:30.400299", "lvl": "target", "msg": "<31>[   43.015111] systemd-sysv-generator[213]: Adding Provides: alias 'lms.service' for 'lms8.service'"}
- {"dt": "2022-06-03T05:43:30.401656", "lvl": "target", "msg": "<6>[   43.015551] systemd-system- (212) used greatest stack depth: 12408 bytes left"}
- {"dt": "2022-06-03T05:43:30.402280", "lvl": "target", "msg": "<6>[   43.070750] systemd-sysv-ge (213) used greatest stack depth: 12376 bytes left"}
- {"dt": "2022-06-03T05:43:30.402893", "lvl": "target", "msg": "<31>[   43.075911] systemd[205]: /lib/systemd/system-generators/systemd-sysv-generator succeeded."}
- {"dt": "2022-06-03T05:43:30.403488", "lvl": "target", "msg": "<31>[   43.079043] systemd[205]: /lib/systemd/system-generators/systemd-system-update-generator succeeded."}
- {"dt": "2022-06-03T05:43:30.405196", "lvl": "target", "msg": "<31>[   43.088900] systemd[205]: /lib/systemd/system-generators/systemd-getty-generator succeeded."}
- {"dt": "2022-06-03T05:43:30.405827", "lvl": "target", "msg": "<31>[   43.090681] systemd[205]: /lib/systemd/system-generators/systemd-fstab-generator succeeded."}
- {"dt": "2022-06-03T05:43:30.406440", "lvl": "target", "msg": "<31>[   43.094562] systemd[205]: /lib/systemd/system-generators/systemd-debug-generator succeeded."}
- {"dt": "2022-06-03T05:43:30.407039", "lvl": "target", "msg": "<31>[   43.096982] systemd[205]: /lib/systemd/system-generators/systemd-rc-local-generator succeeded."}
- {"dt": "2022-06-03T05:43:30.407658", "lvl": "target", "msg": "<31>[   43.103651] systemd[205]: /lib/systemd/system-generators/systemd-hibernate-resume-generator succeeded."}
- {"dt": "2022-06-03T05:43:30.408326", "lvl": "target", "msg": "<31>[   43.199285] systemd[1]: (sd-executor) succeeded."}
- {"dt": "2022-06-03T05:43:30.409655", "lvl": "target", "msg": "<31>[   43.263949] systemd[1]: Looking for unit files in (higher priority first):"}
- {"dt": "2022-06-03T05:43:30.410274", "lvl": "target", "msg": "<31>[   47.942655] systemd[1]: run-systemd-initctl.mount: Failed to load configuration: No such file or directory"}
- {"dt": "2022-06-03T05:43:30.410882", "lvl": "target", "msg": "<31>[   47.946474] systemd[1]: run-systemd-initctl-fifo.mount: Failed to load configuration: No such file or directory"}
- {"dt": "2022-06-03T05:43:44.525889", "lvl": "target", "msg": "<31>[   47.964443] systemd[1]: /lib/systemd/system/systemd-initctl.service:18: Support for option SystemCallArchitectures= has been disabled at compile time and it is ignored"}
- {"dt": "2022-06-03T05:43:44.526723", "lvl": "target", "msg": "<31>[   47.998180] systemd[1]: sshd.service: Failed to load configuration: No such file or directory"}
- {"dt": "2022-06-03T05:43:44.527252", "lvl": "target", "msg": "<31>[   48.027818] systemd[1]: var-run-rpcbind.sock.mount: Failed to load configuration: No such file or directory"}
- {"dt": "2022-06-03T05:43:44.527771", "lvl": "target", "msg": "<31>[   48.260022] systemd[1]: dev-root.mount: Failed to load configuration: No such file or directory"}
- {"dt": "2022-06-03T05:43:44.528228", "lvl": "target", "msg": "<31>[   48.287842] systemd[1]: etc.mount: Failed to load configuration: No such file or directory"}
- {"dt": "2022-06-03T05:43:44.528696", "lvl": "target", "msg": "<31>[   48.318446] systemd[1]: Using notification socket /run/systemd/notify"}
- {"dt": "2022-06-03T05:43:44.529151", "lvl": "target", "msg": "<31>[   48.347264] systemd[1]: Successfully created private D-Bus server."}
- {"dt": "2022-06-03T05:43:44.529601", "lvl": "target", "msg": "<31>[   48.348754] systemd[1]: -.slice changed dead -> active"}
- {"dt": "2022-06-03T05:43:44.530070", "lvl": "target", "msg": "[[0;32m  OK  [0m] Reached target Swap."}
- {"dt": "2022-06-03T05:43:44.530523", "lvl": "target", "msg": "[[0;32m  OK  [0m] Started Forward Password Requests to Wall Directory Watch."}
- {"dt": "2022-06-03T05:43:44.530967", "lvl": "target", "msg": "[[0;32m  OK  [0m] Created slice System Slice."}
- {"dt": "2022-06-03T05:43:44.531416", "lvl": "target", "msg": "[[0;32m  OK  [0m] Created slice system-getty.slice."}
- {"dt": "2022-06-03T05:43:44.531862", "lvl": "target", "msg": "[[0;32m  OK  [0m] Listening on udev Kernel Socket."}
- {"dt": "2022-06-03T05:43:44.532305", "lvl": "target", "msg": "[[0;32m  OK  [0m] Listening on Journal Socket."}
- {"dt": "2022-06-03T05:43:44.532761", "lvl": "target", "msg": "         Mounting POSIX Message Queue File System..."}
- {"dt": "2022-06-03T05:43:44.533207", "lvl": "target", "msg": "[[0;32m  OK  [0m] Created slice system-serial\\x2dgetty.slice."}
- {"dt": "2022-06-03T05:43:44.533654", "lvl": "target", "msg": "         Starting File System Check on Root Device..."}
- {"dt": "2022-06-03T05:43:44.534117", "lvl": "target", "msg": "<6>[   50.471402] mount (214) used greatest stack depth: 12088 bytes left"}
- {"dt": "2022-06-03T05:43:44.534561", "lvl": "target", "msg": "[[0;32m  OK  [0m] Created slice User and Session Slice."}
- {"dt": "2022-06-03T05:43:44.535007", "lvl": "target", "msg": "[[0;32m  OK  [0m] Started Dispatch Password Requests to Console Directory Watch."}
- {"dt": "2022-06-03T05:43:44.535455", "lvl": "target", "msg": "[[0;32m  OK  [0m] Reached target Paths."}
- {"dt": "2022-06-03T05:43:44.535899", "lvl": "target", "msg": "         Starting Create list of required st\u2026ce nodes for the current kernel..."}
- {"dt": "2022-06-03T05:43:44.536353", "lvl": "target", "msg": "[[0;32m  OK  [0m] Listening on Journal Audit Socket."}
- {"dt": "2022-06-03T05:43:44.536828", "lvl": "target", "msg": "[[0;32m  OK  [0m] Reached target Remote File Systems."}
- {"dt": "2022-06-03T05:43:44.537276", "lvl": "target", "msg": "[[0;32m  OK  [0m] Listening on Network Service Netlink Socket."}
- {"dt": "2022-06-03T05:43:44.537720", "lvl": "target", "msg": "[[0;32m  OK  [0m] Listening on Syslog Socket."}
- {"dt": "2022-06-03T05:43:44.538176", "lvl": "target", "msg": "         Mounting Huge Pages File System..."}
- {"dt": "2022-06-03T05:43:44.538623", "lvl": "target", "msg": "[[0;32m  OK  [0m] Listening on udev Control Socket."}
- {"dt": "2022-06-03T05:43:44.539069", "lvl": "target", "msg": "         Mounting Temporary Directory (/tmp)..."}
- {"dt": "2022-06-03T05:44:03.257770", "lvl": "target", "msg": "<31>[   53.320881] systemd[1]: Detaching egress BPF program from cgroup failed: No such file or directory"}
- {"dt": "2022-06-03T05:44:03.258105", "lvl": "target", "msg": "<31>[   53.356424] systemd[1]: sys-kernel-debug.mount: About to execute: /bin/mount debugfs /sys/kernel/debug -t debugfs"}
- {"dt": "2022-06-03T05:44:03.259677", "lvl": "target", "msg": "<6>[   53.394029] fsck.ext4 (220) used greatest stack depth: 12072 bytes left"}
- {"dt": "2022-06-03T05:44:03.261141", "lvl": "target", "msg": "<6>[   53.455450] fsck (217) used greatest stack depth: 11672 bytes left"}
- {"dt": "2022-06-03T05:44:03.262672", "lvl": "target", "msg": "<31>[   53.588920] systemd[1]: sys-kernel-debug.mount: Forked /bin/mount as 221"}
- {"dt": "2022-06-03T05:44:03.263073", "lvl": "target", "msg": "<31>[   53.734821] systemd[1]: sys-kernel-debug.mount: Changed dead -> mounting"}
- {"dt": "2022-06-03T05:44:03.263455", "lvl": "target", "msg": "<30>[   53.755423] systemd[1]: Mounting Kernel Debug File System..."}
- {"dt": "2022-06-03T05:44:03.263839", "lvl": "target", "msg": "         Mounting Kernel Debug File System..."}
- {"dt": "2022-06-03T05:44:03.264663", "lvl": "target", "msg": "<31>[   53.890922] systemd[1]: systemd-journald-dev-log.socket: Changed dead -> listening"}
- {"dt": "2022-06-03T05:44:03.265043", "lvl": "target", "msg": "<31>[   53.899435] systemd[1]: systemd-journald-dev-log.socket: Job systemd-journald-dev-log.socket/start finished, result=done"}
- {"dt": "2022-06-03T05:44:03.265669", "lvl": "target", "msg": "<30>[   53.899877] systemd[1]: Listening on Journal Socket (/dev/log)."}
- {"dt": "2022-06-03T05:44:03.266084", "lvl": "target", "msg": "[[0;32m  OK  [0m] Listening on Journal Socket (/dev/log)."}
- {"dt": "2022-06-03T05:44:03.267672", "lvl": "target", "msg": "<31>[   54.359401] systemd[1]: systemd-journald.service: Passing 4 fds to service"}
- {"dt": "2022-06-03T05:44:03.268061", "lvl": "target", "msg": "<31>[   54.361810] systemd[1]: systemd-journald.service: About to execute: /lib/systemd/systemd-journald"}
- {"dt": "2022-06-03T05:44:03.268442", "lvl": "target", "msg": "         Starting Journal Service..."}
- {"dt": "2022-06-03T05:44:03.268828", "lvl": "target", "msg": "[[0;32m  OK  [0m] Listening on /dev/initctl Compatibility Named Pipe."}
- {"dt": "2022-06-03T05:44:03.269204", "lvl": "target", "msg": "         Starting udev Coldplug all Devices..."}
- {"dt": "2022-06-03T05:44:03.269579", "lvl": "target", "msg": "[[0;32m  OK  [0m] Reached target Slices."}
- {"dt": "2022-06-03T05:44:03.271671", "lvl": "target", "msg": "<47>[   55.994648] systemd-journald[222]: Found cgroup2 on /sys/fs/cgroup/unified, unified hierarchy for systemd controller"}
- {"dt": "2022-06-03T05:44:03.272064", "lvl": "target", "msg": "         Starting Load Kernel Modules..."}
- {"dt": "2022-06-03T05:44:03.272441", "lvl": "target", "msg": "<47>[   56.591775] systemd-journald[222]: Fixed min_use=1.0M max_use=64.0M max_size=8.0M min_size=512.0K keep_free=71.0M n_max_files=100"}
- {"dt": "2022-06-03T05:44:03.272835", "lvl": "target", "msg": "[[0;32m  OK  [0m] Mounted POSIX Message Queue File System."}
- {"dt": "2022-06-03T05:44:03.273215", "lvl": "target", "msg": "[[0;32m  OK  [0m] Started File System Check on Root Device."}
- {"dt": "2022-06-03T05:44:03.273597", "lvl": "target", "msg": "[[0;32m  OK  [0m] Started Create list of required sta\u2026vice nodes for the current kernel."}
- {"dt": "2022-06-03T05:44:03.274012", "lvl": "target", "msg": "[[0;32m  OK  [0m] Mounted Huge Pages File System."}
- {"dt": "2022-06-03T05:44:23.824311", "lvl": "target", "msg": "<47>[   57.855453] systemd-journald[222]: Reserving 14563 entries in hash table."}
- {"dt": "2022-06-03T05:44:23.826693", "lvl": "target", "msg": "[[0;32m  OK  [0m] Mounted Temporary Directory (/tmp)."}
- {"dt": "2022-06-03T05:44:23.827677", "lvl": "target", "msg": "<47>[   57.963926] systemd-journald[222]: Vacuuming..."}
- {"dt": "2022-06-03T05:44:23.828677", "lvl": "target", "msg": "<47>[   57.970454] systemd-journald[222]: Vacuuming done, freed 0B of archived journals from /run/log/journal/a85d07195ba9470588e2e4251b907e56."}
- {"dt": "2022-06-03T05:44:23.829680", "lvl": "target", "msg": "<47>[   57.979867] systemd-journald[222]: Flushing /dev/kmsg..."}
- {"dt": "2022-06-03T05:44:23.830675", "lvl": "target", "msg": "[[0;32m  OK  [0m] Mounted Kernel Debug File System."}
- {"dt": "2022-06-03T05:44:23.831065", "lvl": "target", "msg": "<31>[   58.334888] systemd[1]: systemd-udevd-kernel.socket: Incoming traffic"}
- {"dt": "2022-06-03T05:44:23.831443", "lvl": "target", "msg": "<31>[   58.351044] systemd[1]: systemd-udevd-kernel.socket: Changed listening -> running"}
- {"dt": "2022-06-03T05:44:23.832673", "lvl": "target", "msg": "<31>[   58.354980] systemd[1]: systemd-journald.socket: Incoming traffic"}
- {"dt": "2022-06-03T05:44:23.833062", "lvl": "target", "msg": "<31>[   58.363851] systemd[1]: systemd-journald.socket: Changed listening -> running"}
- {"dt": "2022-06-03T05:44:23.833443", "lvl": "target", "msg": "<31>[   58.377459] systemd[1]: systemd-remount-fs.service: ConditionPathExists=/etc/fstab succeeded."}
- {"dt": "2022-06-03T05:44:23.833852", "lvl": "target", "msg": "<31>[   58.749026] systemd[1]: Detaching egress BPF program from cgroup failed: No such file or directory"}
- {"dt": "2022-06-03T05:44:23.834668", "lvl": "target", "msg": "<31>[   58.786751] systemd[1]: systemd-remount-fs.service: Passing 0 fds to service"}
- {"dt": "2022-06-03T05:44:23.835056", "lvl": "target", "msg": "<31>[   58.791804] systemd[1]: systemd-remount-fs.service: About to execute: /lib/systemd/systemd-remount-fs"}
- {"dt": "2022-06-03T05:44:23.835437", "lvl": "target", "msg": "<31>[   58.899837] systemd[1]: systemd-remount-fs.service: Forked /lib/systemd/systemd-remount-fs as 226"}
- {"dt": "2022-06-03T05:44:23.836677", "lvl": "target", "msg": "<31>[   59.163531] systemd[1]: systemd-remount-fs.service: Changed dead -> start"}
- {"dt": "2022-06-03T05:44:23.837067", "lvl": "target", "msg": "         Starting Remount Root and Kernel File Systems..."}
- {"dt": "2022-06-03T05:44:23.837441", "lvl": "target", "msg": "<6>[   59.299424] fuse: init (API version 7.36)"}
- {"dt": "2022-06-03T05:44:23.837840", "lvl": "target", "msg": "[[0;32m  OK  [0m] Started Load Kernel Modules."}
- {"dt": "2022-06-03T05:44:23.838213", "lvl": "target", "msg": "         Starting Apply Kernel Variables..."}
- {"dt": "2022-06-03T05:44:23.839677", "lvl": "target", "msg": "         Mounting FUSE Control File System..."}
- {"dt": "2022-06-03T05:44:23.840064", "lvl": "target", "msg": "<31>[   64.325708] systemd[1]: libmount event [rescan: yes]"}
- {"dt": "2022-06-03T05:44:23.840437", "lvl": "target", "msg": "<31>[   64.894644] systemd[1]: sys-fs-fuse-connections.mount: Changed mounting -> mounting-done"}
- {"dt": "2022-06-03T05:44:23.840827", "lvl": "target", "msg": "<31>[   64.918694] systemd[1]: Received SIGCHLD from PID 230 (mount)."}
- {"dt": "2022-06-03T05:44:23.841204", "lvl": "target", "msg": "<31>[   64.930916] systemd[1]: Child 230 (mount) died (code=exited, status=0/SUCCESS)"}
- {"dt": "2022-06-03T05:44:47.177700", "lvl": "target", "msg": "<31>[   64.940813] systemd[1]: sys-fs-fuse-connections.mount: Child 230 belongs to sys-fs-fuse-connections.mount."}
- {"dt": "2022-06-03T05:44:47.179325", "lvl": "target", "msg": "<31>[   64.951725] systemd[1]: sys-fs-fuse-connections.mount: Mount process exited, code=exited status=0"}
- {"dt": "2022-06-03T05:44:47.180105", "lvl": "target", "msg": "<31>[   64.957731] systemd[1]: sys-fs-fuse-connections.mount: Changed mounting-done -> mounted"}
- {"dt": "2022-06-03T05:44:47.180776", "lvl": "target", "msg": "[[0;32m  OK  [0m] Mounted FUSE Control File System.<31>[   64.960558] systemd[1]: sys-fs-fuse-connections.mount: Job sys-fs-fuse-connections.mount/start finished, result=done"}
- {"dt": "2022-06-03T05:44:47.181419", "lvl": "target", "msg": "<30>[   64.961017] systemd[1]: Mounted FUSE Control File System."}
- {"dt": "2022-06-03T05:44:47.182182", "lvl": "target", "msg": ""}
- {"dt": "2022-06-03T05:44:47.182810", "lvl": "target", "msg": "<31>[   65.765806] systemd[1]: Received SIGCHLD from PID 227 (systemd-sysctl)."}
- {"dt": "2022-06-03T05:44:47.183415", "lvl": "target", "msg": "[[0;32m  OK  [0m] Started Apply Kernel Variables."}
- {"dt": "2022-06-03T05:44:47.184068", "lvl": "target", "msg": "<6>[   66.512663] EXT4-fs (sda): re-mounted. Quota mode: none."}
- {"dt": "2022-06-03T05:44:47.184704", "lvl": "target", "msg": "[[0;32m  OK  [0m] Started Remount Root and Kernel File Systems."}
- {"dt": "2022-06-03T05:44:47.185323", "lvl": "target", "msg": "         Starting Rebuild Hardware Database..."}
- {"dt": "2022-06-03T05:44:47.185971", "lvl": "target", "msg": "<31>[   69.358456] systemd[1]: systemd-sysusers.service: ConditionNeedsUpdate=/etc succeeded."}
- {"dt": "2022-06-03T05:44:47.186580", "lvl": "target", "msg": "<31>[   69.657862] systemd[1]: Detaching egress BPF program from cgroup failed: No such file or directory"}
- {"dt": "2022-06-03T05:44:47.187236", "lvl": "target", "msg": "<31>[   69.665009] systemd[1]: systemd-sysusers.service: Passing 0 fds to service"}
- {"dt": "2022-06-03T05:44:47.187870", "lvl": "target", "msg": "<31>[   69.678769] systemd[1]: systemd-sysusers.service: About to execute: /bin/systemd-sysusers"}
- {"dt": "2022-06-03T05:44:47.188496", "lvl": "target", "msg": "<31>[   69.901906] systemd[1]: systemd-sysusers.service: Forked /bin/systemd-sysusers as 236"}
- {"dt": "2022-06-03T05:44:47.189157", "lvl": "target", "msg": "<31>[   70.233625] systemd[1]: systemd-sysusers.service: Changed dead -> start"}
- {"dt": "2022-06-03T05:44:47.189815", "lvl": "target", "msg": "<30>[   70.234639] systemd[1]: Starting Create System Users..."}
- {"dt": "2022-06-03T05:44:47.190418", "lvl": "target", "msg": "         Starting Create System Users..."}
- {"dt": "2022-06-03T05:44:47.191066", "lvl": "target", "msg": "<47>[   72.258831] systemd-journald[222]: systemd-journald running as pid 222"}
- {"dt": "2022-06-03T05:44:47.191688", "lvl": "target", "msg": "<47>[   72.445556] systemd-journald[222]: Sent READY=1 notification."}
- {"dt": "2022-06-03T05:44:47.192285", "lvl": "target", "msg": "<31>[   72.451748] systemd[1]: systemd-journald.service: Got notification message from PID 222 (READY=1, STATUS=Processing requests...)"}
- {"dt": "2022-06-03T05:44:47.192952", "lvl": "target", "msg": "<47>[   72.452379] systemd-journald[222]: Sent WATCHDOG=1 notification."}
- {"dt": "2022-06-03T05:44:47.193545", "lvl": "target", "msg": "<31>[   72.478623] systemd[1]: systemd-journald.service: Changed start -> running"}
- {"dt": "2022-06-03T05:45:12.534082", "lvl": "target", "msg": "<31>[   72.503885] systemd[1]: systemd-journald.service: Job systemd-journald.service/start finished, result=done"}
- {"dt": "2022-06-03T05:45:12.535401", "lvl": "target", "msg": "[[0;32m  OK  [0m] Started Journal Service."}
- {"dt": "2022-06-03T05:45:12.535855", "lvl": "target", "msg": "<47>[   72.875967] systemd-journald[222]: Successfully sent stream file descriptor to service manager."}
- {"dt": "2022-06-03T05:45:12.536168", "lvl": "target", "msg": "<47>[   73.017627] systemd-journald[222]: Successfully sent stream file descriptor to service manager."}
- {"dt": "2022-06-03T05:45:12.536452", "lvl": "target", "msg": "<47>[   73.323853] systemd-journald[222]: Successfully sent stream file descriptor to service manager."}
- {"dt": "2022-06-03T05:45:12.536738", "lvl": "target", "msg": "<47>[   73.431699] systemd-journald[222]: Successfully sent stream file descriptor to service manager."}
- {"dt": "2022-06-03T05:45:12.538819", "lvl": "target", "msg": "<47>[   73.735955] systemd-journald[222]: Successfully sent stream file descriptor to service manager."}
- {"dt": "2022-06-03T05:45:12.539458", "lvl": "target", "msg": "<47>[   73.991023] systemd-journald[222]: Successfully sent stream file descriptor to service manager."}
- {"dt": "2022-06-03T05:45:12.540118", "lvl": "target", "msg": "         Starting Flush Journal to Persistent Storage..."}
- {"dt": "2022-06-03T05:45:12.540758", "lvl": "target", "msg": "<47>[   74.239780] systemd-journald[222]: Successfully sent stream file descriptor to service manager."}
- {"dt": "2022-06-03T05:45:12.541385", "lvl": "target", "msg": "[[0;32m  OK  [0m] Started Create System Users."}
- {"dt": "2022-06-03T05:45:12.542054", "lvl": "target", "msg": "         Starting Create Static Device Nodes in /dev..."}
- {"dt": "2022-06-03T05:45:12.542685", "lvl": "target", "msg": "<47>[   78.332066] systemd-journald[222]: Successfully sent stream file descriptor to service manager."}
- {"dt": "2022-06-03T05:45:12.543298", "lvl": "target", "msg": "<46>[   78.835959] systemd-journald[222]: Received request to flush runtime journal from PID 1"}
- {"dt": "2022-06-03T05:45:12.544002", "lvl": "target", "msg": "<47>[   78.870792] systemd-journald[222]: Vacuuming..."}
- {"dt": "2022-06-03T05:45:12.544604", "lvl": "target", "msg": "<47>[   78.883022] systemd-journald[222]: Vacuuming done, freed 0B of archived journals from /run/log/journal/a85d07195ba9470588e2e4251b907e56."}
- {"dt": "2022-06-03T05:45:12.545269", "lvl": "target", "msg": "[[0;32m  OK  [0m] Started Flush Journal to Persistent Storage."}
- {"dt": "2022-06-03T05:45:12.545930", "lvl": "target", "msg": "[[0;32m  OK  [0m] Started Create Static Device Nodes in /dev."}
- {"dt": "2022-06-03T05:45:12.546549", "lvl": "target", "msg": "[[0;32m  OK  [0m] Reached target Local File Systems (Pre)."}
- {"dt": "2022-06-03T05:45:12.547195", "lvl": "target", "msg": "         Mounting /var/volatile..."}
- {"dt": "2022-06-03T05:45:12.547832", "lvl": "target", "msg": "[[0;32m  OK  [0m] Reached target Containers."}
- {"dt": "2022-06-03T05:45:12.548448", "lvl": "target", "msg": "<47>[   85.112548] systemd-journald[222]: Successfully sent stream file descriptor to service manager."}
- {"dt": "2022-06-03T05:45:12.549101", "lvl": "target", "msg": "<47>[   86.085195] systemd-journald[222]: Successfully sent stream file descriptor to service manager."}
- {"dt": "2022-06-03T05:45:12.549819", "lvl": "target", "msg": "[[0;32m  OK  [0m] Mounted /var/volatile."}
- {"dt": "2022-06-03T05:45:12.550416", "lvl": "target", "msg": "         Starting Load/Save Random Seed..."}
- {"dt": "2022-06-03T05:45:39.991258", "lvl": "target", "msg": "[[0;32m  OK  [0m] Reached target Local File Systems."}
- {"dt": "2022-06-03T05:45:39.992728", "lvl": "target", "msg": "<47>[   89.033785] systemd-journald[222]: Successfully sent stream file descriptor to service manager."}
- {"dt": "2022-06-03T05:45:39.993457", "lvl": "target", "msg": "         Starting Rebuild Journal Catalog..."}
- {"dt": "2022-06-03T05:45:39.994023", "lvl": "target", "msg": "<47>[   90.747015] systemd-journald[222]: Successfully sent stream file descriptor to service manager."}
- {"dt": "2022-06-03T05:45:39.995232", "lvl": "target", "msg": "         Starting Rebuild Dynamic Linker Cache..."}
- {"dt": "2022-06-03T05:45:39.995878", "lvl": "target", "msg": "<47>[   92.416931] systemd-journald[222]: Successfully sent stream file descriptor to service manager."}
- {"dt": "2022-06-03T05:45:39.996519", "lvl": "target", "msg": "         Starting Create Volatile Files and Directories..."}
- {"dt": "2022-06-03T05:45:39.997153", "lvl": "target", "msg": "<47>[   94.625420] systemd-journald[222]: Successfully sent stream file descriptor to service manager."}
- {"dt": "2022-06-03T05:45:39.997785", "lvl": "target", "msg": "         Starting Commit a transient machine-id on disk..."}
- {"dt": "2022-06-03T05:45:39.998393", "lvl": "target", "msg": "[[0;32m  OK  [0m] Started Load/Save Random Seed."}
- {"dt": "2022-06-03T05:45:39.999031", "lvl": "target", "msg": "[[0;32m  OK  [0m] Started Rebuild Journal Catalog."}
- {"dt": "2022-06-03T05:45:39.999625", "lvl": "target", "msg": "[[0;32m  OK  [0m] Started Commit a transient machine-id on disk."}
- {"dt": "2022-06-03T05:45:40.000269", "lvl": "target", "msg": "<47>[  104.775887] systemd-journald[222]: Successfully sent stream file descriptor to service manager."}
- {"dt": "2022-06-03T05:45:40.000920", "lvl": "target", "msg": "[[0m[0;31m*     [0m] (1 of 7) A start job is running for\u2026dplug all Devices (58s / no limit)[K[[0;1;31m*[0m[0;31m*    [0m] (1 of 7) A start job is running for\u2026dplug all Devices (58s / no limit)[K[[0;31m*[0;1;31m*[0m[0;31m*   [0m] (1 of 7) A start job is running for\u2026dplug all Devices (59s / no limit)[K[ [0;31m*[0;1;31m*[0m[0;31m*  [0m] (2 of 7) A start job is running for\u2026Hardware Database (59s / 1min 50s)[K[  [0;31m*[0;1;31m*[0m[0;31m* [0m] (2 of 7) A start job is running for\u2026ardware Database (1min / 1min 50s)[K[[0;32m  OK  [0m] Started Create Volatile Files and Directories."}
- {"dt": "2022-06-03T05:45:40.001650", "lvl": "target", "msg": "         Starting Update UTMP about System Boot/Shutdown..."}
- {"dt": "2022-06-03T05:45:40.002322", "lvl": "target", "msg": "         Starting Run pending postinsts..."}
- {"dt": "2022-06-03T05:45:40.002964", "lvl": "target", "msg": "         Starting Network Time Synchronization..."}
- {"dt": "2022-06-03T05:45:40.003574", "lvl": "target", "msg": "         Starting Opkg first boot configure..."}
- {"dt": "2022-06-03T05:45:40.004328", "lvl": "target", "msg": "[   [0;31m*[0;1;31m*[0m[0;31m*[0m] (2 of 10) A start job is running fo\u2026g all Devices (1min 9s / no limit)<47>[  118.794699] systemd-journald[222]: Successfully sent stream file descriptor to service manager."}
- {"dt": "2022-06-03T05:46:06.636102", "lvl": "target", "msg": "[K[    [0;31m*[0;1;31m*[0m] (3 of 10) A start job is running fo\u2026chronization (1min 10s / 2min 35s)[K[     [0;31m*[0m] (3 of 10) A start job is running fo\u2026chronization (1min 11s / 2min 35s)[K[[0;32m  OK  [0m] Started Update UTMP about System Boot/Shutdown."}
- {"dt": "2022-06-03T05:46:06.636445", "lvl": "target", "msg": "<47>[  123.443908] systemd-journald[222]: Successfully sent stream file descriptor to service manager."}
- {"dt": "2022-06-03T05:46:06.636618", "lvl": "target", "msg": "<4>[  125.350329] hrtimer: interrupt took 8019961 ns"}
- {"dt": "2022-06-03T05:46:06.636917", "lvl": "target", "msg": "<6>[  126.178674] ldconfig (243) used greatest stack depth: 11608 bytes left"}
- {"dt": "2022-06-03T05:46:06.637041", "lvl": "target", "msg": "[[0;32m  OK  [0m] Started Rebuild Dynamic Linker Cache."}
- {"dt": "2022-06-03T05:46:06.637152", "lvl": "target", "msg": "<31>[  127.258045] systemd[1]: Received SIGCHLD from PID 249 (sh)."}
- {"dt": "2022-06-03T05:46:06.637270", "lvl": "target", "msg": "<31>[  127.288577] systemd[1]: Child 249 (sh) died (code=exited, status=255/n/a)"}
- {"dt": "2022-06-03T05:46:06.637379", "lvl": "target", "msg": "<31>[  127.303842] systemd[1]: opkg-configure.service: Child 249 belongs to opkg-configure.service."}
- {"dt": "2022-06-03T05:46:06.637480", "lvl": "target", "msg": "<47>[  127.425495] systemd-journald[222]: Successfully sent stream file descriptor to service manager."}
- {"dt": "2022-06-03T05:46:06.637583", "lvl": "target", "msg": "<31>[  127.619680] systemd[1]: opkg-configure.service: Forked /bin/systemctl as 253"}
- {"dt": "2022-06-03T05:46:06.637696", "lvl": "target", "msg": "<31>[  127.931874] systemd[1]: opkg-configure.service: Changed start -> start-post"}
- {"dt": "2022-06-03T05:46:06.637849", "lvl": "target", "msg": "<31>[  128.251483] systemd[1]: systemd-journald.service: Got notification message from PID 222 (FDSTORE=1)"}
- {"dt": "2022-06-03T05:46:06.637976", "lvl": "target", "msg": "<31>[  128.302994] systemd[1]: systemd-journald.service: Added fd 44 (n/a) to fd store."}
- {"dt": "2022-06-03T05:46:06.638101", "lvl": "target", "msg": "<47>[  129.536979] systemd-journald[222]: Successfully sent stream file descriptor to service manager."}
- {"dt": "2022-06-03T05:46:06.638226", "lvl": "target", "msg": "<31>[  129.545965] systemd[1]: systemd-journald.service: Got notification message from PID 222 (FDSTORE=1)"}
- {"dt": "2022-06-03T05:46:06.638340", "lvl": "target", "msg": "<31>[  129.598891] systemd[1]: systemd-journald.service: Added fd 46 (n/a) to fd store."}
- {"dt": "2022-06-03T05:46:06.638457", "lvl": "target", "msg": "<31>[  129.619808] systemd[1]: systemd-journald.service: Received EPOLLHUP on stored fd 46 (stored), closing."}
- {"dt": "2022-06-03T05:46:06.638573", "lvl": "target", "msg": "<47>[  130.379670] systemd-journald[222]: Successfully sent stream file descriptor to service manager."}
- {"dt": "2022-06-03T05:46:37.626417", "lvl": "target", "msg": "[    [0;31m*[0;1;31m*[0m] (3 of 8) A start job is running for\u2026chronization (1min 23s / 2min 35s)[K[   [0;31m*[0;1;31m*[0m[0;31m*[0m] (4 of 8) A start job is running for\u2026are Database (1min 23s / 1min 50s)[K[  [0;31m*[0;1;31m*[0m[0;31m* [0m] (4 of 8) A start job is running for\u2026are Database (1min 24s / 1min 50s)<31>[  133.250374] systemd[1]: Bus n/a: changing state UNSET \u2192 OPENING"}
- {"dt": "2022-06-03T05:46:37.627365", "lvl": "target", "msg": "<31>[  133.293758] systemd[1]: Bus n/a: changing state OPENING \u2192 AUTHENTICATING"}
- {"dt": "2022-06-03T05:46:37.627901", "lvl": "target", "msg": "<31>[  133.703869] systemd[1]: Accepted new private connection."}
- {"dt": "2022-06-03T05:46:37.628323", "lvl": "target", "msg": "[K[ [0;31m*[0;1;31m*[0m[0;31m*  [0m] (4 of 8) A start job is running for\u2026are Database (1min 25s / 1min 50s)<31>[  133.757415] systemd[1]: Bus n/a: changing state AUTHENTICATING \u2192 RUNNING"}
- {"dt": "2022-06-03T05:46:37.628833", "lvl": "target", "msg": "<31>[  133.773546] systemd[1]: Got message type=method_call sender=n/a destination=org.freedesktop.systemd1 path=/org/freedesktop/systemd1 interface=org.freedesktop.systemd1.Manager member=DisableUnitFiles cookie=1 reply_cookie=0 signature=asb error-name=n/a error-message=n/a"}
- {"dt": "2022-06-03T05:46:37.629268", "lvl": "target", "msg": "<31>[  135.761654] systemd[1]: Sent message type=method_return sender=org.freedesktop.systemd1 destination=n/a path=n/a interface=n/a member=n/a cookie=2 reply_cookie=1 signature=a(sss) error-name=n/a error-message=n/a"}
- {"dt": "2022-06-03T05:46:37.629688", "lvl": "target", "msg": "[K[[0;31m*[0;1;31m*[0m[0;31m*   [0m] (5 of 8) A start job is running for\u2026ot configure (1min 27s / no limit)<31>[  135.822363] systemd[1]: Bus n/a: changing state RUNNING \u2192 CLOSING"}
- {"dt": "2022-06-03T05:46:37.630156", "lvl": "target", "msg": "<31>[  135.840922] systemd[1]: Bus n/a: changing state CLOSING \u2192 CLOSED"}
- {"dt": "2022-06-03T05:46:37.630575", "lvl": "target", "msg": "<31>[  135.857909] systemd[1]: Got disconnect on private connection."}
- {"dt": "2022-06-03T05:46:37.630993", "lvl": "target", "msg": "<31>[  135.935866] systemd[1]: systemd-journald.service: Received EPOLLHUP on stored fd 46 (stored), closing."}
- {"dt": "2022-06-03T05:46:37.631423", "lvl": "target", "msg": "[K[[0;32m  OK  [0m] Started Opkg first boot configure."}
- {"dt": "2022-06-03T05:46:37.631839", "lvl": "target", "msg": "<28>[  138.980446] systemd[1]: dev-ttyS2.device: Job dev-ttyS2.device/start timed out."}
- {"dt": "2022-06-03T05:46:37.632259", "lvl": "target", "msg": "<31>[  139.057948] systemd[1]: dev-ttyS2.device: Job dev-ttyS2.device/start finished, result=timeout"}
- {"dt": "2022-06-03T05:46:37.632689", "lvl": "target", "msg": "[[0;1;31m TIME [0m] Timed out waiting for device dev-ttyS2.device."}
