- {"dt": "2022-06-03T05:39:55.808767", "lvl": "target", "msg": "c[?7l[2J<5>[    0.000000] Linux version 5.18.0-next-20220603 (tuxmake@tuxmake) (x86_64-linux-gnu-gcc (Debian 11.3.0-3) 11.3.0, GNU ld (GNU Binutils for Debian) 2.38) #1 SMP PREEMPT_DYNAMIC @1654234362"}
- {"dt": "2022-06-03T05:39:55.809429", "lvl": "target", "msg": "<6>[    0.000000] Command line: console=ttyS0,115200 rootwait root=/dev/sda debug verbose console_msg_format=syslog"}
- {"dt": "2022-06-03T05:39:55.810073", "lvl": "target", "msg": "<6>[    0.000000] x86/fpu: x87 FPU will use FXSAVE"}
- {"dt": "2022-06-03T05:39:55.810700", "lvl": "target", "msg": "<6>[    0.000000] signal: max sigframe size: 1440"}
- {"dt": "2022-06-03T05:39:55.811364", "lvl": "target", "msg": "<6>[    0.000000] BIOS-provided physical RAM map:"}
- {"dt": "2022-06-03T05:39:55.811990", "lvl": "target", "msg": "<6>[    0.000000] BIOS-e820: [mem 0x0000000000000000-0x000000000009fbff] usable"}
- {"dt": "2022-06-03T05:39:55.812463", "lvl": "target", "msg": "<6>[    0.000000] BIOS-e820: [mem 0x000000000009fc00-0x000000000009ffff] reserved"}
- {"dt": "2022-06-03T05:39:55.812638", "lvl": "target", "msg": "<6>[    0.000000] BIOS-e820: [mem 0x00000000000f0000-0x00000000000fffff] reserved"}
- {"dt": "2022-06-03T05:39:55.812780", "lvl": "target", "msg": "<6>[    0.000000] BIOS-e820: [mem 0x0000000000100000-0x000000003ffdefff] usable"}
- {"dt": "2022-06-03T05:39:55.812924", "lvl": "target", "msg": "<6>[    0.000000] BIOS-e820: [mem 0x000000003ffdf000-0x000000003fffffff] reserved"}
- {"dt": "2022-06-03T05:39:55.813055", "lvl": "target", "msg": "<6>[    0.000000] BIOS-e820: [mem 0x00000000b0000000-0x00000000bfffffff] reserved"}
- {"dt": "2022-06-03T05:39:55.813185", "lvl": "target", "msg": "<6>[    0.000000] BIOS-e820: [mem 0x00000000fed1c000-0x00000000fed1ffff] reserved"}
- {"dt": "2022-06-03T05:39:55.813314", "lvl": "target", "msg": "<6>[    0.000000] BIOS-e820: [mem 0x00000000fffc0000-0x00000000ffffffff] reserved"}
- {"dt": "2022-06-03T05:39:55.813440", "lvl": "target", "msg": "<6>[    0.000000] NX (Execute Disable) protection: active"}
- {"dt": "2022-06-03T05:39:55.813563", "lvl": "target", "msg": "<6>[    0.000000] SMBIOS 2.8 present."}
- {"dt": "2022-06-03T05:39:55.813686", "lvl": "target", "msg": "<6>[    0.000000] DMI: QEMU Standard PC (Q35 + ICH9, 2009), BIOS 1.14.0-2 04/01/2014"}
- {"dt": "2022-06-03T05:39:55.813812", "lvl": "target", "msg": "<6>[    0.000000] tsc: Fast TSC calibration using PIT"}
- {"dt": "2022-06-03T05:39:55.813935", "lvl": "target", "msg": "<6>[    0.000000] tsc: Detected 2999.946 MHz processor"}
- {"dt": "2022-06-03T05:39:55.814057", "lvl": "target", "msg": "<7>[    0.010692] e820: update [mem 0x00000000-0x00000fff] usable ==> reserved"}
- {"dt": "2022-06-03T05:39:55.814180", "lvl": "target", "msg": "<7>[    0.010907] e820: remove [mem 0x000a0000-0x000fffff] usable"}
- {"dt": "2022-06-03T05:39:55.814305", "lvl": "target", "msg": "<6>[    0.011139] last_pfn = 0x3ffdf max_arch_pfn = 0x400000000"}
- {"dt": "2022-06-03T05:39:55.814427", "lvl": "target", "msg": "<6>[    0.012070] x86/PAT: Configuration [0-7]: WB  WC  UC- UC  WB  WP  UC- WT  "}
- {"dt": "2022-06-03T05:39:55.814552", "lvl": "target", "msg": "<6>[    0.026975] found SMP MP-table at [mem 0x000f5ce0-0x000f5cef]"}
- {"dt": "2022-06-03T05:39:55.814671", "lvl": "target", "msg": "<6>[    0.032747] ACPI: Early table checksum verification disabled"}
- {"dt": "2022-06-03T05:39:55.814793", "lvl": "target", "msg": "<6>[    0.033232] ACPI: RSDP 0x00000000000F5B30 000014 (v00 BOCHS )"}
- {"dt": "2022-06-03T05:39:55.814909", "lvl": "target", "msg": "<6>[    0.033563] ACPI: RSDT 0x000000003FFE2304 000038 (v01 BOCHS  BXPC     00000001 BXPC 00000001)"}
- {"dt": "2022-06-03T05:39:55.815028", "lvl": "target", "msg": "<6>[    0.034355] ACPI: FACP 0x000000003FFE20F4 0000F4 (v03 BOCHS  BXPC     00000001 BXPC 00000001)"}
- {"dt": "2022-06-03T05:39:55.851719", "lvl": "target", "msg": "<6>[    0.035005] ACPI: DSDT 0x000000003FFE0040 0020B4 (v01 BOCHS  BXPC     00000001 BXPC 00000001)"}
- {"dt": "2022-06-03T05:39:55.852122", "lvl": "target", "msg": "<6>[    0.035116] ACPI: FACS 0x000000003FFE0000 000040"}
- {"dt": "2022-06-03T05:39:55.852399", "lvl": "target", "msg": "<6>[    0.035189] ACPI: APIC 0x000000003FFE21E8 000080 (v01 BOCHS  BXPC     00000001 BXPC 00000001)"}
- {"dt": "2022-06-03T05:39:55.852634", "lvl": "target", "msg": "<6>[    0.035223] ACPI: HPET 0x000000003FFE2268 000038 (v01 BOCHS  BXPC     00000001 BXPC 00000001)"}
- {"dt": "2022-06-03T05:39:55.852875", "lvl": "target", "msg": "<6>[    0.035253] ACPI: MCFG 0x000000003FFE22A0 00003C (v01 BOCHS  BXPC     00000001 BXPC 00000001)"}
- {"dt": "2022-06-03T05:39:55.853105", "lvl": "target", "msg": "<6>[    0.035280] ACPI: WAET 0x000000003FFE22DC 000028 (v01 BOCHS  BXPC     00000001 BXPC 00000001)"}
- {"dt": "2022-06-03T05:39:55.853332", "lvl": "target", "msg": "<6>[    0.035376] ACPI: Reserving FACP table memory at [mem 0x3ffe20f4-0x3ffe21e7]"}
- {"dt": "2022-06-03T05:39:55.853560", "lvl": "target", "msg": "<6>[    0.035417] ACPI: Reserving DSDT table memory at [mem 0x3ffe0040-0x3ffe20f3]"}
- {"dt": "2022-06-03T05:39:55.853783", "lvl": "target", "msg": "<6>[    0.035426] ACPI: Reserving FACS table memory at [mem 0x3ffe0000-0x3ffe003f]"}
- {"dt": "2022-06-03T05:39:55.854011", "lvl": "target", "msg": "<6>[    0.035434] ACPI: Reserving APIC table memory at [mem 0x3ffe21e8-0x3ffe2267]"}
- {"dt": "2022-06-03T05:39:55.854238", "lvl": "target", "msg": "<6>[    0.035441] ACPI: Reserving HPET table memory at [mem 0x3ffe2268-0x3ffe229f]"}
- {"dt": "2022-06-03T05:39:55.854467", "lvl": "target", "msg": "<6>[    0.035467] ACPI: Reserving MCFG table memory at [mem 0x3ffe22a0-0x3ffe22db]"}
- {"dt": "2022-06-03T05:39:55.854699", "lvl": "target", "msg": "<6>[    0.035479] ACPI: Reserving WAET table memory at [mem 0x3ffe22dc-0x3ffe2303]"}
- {"dt": "2022-06-03T05:39:55.854930", "lvl": "target", "msg": "<6>[    0.038178] No NUMA configuration found"}
- {"dt": "2022-06-03T05:39:55.855162", "lvl": "target", "msg": "<6>[    0.038208] Faking a node at [mem 0x0000000000000000-0x000000003ffdefff]"}
- {"dt": "2022-06-03T05:39:55.855394", "lvl": "target", "msg": "<6>[    0.038899] NODE_DATA(0) allocated [mem 0x3ffdb000-0x3ffdefff]"}
- {"dt": "2022-06-03T05:39:55.855625", "lvl": "target", "msg": "<6>[    0.041262] Zone ranges:"}
- {"dt": "2022-06-03T05:39:55.855852", "lvl": "target", "msg": "<6>[    0.041297]   DMA      [mem 0x0000000000001000-0x0000000000ffffff]"}
- {"dt": "2022-06-03T05:39:55.856100", "lvl": "target", "msg": "<6>[    0.041383]   DMA32    [mem 0x0000000001000000-0x000000003ffdefff]"}
- {"dt": "2022-06-03T05:39:55.856333", "lvl": "target", "msg": "<6>[    0.041397]   Normal   empty"}
- {"dt": "2022-06-03T05:39:55.856553", "lvl": "target", "msg": "<6>[    0.041418] Movable zone start for each node"}
- {"dt": "2022-06-03T05:39:55.856778", "lvl": "target", "msg": "<6>[    0.041452] Early memory node ranges"}
- {"dt": "2022-06-03T05:39:55.857013", "lvl": "target", "msg": "<6>[    0.041483]   node   0: [mem 0x0000000000001000-0x000000000009efff]"}
- {"dt": "2022-06-03T05:39:55.857233", "lvl": "target", "msg": "<6>[    0.041654]   node   0: [mem 0x0000000000100000-0x000000003ffdefff]"}
- {"dt": "2022-06-03T05:39:55.857452", "lvl": "target", "msg": "<6>[    0.041924] Initmem setup node 0 [mem 0x0000000000001000-0x000000003ffdefff]"}
- {"dt": "2022-06-03T05:39:55.857672", "lvl": "target", "msg": "<6>[    0.043381] On node 0, zone DMA: 1 pages in unavailable ranges"}
- {"dt": "2022-06-03T05:39:55.986146", "lvl": "target", "msg": "<6>[    0.043653] On node 0, zone DMA: 97 pages in unavailable ranges"}
- {"dt": "2022-06-03T05:39:55.986464", "lvl": "target", "msg": "<6>[    0.054731] On node 0, zone DMA32: 33 pages in unavailable ranges"}
- {"dt": "2022-06-03T05:39:55.987277", "lvl": "target", "msg": "<6>[    0.055861] ACPI: PM-Timer IO Port: 0x608"}
- {"dt": "2022-06-03T05:39:55.987873", "lvl": "target", "msg": "<6>[    0.056430] ACPI: LAPIC_NMI (acpi_id[0xff] dfl dfl lint[0x1])"}
- {"dt": "2022-06-03T05:39:55.988413", "lvl": "target", "msg": "<6>[    0.056870] IOAPIC[0]: apic_id 0, version 32, address 0xfec00000, GSI 0-23"}
- {"dt": "2022-06-03T05:39:55.988926", "lvl": "target", "msg": "<6>[    0.057023] ACPI: INT_SRC_OVR (bus 0 bus_irq 0 global_irq 2 dfl dfl)"}
- {"dt": "2022-06-03T05:39:55.989428", "lvl": "target", "msg": "<6>[    0.057321] ACPI: INT_SRC_OVR (bus 0 bus_irq 5 global_irq 5 high level)"}
- {"dt": "2022-06-03T05:39:55.989925", "lvl": "target", "msg": "<6>[    0.057357] ACPI: INT_SRC_OVR (bus 0 bus_irq 9 global_irq 9 high level)"}
- {"dt": "2022-06-03T05:39:55.990426", "lvl": "target", "msg": "<6>[    0.057466] ACPI: INT_SRC_OVR (bus 0 bus_irq 10 global_irq 10 high level)"}
- {"dt": "2022-06-03T05:39:55.990917", "lvl": "target", "msg": "<6>[    0.057477] ACPI: INT_SRC_OVR (bus 0 bus_irq 11 global_irq 11 high level)"}
- {"dt": "2022-06-03T05:39:55.991406", "lvl": "target", "msg": "<6>[    0.057681] ACPI: Using ACPI (MADT) for SMP configuration information"}
- {"dt": "2022-06-03T05:39:55.991894", "lvl": "target", "msg": "<6>[    0.057737] ACPI: HPET id: 0x8086a201 base: 0xfed00000"}
- {"dt": "2022-06-03T05:39:55.992405", "lvl": "target", "msg": "<6>[    0.058118] smpboot: Allowing 2 CPUs, 0 hotplug CPUs"}
- {"dt": "2022-06-03T05:39:55.992909", "lvl": "target", "msg": "<6>[    0.059084] PM: hibernation: Registered nosave memory: [mem 0x00000000-0x00000fff]"}
- {"dt": "2022-06-03T05:39:55.993398", "lvl": "target", "msg": "<6>[    0.059140] PM: hibernation: Registered nosave memory: [mem 0x0009f000-0x0009ffff]"}
- {"dt": "2022-06-03T05:39:55.993891", "lvl": "target", "msg": "<6>[    0.059164] PM: hibernation: Registered nosave memory: [mem 0x000a0000-0x000effff]"}
- {"dt": "2022-06-03T05:39:55.994423", "lvl": "target", "msg": "<6>[    0.059171] PM: hibernation: Registered nosave memory: [mem 0x000f0000-0x000fffff]"}
- {"dt": "2022-06-03T05:39:55.994921", "lvl": "target", "msg": "<6>[    0.059294] [mem 0x40000000-0xafffffff] available for PCI devices"}
- {"dt": "2022-06-03T05:39:55.995414", "lvl": "target", "msg": "<6>[    0.059335] Booting paravirtualized kernel on bare hardware"}
- {"dt": "2022-06-03T05:39:55.995898", "lvl": "target", "msg": "<6>[    0.059701] clocksource: refined-jiffies: mask: 0xffffffff max_cycles: 0xffffffff, max_idle_ns: 1910969940391419 ns"}
- {"dt": "2022-06-03T05:39:55.996420", "lvl": "target", "msg": "<6>[    0.060172] setup_percpu: NR_CPUS:64 nr_cpumask_bits:64 nr_cpu_ids:2 nr_node_ids:1"}
- {"dt": "2022-06-03T05:39:55.996930", "lvl": "target", "msg": "<6>[    0.068248] percpu: Embedded 53 pages/cpu s177448 r8192 d31448 u1048576"}
- {"dt": "2022-06-03T05:39:55.997428", "lvl": "target", "msg": "<7>[    0.068723] pcpu-alloc: s177448 r8192 d31448 u1048576 alloc=1*2097152"}
- {"dt": "2022-06-03T05:39:55.997937", "lvl": "target", "msg": "<7>[    0.068817] pcpu-alloc: [0] 0 1 "}
- {"dt": "2022-06-03T05:39:55.998430", "lvl": "target", "msg": "<6>[    0.070936] Fallback order for Node 0: 0 "}
- {"dt": "2022-06-03T05:39:55.998920", "lvl": "target", "msg": "<6>[    0.071244] Built 1 zonelists, mobility grouping on.  Total pages: 257759"}
- {"dt": "2022-06-03T05:39:56.272410", "lvl": "target", "msg": "<6>[    0.071269] Policy zone: DMA32"}
- {"dt": "2022-06-03T05:39:56.272718", "lvl": "target", "msg": "<5>[    0.071503] Kernel command line: console=ttyS0,115200 rootwait root=/dev/sda debug verbose console_msg_format=syslog"}
- {"dt": "2022-06-03T05:39:56.273536", "lvl": "target", "msg": "<5>[    0.072574] Unknown kernel command line parameters \\\"verbose\\\", will be passed to user space."}
- {"dt": "2022-06-03T05:39:56.274116", "lvl": "target", "msg": "<6>[    0.119083] Dentry cache hash table entries: 131072 (order: 8, 1048576 bytes, linear)"}
- {"dt": "2022-06-03T05:39:56.274625", "lvl": "target", "msg": "<6>[    0.120623] Inode-cache hash table entries: 65536 (order: 7, 524288 bytes, linear)"}
- {"dt": "2022-06-03T05:39:56.275136", "lvl": "target", "msg": "<6>[    0.129012] mem auto-init: stack:off, heap alloc:off, heap free:off"}
- {"dt": "2022-06-03T05:39:56.275637", "lvl": "target", "msg": "<6>[    0.140212] Memory: 987724K/1048052K available (20494K kernel code, 3323K rwdata, 6616K rodata, 1816K init, 2852K bss, 60068K reserved, 0K cma-reserved)"}
- {"dt": "2022-06-03T05:39:56.276173", "lvl": "target", "msg": "<6>[    0.144238] SLUB: HWalign=64, Order=0-3, MinObjects=0, CPUs=2, Nodes=1"}
- {"dt": "2022-06-03T05:39:56.276687", "lvl": "target", "msg": "<6>[    0.145259] Kernel/User page tables isolation: enabled"}
- {"dt": "2022-06-03T05:39:56.277196", "lvl": "target", "msg": "<6>[    0.147742] ftrace: allocating 56156 entries in 220 pages"}
- {"dt": "2022-06-03T05:39:56.277724", "lvl": "target", "msg": "<6>[    0.196973] ftrace: allocated 220 pages with 5 groups"}
- {"dt": "2022-06-03T05:39:56.278240", "lvl": "target", "msg": "<6>[    0.208590] Dynamic Preempt: voluntary"}
- {"dt": "2022-06-03T05:39:56.278755", "lvl": "target", "msg": "<6>[    0.213234] rcu: Preemptible hierarchical RCU implementation."}
- {"dt": "2022-06-03T05:39:56.279275", "lvl": "target", "msg": "<6>[    0.213255] rcu: \tRCU event tracing is enabled."}
- {"dt": "2022-06-03T05:39:56.279792", "lvl": "target", "msg": "<6>[    0.213282] rcu: \tRCU restricting CPUs from NR_CPUS=64 to nr_cpu_ids=2."}
- {"dt": "2022-06-03T05:39:56.280321", "lvl": "target", "msg": "<6>[    0.213405] \tTrampoline variant of Tasks RCU enabled."}
- {"dt": "2022-06-03T05:39:56.280845", "lvl": "target", "msg": "<6>[    0.213413] \tRude variant of Tasks RCU enabled."}
- {"dt": "2022-06-03T05:39:56.281367", "lvl": "target", "msg": "<6>[    0.213553] rcu: RCU calculated value of scheduler-enlistment delay is 100 jiffies."}
- {"dt": "2022-06-03T05:39:56.281855", "lvl": "target", "msg": "<6>[    0.213588] rcu: Adjusting geometry for rcu_fanout_leaf=16, nr_cpu_ids=2"}
- {"dt": "2022-06-03T05:39:56.282359", "lvl": "target", "msg": "<6>[    0.249960] NR_IRQS: 4352, nr_irqs: 440, preallocated irqs: 16"}
- {"dt": "2022-06-03T05:39:56.282853", "lvl": "target", "msg": "<6>[    0.255130] rcu: srcu_init: Setting srcu_struct sizes based on contention."}
- {"dt": "2022-06-03T05:39:56.283345", "lvl": "target", "msg": "<6>[    0.260034] kfence: initialized - using 2097152 bytes for 255 objects at 0x(____ptrval____)-0x(____ptrval____)"}
- {"dt": "2022-06-03T05:39:56.283840", "lvl": "target", "msg": "<6>[    0.266003] Console: colour VGA+ 80x25"}
- {"dt": "2022-06-03T05:39:56.284360", "lvl": "target", "msg": "<6>[    0.303387] printk: console [ttyS0] enabled"}
- {"dt": "2022-06-03T05:39:56.284853", "lvl": "target", "msg": "<6>[    0.305684] ACPI: Core revision 20220331"}
- {"dt": "2022-06-03T05:39:56.849802", "lvl": "target", "msg": "<6>[    0.318261] clocksource: hpet: mask: 0xffffffff max_cycles: 0xffffffff, max_idle_ns: 19112604467 ns"}
- {"dt": "2022-06-03T05:39:56.850137", "lvl": "target", "msg": "<6>[    0.328656] APIC: Switch to symmetric I/O mode setup"}
- {"dt": "2022-06-03T05:39:56.851214", "lvl": "target", "msg": "<6>[    0.336034] ..TIMER: vector=0x30 apic1=0 pin1=2 apic2=-1 pin2=-1"}
- {"dt": "2022-06-03T05:39:56.851810", "lvl": "target", "msg": "<6>[    0.342990] clocksource: tsc-early: mask: 0xffffffffffffffff max_cycles: 0x2b3e127a578, max_idle_ns: 440795307441 ns"}
- {"dt": "2022-06-03T05:39:56.852369", "lvl": "target", "msg": "<6>[    0.344916] Calibrating delay loop (skipped), value calculated using timer frequency.. 5999.89 BogoMIPS (lpj=2999946)"}
- {"dt": "2022-06-03T05:39:56.852855", "lvl": "target", "msg": "<6>[    0.346641] pid_max: default: 32768 minimum: 301"}
- {"dt": "2022-06-03T05:39:56.853373", "lvl": "target", "msg": "<6>[    0.349010] LSM: Security Framework initializing"}
- {"dt": "2022-06-03T05:39:56.853861", "lvl": "target", "msg": "<6>[    0.351756] SELinux:  Initializing."}
- {"dt": "2022-06-03T05:39:56.854352", "lvl": "target", "msg": "<6>[    0.356164] Mount-cache hash table entries: 2048 (order: 2, 16384 bytes, linear)"}
- {"dt": "2022-06-03T05:39:56.854871", "lvl": "target", "msg": "<6>[    0.356522] Mountpoint-cache hash table entries: 2048 (order: 2, 16384 bytes, linear)"}
- {"dt": "2022-06-03T05:39:56.855011", "lvl": "target", "msg": "<6>[    0.401080] Last level iTLB entries: 4KB 0, 2MB 0, 4MB 0"}
- {"dt": "2022-06-03T05:39:56.855744", "lvl": "target", "msg": "<6>[    0.401500] Last level dTLB entries: 4KB 0, 2MB 0, 4MB 0, 1GB 0"}
- {"dt": "2022-06-03T05:39:56.856259", "lvl": "target", "msg": "<6>[    0.402500] Spectre V1 : Mitigation: usercopy/swapgs barriers and __user pointer sanitization"}
- {"dt": "2022-06-03T05:39:56.856756", "lvl": "target", "msg": "<6>[    0.403237] Spectre V2 : Mitigation: Retpolines"}
- {"dt": "2022-06-03T05:39:56.857267", "lvl": "target", "msg": "<6>[    0.403495] Spectre V2 : Spectre v2 / SpectreRSB mitigation: Filling RSB on context switch"}
- {"dt": "2022-06-03T05:39:56.857759", "lvl": "target", "msg": "<6>[    0.404056] Speculative Store Bypass: Vulnerable"}
- {"dt": "2022-06-03T05:39:56.858272", "lvl": "target", "msg": "<6>[    0.405094] MDS: Vulnerable: Clear CPU buffers attempted, no microcode"}
- {"dt": "2022-06-03T05:39:56.858764", "lvl": "target", "msg": "<6>[    0.450759] Freeing SMP alternatives memory: 52K"}
- {"dt": "2022-06-03T05:39:56.859265", "lvl": "target", "msg": "<6>[    0.576448] smpboot: CPU0: Intel Core i7 9xx (Nehalem Class Core i7) (family: 0x6, model: 0x1a, stepping: 0x3)"}
- {"dt": "2022-06-03T05:39:56.859759", "lvl": "target", "msg": "<6>[    0.592924] cblist_init_generic: Setting adjustable number of callback queues."}
- {"dt": "2022-06-03T05:39:56.860331", "lvl": "target", "msg": "<6>[    0.593493] cblist_init_generic: Setting shift to 1 and lim to 1."}
- {"dt": "2022-06-03T05:39:56.860831", "lvl": "target", "msg": "<6>[    0.594813] cblist_init_generic: Setting shift to 1 and lim to 1."}
- {"dt": "2022-06-03T05:39:56.861441", "lvl": "target", "msg": "<6>[    0.597239] Performance Events: unsupported p6 CPU model 26 no PMU driver, software events only."}
- {"dt": "2022-06-03T05:39:56.861944", "lvl": "target", "msg": "<6>[    0.602284] rcu: Hierarchical SRCU implementation."}
- {"dt": "2022-06-03T05:39:56.862450", "lvl": "target", "msg": "<6>[    0.602871] printk: console [ttyS0] printing thread started"}
- {"dt": "2022-06-03T05:39:56.862938", "lvl": "target", "msg": "<6>[    0.617802] smp: Bringing up secondary CPUs ..."}
- {"dt": "2022-06-03T05:39:57.626206", "lvl": "target", "msg": "<6>[    0.623990] x86: Booting SMP configuration:"}
- {"dt": "2022-06-03T05:39:57.626515", "lvl": "target", "msg": "<6>[    0.624071] .... node  #0, CPUs:      #1"}
- {"dt": "2022-06-03T05:39:57.627303", "lvl": "target", "msg": "<6>[    0.652858] smp: Brought up 1 node, 2 CPUs"}
- {"dt": "2022-06-03T05:39:57.627859", "lvl": "target", "msg": "<6>[    0.652996] smpboot: Max logical packages: 1"}
- {"dt": "2022-06-03T05:39:57.628373", "lvl": "target", "msg": "<6>[    0.653112] smpboot: Total of 2 processors activated (11999.78 BogoMIPS)"}
- {"dt": "2022-06-03T05:39:57.628853", "lvl": "target", "msg": "<6>[    0.690511] devtmpfs: initialized"}
- {"dt": "2022-06-03T05:39:57.629349", "lvl": "target", "msg": "<6>[    0.715063] clocksource: jiffies: mask: 0xffffffff max_cycles: 0xffffffff, max_idle_ns: 1911260446275000 ns"}
- {"dt": "2022-06-03T05:39:57.629828", "lvl": "target", "msg": "<6>[    0.715310] futex hash table entries: 512 (order: 3, 32768 bytes, linear)"}
- {"dt": "2022-06-03T05:39:57.630314", "lvl": "target", "msg": "<6>[    0.723631] PM: RTC time: 05:39:55, date: 2022-06-03"}
- {"dt": "2022-06-03T05:39:57.630800", "lvl": "target", "msg": "<6>[    0.735491] NET: Registered PF_NETLINK/PF_ROUTE protocol family"}
- {"dt": "2022-06-03T05:39:57.631291", "lvl": "target", "msg": "<6>[    0.743869] audit: initializing netlink subsys (disabled)"}
- {"dt": "2022-06-03T05:39:57.631820", "lvl": "target", "msg": "<5>[    0.750038] audit: type=2000 audit(1654234795.419:1): state=initialized audit_enabled=0 res=1"}
- {"dt": "2022-06-03T05:39:57.632355", "lvl": "target", "msg": "<6>[    0.760249] thermal_sys: Registered thermal governor 'step_wise'"}
- {"dt": "2022-06-03T05:39:57.633189", "lvl": "target", "msg": "<6>[    0.760484] thermal_sys: Registered thermal governor 'user_space'"}
- {"dt": "2022-06-03T05:39:57.633690", "lvl": "target", "msg": "<6>[    0.764714] cpuidle: using governor menu"}
- {"dt": "2022-06-03T05:39:57.634183", "lvl": "target", "msg": "<6>[    0.772468] PCI: MMCONFIG for domain 0000 [bus 00-ff] at [mem 0xb0000000-0xbfffffff] (base 0xb0000000)"}
- {"dt": "2022-06-03T05:39:57.634704", "lvl": "target", "msg": "<6>[    0.773325] PCI: MMCONFIG at [mem 0xb0000000-0xbfffffff] reserved in E820"}
- {"dt": "2022-06-03T05:39:57.635230", "lvl": "target", "msg": "<6>[    0.774448] PCI: Using configuration type 1 for base access"}
- {"dt": "2022-06-03T05:39:57.635728", "lvl": "target", "msg": "<4>[    0.774448] mtrr: your CPUs had inconsistent fixed MTRR settings"}
- {"dt": "2022-06-03T05:39:57.636245", "lvl": "target", "msg": "<4>[    0.774448] mtrr: your CPUs had inconsistent variable MTRR settings"}
- {"dt": "2022-06-03T05:39:57.636730", "lvl": "target", "msg": "<4>[    0.774448] mtrr: your CPUs had inconsistent MTRRdefType settings"}
- {"dt": "2022-06-03T05:39:57.637225", "lvl": "target", "msg": "<6>[    0.774448] mtrr: probably your BIOS does not setup all CPUs."}
- {"dt": "2022-06-03T05:39:57.637706", "lvl": "target", "msg": "<6>[    0.774448] mtrr: corrected configuration."}
- {"dt": "2022-06-03T05:39:57.638541", "lvl": "target", "msg": "<6>[    0.849670] kprobes: kprobe jump-optimization is enabled. All kprobes are optimized if possible."}
- {"dt": "2022-06-03T05:39:57.639065", "lvl": "target", "msg": "<6>[    0.989347] HugeTLB: can optimize 7 vmemmap pages for hugepages-2048kB"}
- {"dt": "2022-06-03T05:39:57.639580", "lvl": "target", "msg": "<6>[    0.990221] HugeTLB registered 2.00 MiB page size, pre-allocated 0 pages"}
- {"dt": "2022-06-03T05:39:57.640103", "lvl": "target", "msg": "<6>[    1.004193] cryptd: max_cpu_qlen set to 1000"}
- {"dt": "2022-06-03T05:39:57.640628", "lvl": "target", "msg": "<6>[    1.013387] ACPI: Added _OSI(Module Device)"}
- {"dt": "2022-06-03T05:39:58.750946", "lvl": "target", "msg": "<6>[    1.013510] ACPI: Added _OSI(Processor Device)"}
- {"dt": "2022-06-03T05:39:58.751461", "lvl": "target", "msg": "<6>[    1.013548] ACPI: Added _OSI(3.0 _SCP Extensions)"}
- {"dt": "2022-06-03T05:39:58.751910", "lvl": "target", "msg": "<6>[    1.013562] ACPI: Added _OSI(Processor Aggregator Device)"}
- {"dt": "2022-06-03T05:39:58.752255", "lvl": "target", "msg": "<6>[    1.013704] ACPI: Added _OSI(Linux-Dell-Video)"}
- {"dt": "2022-06-03T05:39:58.752567", "lvl": "target", "msg": "<6>[    1.013720] ACPI: Added _OSI(Linux-Lenovo-NV-HDMI-Audio)"}
- {"dt": "2022-06-03T05:39:58.752893", "lvl": "target", "msg": "<6>[    1.013735] ACPI: Added _OSI(Linux-HPI-Hybrid-Graphics)"}
- {"dt": "2022-06-03T05:39:58.753214", "lvl": "target", "msg": "<6>[    1.057106] ACPI: 1 ACPI AML tables successfully acquired and loaded"}
- {"dt": "2022-06-03T05:39:58.753551", "lvl": "target", "msg": "<6>[    1.718833] ACPI: Interpreter enabled"}
- {"dt": "2022-06-03T05:39:58.753867", "lvl": "target", "msg": "<6>[    1.721397] ACPI: PM: (supports S0 S3 S4 S5)"}
- {"dt": "2022-06-03T05:39:58.754186", "lvl": "target", "msg": "<6>[    1.721555] ACPI: Using IOAPIC for interrupt routing"}
- {"dt": "2022-06-03T05:39:58.754507", "lvl": "target", "msg": "<6>[    1.724379] PCI: Using host bridge windows from ACPI; if necessary, use \\\"pci=nocrs\\\" and report a bug"}
- {"dt": "2022-06-03T05:39:58.754830", "lvl": "target", "msg": "<6>[    1.724516] PCI: Using E820 reservations for host bridge windows"}
- {"dt": "2022-06-03T05:39:58.755151", "lvl": "target", "msg": "<6>[    1.729064] ACPI: Enabled 2 GPEs in block 00 to 3F"}
- {"dt": "2022-06-03T05:39:58.755470", "lvl": "target", "msg": "<6>[    1.796093] ACPI: PCI Root Bridge [PCI0] (domain 0000 [bus 00-ff])"}
- {"dt": "2022-06-03T05:39:58.755784", "lvl": "target", "msg": "<6>[    1.798578] acpi PNP0A08:00: _OSC: OS supports [ExtendedConfig ASPM ClockPM Segments MSI HPX-Type3]"}
- {"dt": "2022-06-03T05:39:58.756060", "lvl": "target", "msg": "<6>[    1.803867] acpi PNP0A08:00: _OSC: platform does not support [LTR]"}
- {"dt": "2022-06-03T05:39:58.756422", "lvl": "target", "msg": "<6>[    1.806590] acpi PNP0A08:00: _OSC: OS now controls [PME PCIeCapability]"}
- {"dt": "2022-06-03T05:39:58.756733", "lvl": "target", "msg": "<6>[    1.814653] PCI host bridge to bus 0000:00"}
- {"dt": "2022-06-03T05:39:58.757058", "lvl": "target", "msg": "<6>[    1.814933] pci_bus 0000:00: root bus resource [io  0x0000-0x0cf7 window]"}
- {"dt": "2022-06-03T05:39:58.757372", "lvl": "target", "msg": "<6>[    1.815140] pci_bus 0000:00: root bus resource [io  0x0d00-0xffff window]"}
- {"dt": "2022-06-03T05:39:58.757683", "lvl": "target", "msg": "<6>[    1.815159] pci_bus 0000:00: root bus resource [mem 0x000a0000-0x000bffff window]"}
- {"dt": "2022-06-03T05:39:58.757999", "lvl": "target", "msg": "<6>[    1.815177] pci_bus 0000:00: root bus resource [mem 0x40000000-0xafffffff window]"}
- {"dt": "2022-06-03T05:39:58.758311", "lvl": "target", "msg": "<6>[    1.815194] pci_bus 0000:00: root bus resource [mem 0xc0000000-0xfebfffff window]"}
- {"dt": "2022-06-03T05:39:58.758593", "lvl": "target", "msg": "<6>[    1.815212] pci_bus 0000:00: root bus resource [mem 0x100000000-0x8ffffffff window]"}
- {"dt": "2022-06-03T05:39:58.758948", "lvl": "target", "msg": "<6>[    1.816560] pci_bus 0000:00: root bus resource [bus 00-ff]"}
- {"dt": "2022-06-03T05:39:58.759268", "lvl": "target", "msg": "<6>[    1.819967] pci 0000:00:00.0: [8086:29c0] type 00 class 0x060000"}
- {"dt": "2022-06-03T05:39:58.759547", "lvl": "target", "msg": "<6>[    1.829878] pci 0000:00:01.0: [1234:1111] type 00 class 0x030000"}
- {"dt": "2022-06-03T05:40:00.084236", "lvl": "target", "msg": "<6>[    1.833479] pci 0000:00:01.0: reg 0x10: [mem 0xfd000000-0xfdffffff pref]"}
- {"dt": "2022-06-03T05:40:00.084486", "lvl": "target", "msg": "<6>[    1.838517] pci 0000:00:01.0: reg 0x18: [mem 0xfebf0000-0xfebf0fff]"}
- {"dt": "2022-06-03T05:40:00.084606", "lvl": "target", "msg": "<6>[    1.845679] pci 0000:00:01.0: reg 0x30: [mem 0xfebe0000-0xfebeffff pref]"}
- {"dt": "2022-06-03T05:40:00.084716", "lvl": "target", "msg": "<6>[    1.846156] pci 0000:00:01.0: Video device with shadowed ROM at [mem 0x000c0000-0x000dffff]"}
- {"dt": "2022-06-03T05:40:00.084827", "lvl": "target", "msg": "<6>[    1.849624] pci 0000:00:1f.0: [8086:2918] type 00 class 0x060100"}
- {"dt": "2022-06-03T05:40:00.084951", "lvl": "target", "msg": "<6>[    1.850361] pci 0000:00:1f.0: quirk: [io  0x0600-0x067f] claimed by ICH6 ACPI/GPIO/TCO"}
- {"dt": "2022-06-03T05:40:00.085057", "lvl": "target", "msg": "<6>[    1.852206] pci 0000:00:1f.2: [8086:2922] type 00 class 0x010601"}
- {"dt": "2022-06-03T05:40:00.085159", "lvl": "target", "msg": "<6>[    1.859513] pci 0000:00:1f.2: reg 0x20: [io  0xc040-0xc05f]"}
- {"dt": "2022-06-03T05:40:00.085275", "lvl": "target", "msg": "<6>[    1.863231] pci 0000:00:1f.2: reg 0x24: [mem 0xfebf1000-0xfebf1fff]"}
- {"dt": "2022-06-03T05:40:00.085389", "lvl": "target", "msg": "<6>[    1.866482] pci 0000:00:1f.3: [8086:2930] type 00 class 0x0c0500"}
- {"dt": "2022-06-03T05:40:00.085487", "lvl": "target", "msg": "<6>[    1.870800] pci 0000:00:1f.3: reg 0x20: [io  0x0700-0x073f]"}
- {"dt": "2022-06-03T05:40:00.085587", "lvl": "target", "msg": "<6>[    1.877162] ACPI: PCI: Interrupt link LNKA configured for IRQ 10"}
- {"dt": "2022-06-03T05:40:00.085694", "lvl": "target", "msg": "<6>[    1.880356] ACPI: PCI: Interrupt link LNKB configured for IRQ 10"}
- {"dt": "2022-06-03T05:40:00.085813", "lvl": "target", "msg": "<6>[    1.882142] ACPI: PCI: Interrupt link LNKC configured for IRQ 11"}
- {"dt": "2022-06-03T05:40:00.085930", "lvl": "target", "msg": "<6>[    1.884024] ACPI: PCI: Interrupt link LNKD configured for IRQ 11"}
- {"dt": "2022-06-03T05:40:00.086049", "lvl": "target", "msg": "<6>[    1.885800] ACPI: PCI: Interrupt link LNKE configured for IRQ 10"}
- {"dt": "2022-06-03T05:40:00.086168", "lvl": "target", "msg": "<6>[    1.887472] ACPI: PCI: Interrupt link LNKF configured for IRQ 10"}
- {"dt": "2022-06-03T05:40:00.086289", "lvl": "target", "msg": "<6>[    1.888628] ACPI: PCI: Interrupt link LNKG configured for IRQ 11"}
- {"dt": "2022-06-03T05:40:00.086411", "lvl": "target", "msg": "<6>[    1.890996] ACPI: PCI: Interrupt link LNKH configured for IRQ 11"}
- {"dt": "2022-06-03T05:40:00.086534", "lvl": "target", "msg": "<6>[    1.891287] ACPI: PCI: Interrupt link GSIA configured for IRQ 16"}
- {"dt": "2022-06-03T05:40:00.086653", "lvl": "target", "msg": "<6>[    1.892544] ACPI: PCI: Interrupt link GSIB configured for IRQ 17"}
- {"dt": "2022-06-03T05:40:00.086769", "lvl": "target", "msg": "<6>[    1.892743] ACPI: PCI: Interrupt link GSIC configured for IRQ 18"}
- {"dt": "2022-06-03T05:40:00.086888", "lvl": "target", "msg": "<6>[    1.892914] ACPI: PCI: Interrupt link GSID configured for IRQ 19"}
- {"dt": "2022-06-03T05:40:00.087003", "lvl": "target", "msg": "<6>[    1.893079] ACPI: PCI: Interrupt link GSIE configured for IRQ 20"}
- {"dt": "2022-06-03T05:40:00.087119", "lvl": "target", "msg": "<6>[    1.894468] ACPI: PCI: Interrupt link GSIF configured for IRQ 21"}
- {"dt": "2022-06-03T05:40:00.087233", "lvl": "target", "msg": "<6>[    1.894687] ACPI: PCI: Interrupt link GSIG configured for IRQ 22"}
- {"dt": "2022-06-03T05:40:00.087356", "lvl": "target", "msg": "<6>[    1.894861] ACPI: PCI: Interrupt link GSIH configured for IRQ 23"}
- {"dt": "2022-06-03T05:40:01.169091", "lvl": "target", "msg": "<6>[    1.902134] iommu: Default domain type: Translated "}
- {"dt": "2022-06-03T05:40:01.169345", "lvl": "target", "msg": "<6>[    1.902189] iommu: DMA domain TLB invalidation policy: lazy mode "}
- {"dt": "2022-06-03T05:40:01.169466", "lvl": "target", "msg": "<5>[    1.905817] SCSI subsystem initialized"}
- {"dt": "2022-06-03T05:40:01.169575", "lvl": "target", "msg": "<7>[    1.907299] libata version 3.00 loaded."}
- {"dt": "2022-06-03T05:40:01.169683", "lvl": "target", "msg": "<6>[    1.909101] ACPI: bus type USB registered"}
- {"dt": "2022-06-03T05:40:01.169791", "lvl": "target", "msg": "<6>[    1.910251] usbcore: registered new interface driver usbfs"}
- {"dt": "2022-06-03T05:40:01.169891", "lvl": "target", "msg": "<6>[    1.910251] usbcore: registered new interface driver hub"}
- {"dt": "2022-06-03T05:40:01.169990", "lvl": "target", "msg": "<6>[    1.910251] usbcore: registered new device driver usb"}
- {"dt": "2022-06-03T05:40:01.170101", "lvl": "target", "msg": "<6>[    1.912800] mc: Linux media interface: v0.10"}
- {"dt": "2022-06-03T05:40:01.170214", "lvl": "target", "msg": "<6>[    1.912974] videodev: Linux video capture interface: v2.00"}
- {"dt": "2022-06-03T05:40:01.170310", "lvl": "target", "msg": "<6>[    1.913143] pps_core: LinuxPPS API ver. 1 registered"}
- {"dt": "2022-06-03T05:40:01.170409", "lvl": "target", "msg": "<6>[    1.913162] pps_core: Software ver. 5.3.6 - Copyright 2005-2007 Rodolfo Giometti <giometti@linux.it>"}
- {"dt": "2022-06-03T05:40:01.170518", "lvl": "target", "msg": "<6>[    1.913293] PTP clock support registered"}
- {"dt": "2022-06-03T05:40:01.170637", "lvl": "target", "msg": "<6>[    1.916576] Advanced Linux Sound Architecture Driver Initialized."}
- {"dt": "2022-06-03T05:40:01.170756", "lvl": "target", "msg": "<6>[    1.936028] NetLabel: Initializing"}
- {"dt": "2022-06-03T05:40:01.170876", "lvl": "target", "msg": "<6>[    1.936055] NetLabel:  domain hash size = 128"}
- {"dt": "2022-06-03T05:40:01.170997", "lvl": "target", "msg": "<6>[    1.936073] NetLabel:  protocols = UNLABELED CIPSOv4 CALIPSO"}
- {"dt": "2022-06-03T05:40:01.171119", "lvl": "target", "msg": "<6>[    1.940955] NetLabel:  unlabeled traffic allowed by default"}
- {"dt": "2022-06-03T05:40:01.171241", "lvl": "target", "msg": "<6>[    1.949222] PCI: Using ACPI for IRQ routing"}
- {"dt": "2022-06-03T05:40:01.171366", "lvl": "target", "msg": "<7>[    1.965566] PCI: pci_cache_line_size set to 64 bytes"}
- {"dt": "2022-06-03T05:40:01.171487", "lvl": "target", "msg": "<7>[    1.967521] e820: reserve RAM buffer [mem 0x0009fc00-0x0009ffff]"}
- {"dt": "2022-06-03T05:40:01.171605", "lvl": "target", "msg": "<7>[    1.969533] e820: reserve RAM buffer [mem 0x3ffdf000-0x3fffffff]"}
- {"dt": "2022-06-03T05:40:01.171720", "lvl": "target", "msg": "<6>[    1.974448] pci 0000:00:01.0: vgaarb: setting as boot VGA device"}
- {"dt": "2022-06-03T05:40:01.171837", "lvl": "target", "msg": "<6>[    1.974448] pci 0000:00:01.0: vgaarb: bridge control possible"}
- {"dt": "2022-06-03T05:40:01.171953", "lvl": "target", "msg": "<6>[    1.974448] pci 0000:00:01.0: vgaarb: VGA device added: decodes=io+mem,owns=io+mem,locks=none"}
- {"dt": "2022-06-03T05:40:01.172068", "lvl": "target", "msg": "<6>[    1.974448] vgaarb: loaded"}
- {"dt": "2022-06-03T05:40:01.172216", "lvl": "target", "msg": "<6>[    1.974448] hpet: 3 channels of 0 reserved for per-cpu timers"}
- {"dt": "2022-06-03T05:40:01.172337", "lvl": "target", "msg": "<6>[    1.978676] hpet0: at MMIO 0xfed00000, IRQs 2, 8, 0"}
- {"dt": "2022-06-03T05:40:01.172456", "lvl": "target", "msg": "<6>[    1.978823] hpet0: 3 comparators, 64-bit 100.000000 MHz counter"}
- {"dt": "2022-06-03T05:40:01.172579", "lvl": "target", "msg": "<6>[    1.981362] clocksource: Switched to clocksource tsc-early"}
- {"dt": "2022-06-03T05:40:01.172700", "lvl": "target", "msg": "<5>[    1.993223] VFS: Disk quotas dquot_6.6.0"}
- {"dt": "2022-06-03T05:40:02.536620", "lvl": "target", "msg": "<6>[    1.993574] VFS: Dquot-cache hash table entries: 512 (order 0, 4096 bytes)"}
- {"dt": "2022-06-03T05:40:02.536883", "lvl": "target", "msg": "<6>[    1.998266] pnp: PnP ACPI init"}
- {"dt": "2022-06-03T05:40:02.537008", "lvl": "target", "msg": "<6>[    2.016376] system 00:05: [mem 0xb0000000-0xbfffffff window] has been reserved"}
- {"dt": "2022-06-03T05:40:02.537118", "lvl": "target", "msg": "<6>[    2.022231] pnp: PnP ACPI: found 6 devices"}
- {"dt": "2022-06-03T05:40:02.537229", "lvl": "target", "msg": "<6>[    2.067261] clocksource: acpi_pm: mask: 0xffffff max_cycles: 0xffffff, max_idle_ns: 2085701024 ns"}
- {"dt": "2022-06-03T05:40:02.537333", "lvl": "target", "msg": "<6>[    2.069233] NET: Registered PF_INET protocol family"}
- {"dt": "2022-06-03T05:40:02.537433", "lvl": "target", "msg": "<6>[    2.071952] IP idents hash table entries: 16384 (order: 5, 131072 bytes, linear)"}
- {"dt": "2022-06-03T05:40:02.537533", "lvl": "target", "msg": "<6>[    2.085908] tcp_listen_portaddr_hash hash table entries: 512 (order: 1, 8192 bytes, linear)"}
- {"dt": "2022-06-03T05:40:02.537644", "lvl": "target", "msg": "<6>[    2.086193] TCP established hash table entries: 8192 (order: 4, 65536 bytes, linear)"}
- {"dt": "2022-06-03T05:40:02.537754", "lvl": "target", "msg": "<6>[    2.086802] TCP bind bhash tables hash table entries: 8192 (order: 5, 196608 bytes, linear)"}
- {"dt": "2022-06-03T05:40:02.537852", "lvl": "target", "msg": "<6>[    2.087192] TCP: Hash tables configured (established 8192 bind 8192)"}
- {"dt": "2022-06-03T05:40:02.537950", "lvl": "target", "msg": "<6>[    2.095016] MPTCP token hash table entries: 1024 (order: 2, 24576 bytes, linear)"}
- {"dt": "2022-06-03T05:40:02.538060", "lvl": "target", "msg": "<6>[    2.095614] UDP hash table entries: 512 (order: 2, 16384 bytes, linear)"}
- {"dt": "2022-06-03T05:40:02.538178", "lvl": "target", "msg": "<6>[    2.097111] UDP-Lite hash table entries: 512 (order: 2, 16384 bytes, linear)"}
- {"dt": "2022-06-03T05:40:02.538294", "lvl": "target", "msg": "<6>[    2.101040] NET: Registered PF_UNIX/PF_LOCAL protocol family"}
- {"dt": "2022-06-03T05:40:02.538414", "lvl": "target", "msg": "<6>[    2.106752] RPC: Registered named UNIX socket transport module."}
- {"dt": "2022-06-03T05:40:02.538542", "lvl": "target", "msg": "<6>[    2.106832] RPC: Registered udp transport module."}
- {"dt": "2022-06-03T05:40:02.538671", "lvl": "target", "msg": "<6>[    2.106849] RPC: Registered tcp transport module."}
- {"dt": "2022-06-03T05:40:02.538800", "lvl": "target", "msg": "<6>[    2.106865] RPC: Registered tcp NFSv4.1 backchannel transport module."}
- {"dt": "2022-06-03T05:40:02.538930", "lvl": "target", "msg": "<6>[    2.113248] pci_bus 0000:00: resource 4 [io  0x0000-0x0cf7 window]"}
- {"dt": "2022-06-03T05:40:02.539061", "lvl": "target", "msg": "<6>[    2.113305] pci_bus 0000:00: resource 5 [io  0x0d00-0xffff window]"}
- {"dt": "2022-06-03T05:40:02.539189", "lvl": "target", "msg": "<6>[    2.113325] pci_bus 0000:00: resource 6 [mem 0x000a0000-0x000bffff window]"}
- {"dt": "2022-06-03T05:40:02.539318", "lvl": "target", "msg": "<6>[    2.113344] pci_bus 0000:00: resource 7 [mem 0x40000000-0xafffffff window]"}
- {"dt": "2022-06-03T05:40:02.539444", "lvl": "target", "msg": "<6>[    2.113362] pci_bus 0000:00: resource 8 [mem 0xc0000000-0xfebfffff window]"}
- {"dt": "2022-06-03T05:40:02.539574", "lvl": "target", "msg": "<6>[    2.113380] pci_bus 0000:00: resource 9 [mem 0x100000000-0x8ffffffff window]"}
- {"dt": "2022-06-03T05:40:02.539699", "lvl": "target", "msg": "<6>[    2.117781] PCI: CLS 0 bytes, default 64"}
- {"dt": "2022-06-03T05:40:04.212912", "lvl": "target", "msg": "<3>[    2.125377] kvm: no hardware support for 'kvm_intel'"}
- {"dt": "2022-06-03T05:40:04.213168", "lvl": "target", "msg": "<6>[    2.125720] has_svm: not amd or hygon"}
- {"dt": "2022-06-03T05:40:04.213288", "lvl": "target", "msg": "<3>[    2.125763] kvm: no hardware support for 'kvm_amd'"}
- {"dt": "2022-06-03T05:40:04.213398", "lvl": "target", "msg": "<6>[    2.167219] CPU feature 'AVX registers' is not supported."}
- {"dt": "2022-06-03T05:40:04.213508", "lvl": "target", "msg": "<6>[    2.176558] cryptomgr_test (46) used greatest stack depth: 15456 bytes left"}
- {"dt": "2022-06-03T05:40:04.213617", "lvl": "target", "msg": "<6>[    2.176558] CPU feature 'AVX registers' is not supported."}
- {"dt": "2022-06-03T05:40:04.213717", "lvl": "target", "msg": "<6>[    2.176558] AVX2 instructions are not detected."}
- {"dt": "2022-06-03T05:40:04.213814", "lvl": "target", "msg": "<6>[    2.176558] AVX or AES-NI instructions are not detected."}
- {"dt": "2022-06-03T05:40:04.213917", "lvl": "target", "msg": "<6>[    2.176558] AVX2 or AES-NI instructions are not detected."}
- {"dt": "2022-06-03T05:40:04.214035", "lvl": "target", "msg": "<6>[    2.176558] CPU feature 'AVX registers' is not supported."}
- {"dt": "2022-06-03T05:40:04.214188", "lvl": "target", "msg": "<6>[    2.176558] CPU feature 'AVX registers' is not supported."}
- {"dt": "2022-06-03T05:40:04.214356", "lvl": "target", "msg": "<6>[    2.206229] PCLMULQDQ-NI instructions are not detected."}
- {"dt": "2022-06-03T05:40:04.214537", "lvl": "target", "msg": "<5>[    2.617552] Initialise system trusted keyrings"}
- {"dt": "2022-06-03T05:40:04.214761", "lvl": "target", "msg": "<6>[    2.620955] workingset: timestamp_bits=40 max_order=18 bucket_order=0"}
- {"dt": "2022-06-03T05:40:04.214963", "lvl": "target", "msg": "<5>[    2.680599] NFS: Registering the id_resolver key type"}
- {"dt": "2022-06-03T05:40:04.215148", "lvl": "target", "msg": "<5>[    2.680599] Key type id_resolver registered"}
- {"dt": "2022-06-03T05:40:04.215329", "lvl": "target", "msg": "<5>[    2.680599] Key type id_legacy registered"}
- {"dt": "2022-06-03T05:40:04.215512", "lvl": "target", "msg": "<6>[    2.693921] 9p: Installing v9fs 9p2000 file system support"}
- {"dt": "2022-06-03T05:40:04.215692", "lvl": "target", "msg": "<6>[    2.767401] NET: Registered PF_ALG protocol family"}
- {"dt": "2022-06-03T05:40:04.215869", "lvl": "target", "msg": "<6>[    2.779865] xor: measuring software checksum speed"}
- {"dt": "2022-06-03T05:40:04.216050", "lvl": "target", "msg": "<6>[    2.794713]    prefetch64-sse  :   779 MB/sec"}
- {"dt": "2022-06-03T05:40:04.216270", "lvl": "target", "msg": "<6>[    2.816343]    generic_sse     :   806 MB/sec"}
- {"dt": "2022-06-03T05:40:04.216450", "lvl": "target", "msg": "<6>[    2.816446] xor: using function: generic_sse (806 MB/sec)"}
- {"dt": "2022-06-03T05:40:04.216632", "lvl": "target", "msg": "<5>[    2.823673] Key type asymmetric registered"}
- {"dt": "2022-06-03T05:40:04.216833", "lvl": "target", "msg": "<5>[    2.823802] Asymmetric key parser 'x509' registered"}
- {"dt": "2022-06-03T05:40:04.217047", "lvl": "target", "msg": "<6>[    2.825928] Block layer SCSI generic (bsg) driver version 0.4 loaded (major 250)"}
- {"dt": "2022-06-03T05:40:04.217254", "lvl": "target", "msg": "<6>[    2.828784] io scheduler mq-deadline registered"}
- {"dt": "2022-06-03T05:40:04.217460", "lvl": "target", "msg": "<6>[    2.828917] io scheduler kyber registered"}
- {"dt": "2022-06-03T05:40:04.217665", "lvl": "target", "msg": "<6>[    2.836775] input: Power Button as /devices/LNXSYSTM:00/LNXPWRBN:00/input/input0"}
- {"dt": "2022-06-03T05:40:04.217871", "lvl": "target", "msg": "<6>[    2.867801] ACPI: button: Power Button [PWRF]"}
- {"dt": "2022-06-03T05:40:04.218076", "lvl": "target", "msg": "<6>[    2.904290] Serial: 8250/16550 driver, 4 ports, IRQ sharing enabled"}
- {"dt": "2022-06-03T05:40:04.218280", "lvl": "target", "msg": "<6>[    2.908604] 00:03: ttyS0 at I/O 0x3f8 (irq = 4, base_baud = 115200) is a 16550A"}
- {"dt": "2022-06-03T05:40:06.235953", "lvl": "target", "msg": "<6>[    2.951996] Non-volatile memory driver v1.3"}
- {"dt": "2022-06-03T05:40:06.236222", "lvl": "target", "msg": "<6>[    2.952101] Linux agpgart interface v0.103"}
- {"dt": "2022-06-03T05:40:06.236341", "lvl": "target", "msg": "<6>[    2.966822] ACPI: bus type drm_connector registered"}
- {"dt": "2022-06-03T05:40:06.236452", "lvl": "target", "msg": "<6>[    3.179714] tsc: Refined TSC clocksource calibration: 2999.932 MHz"}
- {"dt": "2022-06-03T05:40:06.236563", "lvl": "target", "msg": "<6>[    3.180073] clocksource: tsc: mask: 0xffffffffffffffff max_cycles: 0x2b3e053d24c, max_idle_ns: 440795285101 ns"}
- {"dt": "2022-06-03T05:40:06.236669", "lvl": "target", "msg": "<6>[    3.207020] loop: module loaded"}
- {"dt": "2022-06-03T05:40:06.236770", "lvl": "target", "msg": "<7>[    3.210132] ahci 0000:00:1f.2: version 3.0"}
- {"dt": "2022-06-03T05:40:06.236881", "lvl": "target", "msg": "<6>[    3.215431] clocksource: Switched to clocksource tsc"}
- {"dt": "2022-06-03T05:40:06.236995", "lvl": "target", "msg": "<6>[    3.224042] ACPI: \\_SB_.GSIA: Enabled at IRQ 16"}
- {"dt": "2022-06-03T05:40:06.237107", "lvl": "target", "msg": "<6>[    3.235923] ahci 0000:00:1f.2: AHCI 0001.0000 32 slots 6 ports 1.5 Gbps 0x3f impl SATA mode"}
- {"dt": "2022-06-03T05:40:06.237210", "lvl": "target", "msg": "<6>[    3.236121] ahci 0000:00:1f.2: flags: 64bit ncq only "}
- {"dt": "2022-06-03T05:40:06.237305", "lvl": "target", "msg": "<6>[    3.272001] scsi host0: ahci"}
- {"dt": "2022-06-03T05:40:06.237410", "lvl": "target", "msg": "<6>[    3.280426] scsi host1: ahci"}
- {"dt": "2022-06-03T05:40:06.237528", "lvl": "target", "msg": "<6>[    3.285012] scsi host2: ahci"}
- {"dt": "2022-06-03T05:40:06.237648", "lvl": "target", "msg": "<6>[    3.288247] scsi host3: ahci"}
- {"dt": "2022-06-03T05:40:06.237766", "lvl": "target", "msg": "<6>[    3.291324] scsi host4: ahci"}
- {"dt": "2022-06-03T05:40:06.237884", "lvl": "target", "msg": "<6>[    3.294780] scsi host5: ahci"}
- {"dt": "2022-06-03T05:40:06.238003", "lvl": "target", "msg": "<6>[    3.296681] ata1: SATA max UDMA/133 abar m4096@0xfebf1000 port 0xfebf1100 irq 24"}
- {"dt": "2022-06-03T05:40:06.238124", "lvl": "target", "msg": "<6>[    3.296786] ata2: SATA max UDMA/133 abar m4096@0xfebf1000 port 0xfebf1180 irq 24"}
- {"dt": "2022-06-03T05:40:06.238247", "lvl": "target", "msg": "<6>[    3.296804] ata3: SATA max UDMA/133 abar m4096@0xfebf1000 port 0xfebf1200 irq 24"}
- {"dt": "2022-06-03T05:40:06.238369", "lvl": "target", "msg": "<6>[    3.296818] ata4: SATA max UDMA/133 abar m4096@0xfebf1000 port 0xfebf1280 irq 24"}
- {"dt": "2022-06-03T05:40:06.238487", "lvl": "target", "msg": "<6>[    3.296832] ata5: SATA max UDMA/133 abar m4096@0xfebf1000 port 0xfebf1300 irq 24"}
- {"dt": "2022-06-03T05:40:06.238599", "lvl": "target", "msg": "<6>[    3.296844] ata6: SATA max UDMA/133 abar m4096@0xfebf1000 port 0xfebf1380 irq 24"}
- {"dt": "2022-06-03T05:40:06.238714", "lvl": "target", "msg": "<6>[    3.325118] e100: Intel(R) PRO/100 Network Driver"}
- {"dt": "2022-06-03T05:40:06.238829", "lvl": "target", "msg": "<6>[    3.325162] e100: Copyright(c) 1999-2006 Intel Corporation"}
- {"dt": "2022-06-03T05:40:06.238944", "lvl": "target", "msg": "<6>[    3.325328] e1000: Intel(R) PRO/1000 Network Driver"}
- {"dt": "2022-06-03T05:40:06.239058", "lvl": "target", "msg": "<6>[    3.325355] e1000: Copyright (c) 1999-2006 Intel Corporation."}
- {"dt": "2022-06-03T05:40:06.239176", "lvl": "target", "msg": "<6>[    3.326666] e1000e: Intel(R) PRO/1000 Network Driver"}
- {"dt": "2022-06-03T05:40:06.239296", "lvl": "target", "msg": "<6>[    3.326774] e1000e: Copyright(c) 1999 - 2015 Intel Corporation."}
- {"dt": "2022-06-03T05:40:06.239420", "lvl": "target", "msg": "<6>[    3.328034] igb: Intel(R) Gigabit Ethernet Network Driver"}
- {"dt": "2022-06-03T05:40:06.239543", "lvl": "target", "msg": "<6>[    3.328062] igb: Copyright (c) 2007-2014 Intel Corporation."}
- {"dt": "2022-06-03T05:40:08.643798", "lvl": "target", "msg": "<6>[    3.328232] sky2: driver version 1.30"}
- {"dt": "2022-06-03T05:40:08.644051", "lvl": "target", "msg": "<6>[    3.328770] QLogic FastLinQ 4xxxx Core Module qed"}
- {"dt": "2022-06-03T05:40:08.644207", "lvl": "target", "msg": "<6>[    3.328969] qede init: QLogic FastLinQ 4xxxx Ethernet Driver qede"}
- {"dt": "2022-06-03T05:40:08.644324", "lvl": "target", "msg": "<6>[    3.330276] usbcore: registered new interface driver asix"}
- {"dt": "2022-06-03T05:40:08.644434", "lvl": "target", "msg": "<6>[    3.330405] usbcore: registered new interface driver ax88179_178a"}
- {"dt": "2022-06-03T05:40:08.644537", "lvl": "target", "msg": "<6>[    3.331701] usbcore: registered new interface driver cdc_ether"}
- {"dt": "2022-06-03T05:40:08.644635", "lvl": "target", "msg": "<6>[    3.331843] usbcore: registered new interface driver net1080"}
- {"dt": "2022-06-03T05:40:08.644744", "lvl": "target", "msg": "<6>[    3.331982] usbcore: registered new interface driver cdc_subset"}
- {"dt": "2022-06-03T05:40:08.644866", "lvl": "target", "msg": "<6>[    3.332104] usbcore: registered new interface driver zaurus"}
- {"dt": "2022-06-03T05:40:08.644984", "lvl": "target", "msg": "<6>[    3.332324] usbcore: registered new interface driver cdc_ncm"}
- {"dt": "2022-06-03T05:40:08.645103", "lvl": "target", "msg": "<6>[    3.338297] ehci_hcd: USB 2.0 'Enhanced' Host Controller (EHCI) Driver"}
- {"dt": "2022-06-03T05:40:08.645225", "lvl": "target", "msg": "<6>[    3.339593] ehci-pci: EHCI PCI platform driver"}
- {"dt": "2022-06-03T05:40:08.645345", "lvl": "target", "msg": "<6>[    3.339971] ohci_hcd: USB 1.1 'Open' Host Controller (OHCI) Driver"}
- {"dt": "2022-06-03T05:40:08.645464", "lvl": "target", "msg": "<6>[    3.340089] ohci-pci: OHCI PCI platform driver"}
- {"dt": "2022-06-03T05:40:08.645585", "lvl": "target", "msg": "<6>[    3.340414] uhci_hcd: USB Universal Host Controller Interface driver"}
- {"dt": "2022-06-03T05:40:08.645709", "lvl": "target", "msg": "<6>[    3.343982] usbcore: registered new interface driver usblp"}
- {"dt": "2022-06-03T05:40:08.645832", "lvl": "target", "msg": "<6>[    3.344300] usbcore: registered new interface driver usb-storage"}
- {"dt": "2022-06-03T05:40:08.645956", "lvl": "target", "msg": "<6>[    3.347961] i8042: PNP: PS/2 Controller [PNP0303:KBD,PNP0f13:MOU] at 0x60,0x64 irq 1,12"}
- {"dt": "2022-06-03T05:40:08.646082", "lvl": "target", "msg": "<6>[    3.370279] serio: i8042 KBD port at 0x60,0x64 irq 1"}
- {"dt": "2022-06-03T05:40:08.646204", "lvl": "target", "msg": "<6>[    3.373344] serio: i8042 AUX port at 0x60,0x64 irq 12"}
- {"dt": "2022-06-03T05:40:08.646317", "lvl": "target", "msg": "<6>[    3.380368] rtc_cmos 00:04: RTC can wake from S4"}
- {"dt": "2022-06-03T05:40:08.646416", "lvl": "target", "msg": "<6>[    3.390801] rtc_cmos 00:04: registered as rtc0"}
- {"dt": "2022-06-03T05:40:08.646516", "lvl": "target", "msg": "<6>[    3.391716] input: AT Translated Set 2 keyboard as /devices/platform/i8042/serio0/input/input1"}
- {"dt": "2022-06-03T05:40:08.646628", "lvl": "target", "msg": "<6>[    3.394236] rtc_cmos 00:04: alarms up to one day, y3k, 242 bytes nvram, hpet irqs"}
- {"dt": "2022-06-03T05:40:08.646748", "lvl": "target", "msg": "<6>[    3.413926] i801_smbus 0000:00:1f.3: SMBus using PCI interrupt"}
- {"dt": "2022-06-03T05:40:08.646868", "lvl": "target", "msg": "<6>[    3.430681] i2c i2c-0: 1/1 memory slots populated (from DMI)"}
- {"dt": "2022-06-03T05:40:08.646987", "lvl": "target", "msg": "<6>[    3.430779] i2c i2c-0: Memory type 0x07 not supported yet, not instantiating SPD"}
- {"dt": "2022-06-03T05:40:08.647102", "lvl": "target", "msg": "<3>[    3.433863] fail to initialize ptp_kvm"}
- {"dt": "2022-06-03T05:40:12.592712", "lvl": "target", "msg": "<6>[    3.437441] device-mapper: ioctl: 4.46.0-ioctl (2022-02-22) initialised: dm-devel@redhat.com"}
- {"dt": "2022-06-03T05:40:12.594119", "lvl": "target", "msg": "<6>[    3.437955] intel_pstate: CPU model not supported"}
- {"dt": "2022-06-03T05:40:12.594865", "lvl": "target", "msg": "<6>[    3.501895] kworker/u4:7 (73) used greatest stack depth: 14472 bytes left"}
- {"dt": "2022-06-03T05:40:12.595518", "lvl": "target", "msg": "<6>[    3.518376] hid: raw HID events driver (C) Jiri Kosina"}
- {"dt": "2022-06-03T05:40:12.596184", "lvl": "target", "msg": "<6>[    3.523152] usbcore: registered new interface driver usbhid"}
- {"dt": "2022-06-03T05:40:12.596803", "lvl": "target", "msg": "<6>[    3.523199] usbhid: USB HID core driver"}
- {"dt": "2022-06-03T05:40:12.597425", "lvl": "target", "msg": "<6>[    3.541441] Initializing XFRM netlink socket"}
- {"dt": "2022-06-03T05:40:12.598039", "lvl": "target", "msg": "<6>[    3.543956] NET: Registered PF_INET6 protocol family"}
- {"dt": "2022-06-03T05:40:12.598651", "lvl": "target", "msg": "<6>[    3.570214] Segment Routing with IPv6"}
- {"dt": "2022-06-03T05:40:12.599301", "lvl": "target", "msg": "<6>[    3.570422] In-situ OAM (IOAM) with IPv6"}
- {"dt": "2022-06-03T05:40:12.599914", "lvl": "target", "msg": "<6>[    3.572725] sit: IPv6, IPv4 and MPLS over IPv4 tunneling driver"}
- {"dt": "2022-06-03T05:40:12.600543", "lvl": "target", "msg": "<6>[    3.581692] NET: Registered PF_PACKET protocol family"}
- {"dt": "2022-06-03T05:40:12.601170", "lvl": "target", "msg": "<6>[    3.592401] 9pnet: Installing 9P2000 support"}
- {"dt": "2022-06-03T05:40:12.601798", "lvl": "target", "msg": "<5>[    3.592401] Key type dns_resolver registered"}
- {"dt": "2022-06-03T05:40:12.602399", "lvl": "target", "msg": "<6>[    3.598608] IPI shorthand broadcast: enabled"}
- {"dt": "2022-06-03T05:40:12.603000", "lvl": "target", "msg": "<6>[    3.599296] sched_clock: Marking stable (3524642020, 73875647)->(3956972755, -358455088)"}
- {"dt": "2022-06-03T05:40:12.603616", "lvl": "target", "msg": "<6>[    3.621025] ata3: SATA link up 1.5 Gbps (SStatus 113 SControl 300)"}
- {"dt": "2022-06-03T05:40:12.604270", "lvl": "target", "msg": "<6>[    3.621907] registered taskstats version 1"}
- {"dt": "2022-06-03T05:40:12.604884", "lvl": "target", "msg": "<5>[    3.621991] Loading compiled-in X.509 certificates"}
- {"dt": "2022-06-03T05:40:12.605488", "lvl": "target", "msg": "<6>[    3.623748] ata1: SATA link up 1.5 Gbps (SStatus 113 SControl 300)"}
- {"dt": "2022-06-03T05:40:12.606094", "lvl": "target", "msg": "<6>[    3.638851] ata1.00: ATA-7: QEMU HARDDISK, 2.5+, max UDMA/100"}
- {"dt": "2022-06-03T05:40:12.606695", "lvl": "target", "msg": "<6>[    3.639157] ata1.00: 5925912 sectors, multi 16: LBA48 NCQ (depth 32)"}
- {"dt": "2022-06-03T05:40:12.607292", "lvl": "target", "msg": "<6>[    3.640601] ata1.00: applying bridge limits"}
- {"dt": "2022-06-03T05:40:12.607899", "lvl": "target", "msg": "<6>[    3.643042] ata2: SATA link down (SStatus 0 SControl 300)"}
- {"dt": "2022-06-03T05:40:12.608537", "lvl": "target", "msg": "<6>[    3.645446] ata5: SATA link down (SStatus 0 SControl 300)"}
- {"dt": "2022-06-03T05:40:12.609154", "lvl": "target", "msg": "<6>[    3.647680] ata4: SATA link down (SStatus 0 SControl 300)"}
- {"dt": "2022-06-03T05:40:12.609754", "lvl": "target", "msg": "<6>[    3.647889] ata6: SATA link down (SStatus 0 SControl 300)"}
- {"dt": "2022-06-03T05:40:12.610368", "lvl": "target", "msg": "<6>[    3.648334] ata3.00: ATAPI: QEMU DVD-ROM, 2.5+, max UDMA/100"}
- {"dt": "2022-06-03T05:40:12.610982", "lvl": "target", "msg": "<6>[    3.648400] ata3.00: applying bridge limits"}
- {"dt": "2022-06-03T05:40:12.611591", "lvl": "target", "msg": "<6>[    3.652207] ata3.00: configured for UDMA/100"}
- {"dt": "2022-06-03T05:40:12.612238", "lvl": "target", "msg": "<6>[    3.659046] ata1.00: configured for UDMA/100"}
- {"dt": "2022-06-03T05:40:12.612840", "lvl": "target", "msg": "<5>[    3.680622] scsi 0:0:0:0: Direct-Access     ATA      QEMU HARDDISK    2.5+ PQ: 0 ANSI: 5"}
- {"dt": "2022-06-03T05:40:19.568809", "lvl": "target", "msg": "<5>[    3.690789] scsi 0:0:0:0: Attached scsi generic sg0 type 0"}
- {"dt": "2022-06-03T05:40:19.569678", "lvl": "target", "msg": "<5>[    3.697344] sd 0:0:0:0: [sda] 5925912 512-byte logical blocks: (3.03 GB/2.83 GiB)"}
- {"dt": "2022-06-03T05:40:19.570271", "lvl": "target", "msg": "<5>[    3.699125] scsi 2:0:0:0: CD-ROM            QEMU     QEMU DVD-ROM     2.5+ PQ: 0 ANSI: 5"}
- {"dt": "2022-06-03T05:40:19.570785", "lvl": "target", "msg": "<5>[    3.700591] sd 0:0:0:0: [sda] Write Protect is off"}
- {"dt": "2022-06-03T05:40:19.571268", "lvl": "target", "msg": "<7>[    3.700680] sd 0:0:0:0: [sda] Mode Sense: 00 3a 00 00"}
- {"dt": "2022-06-03T05:40:19.571740", "lvl": "target", "msg": "<5>[    3.701412] sd 0:0:0:0: [sda] Write cache: enabled, read cache: enabled, doesn't support DPO or FUA"}
- {"dt": "2022-06-03T05:40:19.572275", "lvl": "target", "msg": "<6>[    3.702660] sd 0:0:0:0: [sda] Preferred minimum I/O size 512 bytes"}
- {"dt": "2022-06-03T05:40:19.572756", "lvl": "target", "msg": "<5>[    3.748405] sd 0:0:0:0: [sda] Attached SCSI disk"}
- {"dt": "2022-06-03T05:40:19.573251", "lvl": "target", "msg": "<6>[    3.759860] sr 2:0:0:0: [sr0] scsi3-mmc drive: 4x/4x cd/rw xa/form2 tray"}
- {"dt": "2022-06-03T05:40:19.573715", "lvl": "target", "msg": "<6>[    3.760279] cdrom: Uniform CD-ROM driver Revision: 3.20"}
- {"dt": "2022-06-03T05:40:19.574168", "lvl": "target", "msg": "<7>[    3.785739] sr 2:0:0:0: Attached scsi CD-ROM sr0"}
- {"dt": "2022-06-03T05:40:19.574672", "lvl": "target", "msg": "<5>[    3.790417] sr 2:0:0:0: Attached scsi generic sg1 type 5"}
- {"dt": "2022-06-03T05:40:19.575125", "lvl": "target", "msg": "<6>[    3.882406] PM:   Magic number: 10:883:667"}
- {"dt": "2022-06-03T05:40:19.575629", "lvl": "target", "msg": "<6>[    3.885305] printk: console [netcon0] enabled"}
- {"dt": "2022-06-03T05:40:19.576108", "lvl": "target", "msg": "<6>[    3.885343] netconsole: network logging started"}
- {"dt": "2022-06-03T05:40:19.576594", "lvl": "target", "msg": "<6>[    3.887649] printk: console [netcon0] printing thread started"}
- {"dt": "2022-06-03T05:40:19.577062", "lvl": "target", "msg": "<5>[    3.907841] cfg80211: Loading compiled-in X.509 certificates for regulatory database"}
- {"dt": "2022-06-03T05:40:19.577557", "lvl": "target", "msg": "<5>[    3.935125] cfg80211: Loaded X.509 cert 'sforshee: 00b28ddf47aef9cea7'"}
- {"dt": "2022-06-03T05:40:19.578037", "lvl": "target", "msg": "<4>[    3.943075] platform regulatory.0: Direct firmware load for regulatory.db failed with error -2"}
- {"dt": "2022-06-03T05:40:19.578536", "lvl": "target", "msg": "<6>[    3.952010] cfg80211: failed to load regulatory.db"}
- {"dt": "2022-06-03T05:40:19.578981", "lvl": "target", "msg": "<6>[    3.964704] ALSA device list:"}
- {"dt": "2022-06-03T05:40:19.579485", "lvl": "target", "msg": "<6>[    3.964959]   No soundcards found."}
- {"dt": "2022-06-03T05:40:19.579977", "lvl": "target", "msg": "<6>[    3.983816] input: ImExPS/2 Generic Explorer Mouse as /devices/platform/i8042/serio1/input/input3"}
- {"dt": "2022-06-03T05:40:19.580494", "lvl": "target", "msg": "<6>[   14.123160] md: Waiting for all devices to be available before autodetect"}
- {"dt": "2022-06-03T05:40:19.580981", "lvl": "target", "msg": "<6>[   14.123216] md: If you don't use raid, use raid=noautodetect"}
- {"dt": "2022-06-03T05:40:19.581510", "lvl": "target", "msg": "<6>[   14.123301] md: Autodetecting RAID arrays."}
- {"dt": "2022-06-03T05:40:19.581967", "lvl": "target", "msg": "<6>[   14.123370] md: autorun ..."}
- {"dt": "2022-06-03T05:40:19.582460", "lvl": "target", "msg": "<6>[   14.123394] md: ... autorun DONE."}
- {"dt": "2022-06-03T05:40:28.311310", "lvl": "target", "msg": "<6>[   14.325226] EXT4-fs (sda): mounted filesystem with ordered data mode. Quota mode: none."}
- {"dt": "2022-06-03T05:40:28.313395", "lvl": "target", "msg": "<6>[   14.332102] VFS: Mounted root (ext4 filesystem) readonly on device 8:0."}
- {"dt": "2022-06-03T05:40:28.314620", "lvl": "target", "msg": "<6>[   14.342361] devtmpfs: mounted"}
- {"dt": "2022-06-03T05:40:28.315306", "lvl": "target", "msg": "<6>[   14.465434] Freeing unused kernel image (initmem) memory: 1816K"}
- {"dt": "2022-06-03T05:40:28.315553", "lvl": "target", "msg": "<6>[   14.480245] Write protecting the kernel read-only data: 30720k"}
- {"dt": "2022-06-03T05:40:28.316261", "lvl": "target", "msg": "<6>[   14.499148] Freeing unused kernel image (text/rodata gap) memory: 2032K"}
- {"dt": "2022-06-03T05:40:28.316498", "lvl": "target", "msg": "<6>[   14.517022] Freeing unused kernel image (rodata/data gap) memory: 1576K"}
- {"dt": "2022-06-03T05:40:28.316717", "lvl": "target", "msg": "<6>[   14.527323] Run /sbin/init as init process"}
- {"dt": "2022-06-03T05:40:28.317352", "lvl": "target", "msg": "<7>[   14.528250]   with arguments:"}
- {"dt": "2022-06-03T05:40:28.317588", "lvl": "target", "msg": "<7>[   14.528316]     /sbin/init"}
- {"dt": "2022-06-03T05:40:28.319257", "lvl": "target", "msg": "<7>[   14.528344]     verbose"}
- {"dt": "2022-06-03T05:40:28.319487", "lvl": "target", "msg": "<7>[   14.528363]   with environment:"}
- {"dt": "2022-06-03T05:40:28.319699", "lvl": "target", "msg": "<7>[   14.528387]     HOME=/"}
- {"dt": "2022-06-03T05:40:28.319906", "lvl": "target", "msg": "<7>[   14.528409]     TERM=linux"}
- {"dt": "2022-06-03T05:40:28.320135", "lvl": "target", "msg": "<30>[   15.780041] systemd[1]: systemd 237 running in system mode. (+PAM -AUDIT -SELINUX +IMA -APPARMOR +SMACK +SYSVINIT +UTMP -LIBCRYPTSETUP -GCRYPT -GNUTLS +ACL +XZ -LZ4 -SECCOMP +BLKID -ELFUTILS +KMOD -IDN2 -IDN -PCRE2 default-hierarchy=hybrid)"}
- {"dt": "2022-06-03T05:40:28.320361", "lvl": "target", "msg": "<31>[   15.788487] systemd[1]: Virtualization QEMU found in DMI (/sys/class/dmi/id/sys_vendor)"}
- {"dt": "2022-06-03T05:40:28.320596", "lvl": "target", "msg": "<31>[   15.788992] systemd[1]: Virtualization found, CPUID=TCGTCGTCGTCG"}
- {"dt": "2022-06-03T05:40:28.320808", "lvl": "target", "msg": "<31>[   15.789352] systemd[1]: Found VM virtualization qemu"}
- {"dt": "2022-06-03T05:40:28.321032", "lvl": "target", "msg": "<30>[   15.790031] systemd[1]: Detected virtualization qemu."}
- {"dt": "2022-06-03T05:40:28.322305", "lvl": "target", "msg": "<30>[   15.792057] systemd[1]: Detected architecture x86-64."}
- {"dt": "2022-06-03T05:40:28.322538", "lvl": "target", "msg": "<31>[   15.811925] systemd[1]: Mounting cgroup to /sys/fs/cgroup/misc of type cgroup with options misc."}
- {"dt": "2022-06-03T05:40:28.322751", "lvl": "target", "msg": "<31>[   15.820667] systemd[1]: Mounting cgroup to /sys/fs/cgroup/debug of type cgroup with options debug."}
- {"dt": "2022-06-03T05:40:28.322965", "lvl": "target", "msg": "<31>[   15.825150] systemd[1]: Mounting cgroup to /sys/fs/cgroup/cpuset of type cgroup with options cpuset."}
- {"dt": "2022-06-03T05:40:28.323176", "lvl": "target", "msg": "<31>[   15.841242] systemd[1]: Mounting cgroup to /sys/fs/cgroup/net_cls,net_prio of type cgroup with options net_cls,net_prio."}
- {"dt": "2022-06-03T05:40:28.323388", "lvl": "target", "msg": "<5>[   15.908961] random: crng init done"}
- {"dt": "2022-06-03T05:40:28.324371", "lvl": "target", "msg": ""}
- {"dt": "2022-06-03T05:40:28.324611", "lvl": "target", "msg": "Welcome to [1mLinux-Kernel-Functional-Testing 2.5+linaro[0m!"}
- {"dt": "2022-06-03T05:40:28.324823", "lvl": "target", "msg": ""}
- {"dt": "2022-06-03T05:40:28.325044", "lvl": "target", "msg": "<31>[   17.155793] systemd-fstab-generator[204]: Parsing /etc/fstab"}
- {"dt": "2022-06-03T05:40:37.795405", "lvl": "target", "msg": "<31>[   17.216952] systemd-getty-generator[205]: Automatically adding serial getty for /dev/ttyS0."}
- {"dt": "2022-06-03T05:40:37.795727", "lvl": "target", "msg": "<31>[   17.232983] systemd-fstab-generator[204]: Found entry what=/dev/root where=/ type=auto makefs=no nofail=no noauto=no"}
- {"dt": "2022-06-03T05:40:37.801541", "lvl": "target", "msg": "<6>[   17.274332] systemd-debug-g (203) used greatest stack depth: 13600 bytes left"}
- {"dt": "2022-06-03T05:40:37.802847", "lvl": "target", "msg": "<6>[   17.279413] systemd-hiberna (207) used greatest stack depth: 13312 bytes left"}
- {"dt": "2022-06-03T05:40:37.803399", "lvl": "target", "msg": "<31>[   17.363078] systemd-fstab-generator[204]: Found entry what=proc where=/proc type=proc makefs=no nofail=no noauto=no"}
- {"dt": "2022-06-03T05:40:37.804391", "lvl": "target", "msg": "<31>[   17.367931] systemd-fstab-generator[204]: Found entry what=devpts where=/dev/pts type=devpts makefs=no nofail=no noauto=no"}
- {"dt": "2022-06-03T05:40:37.806257", "lvl": "target", "msg": "<31>[   17.370286] systemd-fstab-generator[204]: Found entry what=tmpfs where=/run type=tmpfs makefs=no nofail=no noauto=no"}
- {"dt": "2022-06-03T05:40:37.807257", "lvl": "target", "msg": "<31>[   17.374383] systemd-fstab-generator[204]: Found entry what=tmpfs where=/var/volatile type=tmpfs makefs=no nofail=no noauto=no"}
- {"dt": "2022-06-03T05:40:37.807644", "lvl": "target", "msg": "<6>[   17.389107] systemd-fstab-g (204) used greatest stack depth: 13304 bytes left"}
- {"dt": "2022-06-03T05:40:37.808029", "lvl": "target", "msg": "<31>[   17.400922] systemd-gpt-auto-generator[206]: /dev/sda: parent isn't a raw disk, ignoring."}
- {"dt": "2022-06-03T05:40:37.809258", "lvl": "target", "msg": "<31>[   17.415968] systemd-sysv-generator[210]: Cannot find unit lms8.service."}
- {"dt": "2022-06-03T05:40:37.809645", "lvl": "target", "msg": "<31>[   17.450434] systemd-sysv-generator[210]: Native unit for psplash.service already exists, skipping."}
- {"dt": "2022-06-03T05:40:37.810033", "lvl": "target", "msg": "<31>[   17.455435] systemd-sysv-generator[210]: Loading SysV script /etc/init.d/lms8"}
- {"dt": "2022-06-03T05:40:37.810426", "lvl": "target", "msg": "<31>[   17.464385] systemd-sysv-generator[210]: Adding Provides: alias 'lms.service' for 'lms8.service'"}
- {"dt": "2022-06-03T05:40:37.810824", "lvl": "target", "msg": "<6>[   17.486635] systemd-sysv-ge (210) used greatest stack depth: 12928 bytes left"}
- {"dt": "2022-06-03T05:40:37.812255", "lvl": "target", "msg": "[[0;32m  OK  [0m] Reached target Remote File Systems."}
- {"dt": "2022-06-03T05:40:37.812645", "lvl": "target", "msg": "[[0;32m  OK  [0m] Started Forward Password Requests to Wall Directory Watch."}
- {"dt": "2022-06-03T05:40:37.813037", "lvl": "target", "msg": "[[0;32m  OK  [0m] Created slice System Slice."}
- {"dt": "2022-06-03T05:40:37.813422", "lvl": "target", "msg": "[[0;32m  OK  [0m] Listening on Journal Audit Socket."}
- {"dt": "2022-06-03T05:40:37.813807", "lvl": "target", "msg": "[[0;32m  OK  [0m] Listening on Journal Socket."}
- {"dt": "2022-06-03T05:40:37.815259", "lvl": "target", "msg": "         Starting Load Kernel Modules..."}
- {"dt": "2022-06-03T05:40:37.815649", "lvl": "target", "msg": "[[0;32m  OK  [0m] Listening on Journal Socket (/dev/log)."}
- {"dt": "2022-06-03T05:40:37.816034", "lvl": "target", "msg": "[[0;32m  OK  [0m] Listening on udev Control Socket."}
- {"dt": "2022-06-03T05:40:48.183027", "lvl": "target", "msg": "[[0;32m  OK  [0m] Listening on udev Kernel Socket."}
- {"dt": "2022-06-03T05:40:48.183359", "lvl": "target", "msg": "[[0;32m  OK  [0m] Reached target Swap."}
- {"dt": "2022-06-03T05:40:48.183511", "lvl": "target", "msg": "[[0;32m  OK  [0m] Started Dispatch Password Requests to Console Directory Watch."}
- {"dt": "2022-06-03T05:40:48.183626", "lvl": "target", "msg": "         Starting File System Check on Root Device..."}
- {"dt": "2022-06-03T05:40:48.183738", "lvl": "target", "msg": "[[0;32m  OK  [0m] Reached target Paths."}
- {"dt": "2022-06-03T05:40:48.183845", "lvl": "target", "msg": "[[0;32m  OK  [0m] Created slice User and Session Slice."}
- {"dt": "2022-06-03T05:40:48.183945", "lvl": "target", "msg": "[[0;32m  OK  [0m] Reached target Slices."}
- {"dt": "2022-06-03T05:40:48.184051", "lvl": "target", "msg": "         Mounting Huge Pages File System..."}
- {"dt": "2022-06-03T05:40:48.184202", "lvl": "target", "msg": "[[0;32m  OK  [0m] Created slice system-getty.slice."}
- {"dt": "2022-06-03T05:40:48.184337", "lvl": "target", "msg": "[[0;32m  OK  [0m] Listening on /dev/initctl Compatibility Named Pipe."}
- {"dt": "2022-06-03T05:40:48.184445", "lvl": "target", "msg": "         Mounting Temporary Directory (/tmp)..."}
- {"dt": "2022-06-03T05:40:48.184555", "lvl": "target", "msg": "[[0;32m  OK  [0m] Listening on Syslog Socket."}
- {"dt": "2022-06-03T05:40:48.184672", "lvl": "target", "msg": "<31>[   20.850432] systemd[1]: BPF firewalling not supported on this systemd, proceeding without."}
- {"dt": "2022-06-03T05:40:48.184792", "lvl": "target", "msg": "<31>[   20.865266] systemd[1]: kmod-static-nodes.service: Passing 0 fds to service"}
- {"dt": "2022-06-03T05:40:48.184929", "lvl": "target", "msg": "<31>[   20.866154] systemd[1]: kmod-static-nodes.service: About to execute: /bin/kmod static-nodes --format=tmpfiles --output=/run/tmpfiles.d/kmod.conf"}
- {"dt": "2022-06-03T05:40:48.185058", "lvl": "target", "msg": "<31>[   20.877954] systemd[1]: kmod-static-nodes.service: Forked /bin/kmod as 216"}
- {"dt": "2022-06-03T05:40:48.185184", "lvl": "target", "msg": "<31>[   20.911330] systemd[1]: kmod-static-nodes.service: Changed dead -> start"}
- {"dt": "2022-06-03T05:40:48.185309", "lvl": "target", "msg": "<30>[   20.922312] systemd[1]: Starting Create list of required static device nodes for the current kernel..."}
- {"dt": "2022-06-03T05:40:48.185437", "lvl": "target", "msg": "         Starting Create list of required st\u2026ce nodes for the current kernel..."}
- {"dt": "2022-06-03T05:40:48.185566", "lvl": "target", "msg": "<31>[   20.983970] systemd[1]: system-serial\\x2dgetty.slice changed dead -> active"}
- {"dt": "2022-06-03T05:40:48.185693", "lvl": "target", "msg": "<31>[   20.984234] systemd[1]: system-serial\\x2dgetty.slice: Job system-serial\\x2dgetty.slice/start finished, result=done"}
- {"dt": "2022-06-03T05:40:48.185817", "lvl": "target", "msg": "<30>[   20.984426] systemd[1]: Created slice system-serial\\x2dgetty.slice."}
- {"dt": "2022-06-03T05:40:48.186977", "lvl": "target", "msg": "[[0;32m  OK  [0m] Created slice system-serial\\x2dgetty.slice."}
- {"dt": "2022-06-03T05:40:48.187124", "lvl": "target", "msg": "<31>[   21.009082] systemd[1]: systemd-udev-trigger.service: ConditionPathIsReadWrite=/sys succeeded."}
- {"dt": "2022-06-03T05:40:48.187259", "lvl": "target", "msg": "         Starting udev Coldplug all Devices..."}
- {"dt": "2022-06-03T05:40:48.189313", "lvl": "target", "msg": "<6>[   21.252377] kmod (216) used greatest stack depth: 12432 bytes left"}
- {"dt": "2022-06-03T05:40:48.189463", "lvl": "target", "msg": "         Mounting Kernel Debug File System..."}
- {"dt": "2022-06-03T05:41:03.240092", "lvl": "target", "msg": "[[0;32m  OK  [0m] Listening on Network Service Netlink Socket."}
- {"dt": "2022-06-03T05:41:03.242292", "lvl": "target", "msg": "         Starting Journal Service..."}
- {"dt": "2022-06-03T05:41:03.242637", "lvl": "target", "msg": "         Mounting POSIX Message Queue File System..."}
- {"dt": "2022-06-03T05:41:03.242858", "lvl": "target", "msg": "<47>[   22.159062] systemd-journald[220]: Found cgroup2 on /sys/fs/cgroup/unified, unified hierarchy for systemd controller"}
- {"dt": "2022-06-03T05:41:03.243283", "lvl": "target", "msg": "<47>[   22.369449] systemd-journald[220]: Fixed min_use=1.0M max_use=64.0M max_size=8.0M min_size=512.0K keep_free=72.7M n_max_files=100"}
- {"dt": "2022-06-03T05:41:03.245266", "lvl": "target", "msg": "[[0;1;31mFAILED[0m] Failed to start Load Kernel Modules."}
- {"dt": "2022-06-03T05:41:03.246336", "lvl": "target", "msg": "See 'systemctl status systemd-modules-load.service' for details."}
- {"dt": "2022-06-03T05:41:03.247277", "lvl": "target", "msg": "<47>[   22.549911] systemd-journald[220]: Reserving 14563 entries in hash table."}
- {"dt": "2022-06-03T05:41:03.247509", "lvl": "target", "msg": "<47>[   22.566143] systemd-journald[220]: Vacuuming..."}
- {"dt": "2022-06-03T05:41:03.247722", "lvl": "target", "msg": "<47>[   22.569216] systemd-journald[220]: Vacuuming done, freed 0B of archived journals from /run/log/journal/bb0e7310c99149c381433c15772edcda."}
- {"dt": "2022-06-03T05:41:03.248388", "lvl": "target", "msg": "<47>[   22.571662] systemd-journald[220]: Flushing /dev/kmsg..."}
- {"dt": "2022-06-03T05:41:03.248624", "lvl": "target", "msg": "[[0;32m  OK  [0m] Started File System Check on Root Device."}
- {"dt": "2022-06-03T05:41:03.248843", "lvl": "target", "msg": "[[0;32m  OK  [0m] Mounted Huge Pages File System."}
- {"dt": "2022-06-03T05:41:03.249319", "lvl": "target", "msg": "[[0;32m  OK  [0m] Mounted Temporary Directory (/tmp)."}
- {"dt": "2022-06-03T05:41:03.250255", "lvl": "target", "msg": "[[0;32m  OK  [0m] Started Create list of required sta\u2026vice nodes for the current kernel."}
- {"dt": "2022-06-03T05:41:03.250486", "lvl": "target", "msg": "[[0;32m  OK  [0m] Mounted Kernel Debug File System."}
- {"dt": "2022-06-03T05:41:03.250695", "lvl": "target", "msg": "[[0;32m  OK  [0m] Mounted POSIX Message Queue File System."}
- {"dt": "2022-06-03T05:41:03.250900", "lvl": "target", "msg": "         Starting Remount Root and Kernel File Systems..."}
- {"dt": "2022-06-03T05:41:03.251104", "lvl": "target", "msg": "         Starting Apply Kernel Variables..."}
- {"dt": "2022-06-03T05:41:03.251732", "lvl": "target", "msg": "[[0;32m  OK  [0m] Started Apply Kernel Variables."}
- {"dt": "2022-06-03T05:41:03.252125", "lvl": "target", "msg": "<6>[   25.228952] EXT4-fs (sda): re-mounted. Quota mode: none."}
- {"dt": "2022-06-03T05:41:03.253266", "lvl": "target", "msg": "<47>[   25.533020] systemd-journald[220]: systemd-journald running as pid 220"}
- {"dt": "2022-06-03T05:41:03.253635", "lvl": "target", "msg": "<47>[   25.585154] systemd-journald[220]: Sent READY=1 notification."}
- {"dt": "2022-06-03T05:41:03.254003", "lvl": "target", "msg": "<47>[   25.589275] systemd-journald[220]: Sent WATCHDOG=1 notification."}
- {"dt": "2022-06-03T05:41:03.255269", "lvl": "target", "msg": "[[0;32m  OK  [0m] Started Journal Service."}
- {"dt": "2022-06-03T05:41:03.255638", "lvl": "target", "msg": "<47>[   25.705704] systemd-journald[220]: Successfully sent stream file descriptor to service manager."}
- {"dt": "2022-06-03T05:41:03.256009", "lvl": "target", "msg": "[[0;32m  OK  [0m] Started Remount Root and Kernel File Systems."}
- {"dt": "2022-06-03T05:41:03.256410", "lvl": "target", "msg": "         Starting Rebuild Hardware Database..."}
- {"dt": "2022-06-03T05:41:19.625451", "lvl": "target", "msg": "         Starting Create System Users..."}
- {"dt": "2022-06-03T05:41:19.626640", "lvl": "target", "msg": "         Starting Flush Journal to Persistent Storage..."}
- {"dt": "2022-06-03T05:41:19.627458", "lvl": "target", "msg": "<46>[   27.378366] systemd-journald[220]: Received request to flush runtime journal from PID 1"}
- {"dt": "2022-06-03T05:41:19.628128", "lvl": "target", "msg": "<47>[   27.390212] systemd-journald[220]: Vacuuming..."}
- {"dt": "2022-06-03T05:41:19.628813", "lvl": "target", "msg": "<47>[   27.392649] systemd-journald[220]: Vacuuming done, freed 0B of archived journals from /run/log/journal/bb0e7310c99149c381433c15772edcda."}
- {"dt": "2022-06-03T05:41:19.629490", "lvl": "target", "msg": "[[0;32m  OK  [0m] Started Flush Journal to Persistent Storage."}
- {"dt": "2022-06-03T05:41:19.630115", "lvl": "target", "msg": "[[0;32m  OK  [0m] Started Create System Users."}
- {"dt": "2022-06-03T05:41:19.630770", "lvl": "target", "msg": "         Starting Create Static Device Nodes in /dev..."}
- {"dt": "2022-06-03T05:41:19.631406", "lvl": "target", "msg": "<47>[   28.561052] systemd-journald[220]: Successfully sent stream file descriptor to service manager."}
- {"dt": "2022-06-03T05:41:19.632038", "lvl": "target", "msg": "[[0;32m  OK  [0m] Started Create Static Device Nodes in /dev."}
- {"dt": "2022-06-03T05:41:19.632714", "lvl": "target", "msg": "[[0;32m  OK  [0m] Reached target Local File Systems (Pre)."}
- {"dt": "2022-06-03T05:41:19.633353", "lvl": "target", "msg": "         Mounting /var/volatile..."}
- {"dt": "2022-06-03T05:41:19.633970", "lvl": "target", "msg": "[[0;32m  OK  [0m] Reached target Containers."}
- {"dt": "2022-06-03T05:41:19.634624", "lvl": "target", "msg": "<47>[   30.297743] systemd-journald[220]: Successfully sent stream file descriptor to service manager."}
- {"dt": "2022-06-03T05:41:19.635271", "lvl": "target", "msg": "[[0;32m  OK  [0m] Mounted /var/volatile."}
- {"dt": "2022-06-03T05:41:19.635878", "lvl": "target", "msg": "         Starting Load/Save Random Seed..."}
- {"dt": "2022-06-03T05:41:19.636554", "lvl": "target", "msg": "[[0;32m  OK  [0m] Reached target Local File Systems."}
- {"dt": "2022-06-03T05:41:19.637175", "lvl": "target", "msg": "<47>[   31.015016] systemd-journald[220]: Successfully sent stream file descriptor to service manager."}
- {"dt": "2022-06-03T05:41:19.637830", "lvl": "target", "msg": "         Starting Rebuild Journal Catalog..."}
- {"dt": "2022-06-03T05:41:19.638480", "lvl": "target", "msg": "<47>[   31.387421] systemd-journald[220]: Successfully sent stream file descriptor to service manager."}
- {"dt": "2022-06-03T05:41:19.639104", "lvl": "target", "msg": "         Starting Rebuild Dynamic Linker Cache..."}
- {"dt": "2022-06-03T05:41:19.639814", "lvl": "target", "msg": "<47>[   31.735454] systemd-journald[220]: Successfully sent stream file descriptor to service manager."}
- {"dt": "2022-06-03T05:41:19.640571", "lvl": "target", "msg": "         Starting Create Volatile Files and Directories..."}
- {"dt": "2022-06-03T05:41:19.641173", "lvl": "target", "msg": "<47>[   31.909437] systemd-journald[220]: Successfully sent stream file descriptor to service manager."}
- {"dt": "2022-06-03T05:41:19.641829", "lvl": "target", "msg": "         Starting Commit a transient machine-id on disk..."}
- {"dt": "2022-06-03T05:41:19.642477", "lvl": "target", "msg": "<47>[   32.218672] systemd-journald[220]: Successfully sent stream file descriptor to service manager."}
- {"dt": "2022-06-03T05:41:19.643102", "lvl": "target", "msg": "[[0;32m  OK  [0m] Started Load/Save Random Seed."}
- {"dt": "2022-06-03T05:41:19.643760", "lvl": "target", "msg": "[[0;32m  OK  [0m] Started Commit a transient machine-id on disk."}
- {"dt": "2022-06-03T05:41:37.803018", "lvl": "target", "msg": "[[0;32m  OK  [0m] Started Rebuild Journal Catalog."}
- {"dt": "2022-06-03T05:41:37.804568", "lvl": "target", "msg": "[[0;32m  OK  [0m] Started Create Volatile Files and Directories."}
- {"dt": "2022-06-03T05:41:37.805430", "lvl": "target", "msg": "         Starting Update UTMP about System Boot/Shutdown..."}
- {"dt": "2022-06-03T05:41:37.806083", "lvl": "target", "msg": "         Starting Run pending postinsts..."}
- {"dt": "2022-06-03T05:41:37.806677", "lvl": "target", "msg": "         Starting Network Time Synchronization..."}
- {"dt": "2022-06-03T05:41:37.807303", "lvl": "target", "msg": "<47>[   37.151931] systemd-journald[220]: Successfully sent stream file descriptor to service manager."}
- {"dt": "2022-06-03T05:41:37.808301", "lvl": "target", "msg": "         Starting Opkg first boot configure..."}
- {"dt": "2022-06-03T05:41:37.808914", "lvl": "target", "msg": "<47>[   38.387755] systemd-journald[220]: Successfully sent stream file descriptor to service manager."}
- {"dt": "2022-06-03T05:41:37.809521", "lvl": "target", "msg": "[[0;32m  OK  [0m] Started udev Coldplug all Devices."}
- {"dt": "2022-06-03T05:41:37.810112", "lvl": "target", "msg": "[[0;32m  OK  [0m] Started Update UTMP about System Boot/Shutdown."}
- {"dt": "2022-06-03T05:41:37.810714", "lvl": "target", "msg": "[[0;32m  OK  [0m] Started Rebuild Dynamic Linker Cache."}
- {"dt": "2022-06-03T05:41:37.811319", "lvl": "target", "msg": "<47>[   40.003627] systemd-journald[220]: Successfully sent stream file descriptor to service manager."}
- {"dt": "2022-06-03T05:41:37.811921", "lvl": "target", "msg": "<47>[   40.471242] systemd-journald[220]: Successfully sent stream file descriptor to service manager."}
- {"dt": "2022-06-03T05:41:37.812568", "lvl": "target", "msg": "<31>[   40.482384] systemd[1]: systemd-journald.service: Got notification message from PID 220 (FDSTORE=1)"}
- {"dt": "2022-06-03T05:41:37.813183", "lvl": "target", "msg": "<31>[   40.495279] systemd[1]: systemd-journald.service: Added fd 40 (n/a) to fd store."}
- {"dt": "2022-06-03T05:41:37.813793", "lvl": "target", "msg": "<31>[   40.511932] systemd[1]: systemd-journald.service: Received EPOLLHUP on stored fd 40 (stored), closing."}
- {"dt": "2022-06-03T05:41:37.814401", "lvl": "target", "msg": "<47>[   40.801404] systemd-journald[220]: Successfully sent stream file descriptor to service manager."}
- {"dt": "2022-06-03T05:41:37.815015", "lvl": "target", "msg": "<31>[   40.813159] systemd[1]: systemd-journald.service: Got notification message from PID 220 (FDSTORE=1)"}
- {"dt": "2022-06-03T05:41:37.815636", "lvl": "target", "msg": "<31>[   40.844110] systemd[1]: systemd-journald.service: Added fd 40 (n/a) to fd store."}
- {"dt": "2022-06-03T05:41:37.816270", "lvl": "target", "msg": "<31>[   40.886023] systemd[1]: Bus n/a: changing state UNSET \u2192 OPENING"}
- {"dt": "2022-06-03T05:41:37.816909", "lvl": "target", "msg": "<31>[   40.899093] systemd[1]: Bus n/a: changing state OPENING \u2192 AUTHENTICATING"}
- {"dt": "2022-06-03T05:41:37.817528", "lvl": "target", "msg": "<31>[   41.019107] systemd[1]: Accepted new private connection."}
- {"dt": "2022-06-03T05:41:37.818142", "lvl": "target", "msg": "<31>[   41.057061] systemd[1]: Bus n/a: changing state AUTHENTICATING \u2192 RUNNING"}
- {"dt": "2022-06-03T05:41:49.499012", "lvl": "target", "msg": "<31>[   41.075355] systemd[1]: Got message type=method_call sender=n/a destination=org.freedesktop.systemd1 path=/org/freedesktop/systemd1 interface=org.freedesktop.systemd1.Manager member=DisableUnitFiles cookie=1 reply_cookie=0 signature=asb error-name=n/a error-message=n/a"}
- {"dt": "2022-06-03T05:41:49.499280", "lvl": "target", "msg": "[[0;32m  OK  [0m] Started Opkg first boot configure."}
- {"dt": "2022-06-03T05:41:49.499404", "lvl": "target", "msg": "[[0;32m  OK  [0m] Started Network Time Synchronization."}
- {"dt": "2022-06-03T05:41:49.499512", "lvl": "target", "msg": "[[0;32m  OK  [0m] Reached target System Time Synchronized."}
- {"dt": "2022-06-03T05:41:49.499619", "lvl": "target", "msg": "<47>[   44.537442] systemd-journald[220]: Successfully sent stream file descriptor to service manager."}
- {"dt": "2022-06-03T05:41:49.499728", "lvl": "target", "msg": "[[0;32m  OK  [0m] Started Run pending postinsts."}
- {"dt": "2022-06-03T05:41:49.499834", "lvl": "target", "msg": "[[0;32m  OK  [0m] Started Rebuild Hardware Database."}
- {"dt": "2022-06-03T05:41:49.499931", "lvl": "target", "msg": "         Starting Update is Completed..."}
- {"dt": "2022-06-03T05:41:49.500032", "lvl": "target", "msg": "<47>[   49.384099] systemd-journald[220]: Successfully sent stream file descriptor to service manager."}
- {"dt": "2022-06-03T05:41:49.500151", "lvl": "target", "msg": "         Starting udev Kernel Device Manager..."}
- {"dt": "2022-06-03T05:41:49.500248", "lvl": "target", "msg": "<47>[   49.563043] systemd-journald[220]: Successfully sent stream file descriptor to service manager."}
- {"dt": "2022-06-03T05:41:49.500341", "lvl": "target", "msg": "[[0;32m  OK  [0m] Started Update is Completed."}
- {"dt": "2022-06-03T05:41:49.500432", "lvl": "target", "msg": "[[0;32m  OK  [0m] Started udev Kernel Device Manager."}
- {"dt": "2022-06-03T05:41:49.500521", "lvl": "target", "msg": "         Starting Network Service..."}
- {"dt": "2022-06-03T05:41:49.500614", "lvl": "target", "msg": "[[0;32m  OK  [0m] Reached target System Initialization."}
- {"dt": "2022-06-03T05:41:49.500708", "lvl": "target", "msg": "[[0;32m  OK  [0m] Started Daily Cleanup of Temporary Directories."}
- {"dt": "2022-06-03T05:41:49.500821", "lvl": "target", "msg": "[[0;32m  OK  [0m] Started Daily rotation of log files."}
- {"dt": "2022-06-03T05:41:49.500918", "lvl": "target", "msg": "[[0;32m  OK  [0m] Reached target Timers."}
- {"dt": "2022-06-03T05:41:49.501011", "lvl": "target", "msg": "[[0;32m  OK  [0m] Listening on Avahi mDNS/DNS-SD Stack Activation Socket."}
- {"dt": "2022-06-03T05:41:49.501103", "lvl": "target", "msg": "<47>[   51.372819] systemd-journald[220]: Successfully sent stream file descriptor to service manager."}
- {"dt": "2022-06-03T05:41:49.501198", "lvl": "target", "msg": "         Starting sshd.socket."}
- {"dt": "2022-06-03T05:41:49.501293", "lvl": "target", "msg": "<47>[   51.547842] systemd-journald[220]: Successfully sent stream file descriptor to service manager."}
- {"dt": "2022-06-03T05:41:49.501385", "lvl": "target", "msg": "[[0;32m  OK  [0m] Listening on RPCbind Server Activation Socket."}
- {"dt": "2022-06-03T05:41:49.501478", "lvl": "target", "msg": "[[0;32m  OK  [0m] Listening on D-Bus System Message Bus Socket."}
- {"dt": "2022-06-03T05:41:49.501571", "lvl": "target", "msg": "[[0;32m  OK  [0m] Listening on sshd.socket."}
- {"dt": "2022-06-03T05:41:49.501662", "lvl": "target", "msg": "[[0;32m  OK  [0m] Reached target Sockets."}
- {"dt": "2022-06-03T05:41:49.501752", "lvl": "target", "msg": "[[0;32m  OK  [0m] Reached target Basic System."}
- {"dt": "2022-06-03T05:41:49.501842", "lvl": "target", "msg": "[[0;32m  OK  [0m] Started System Logging Service."}
- {"dt": "2022-06-03T05:41:49.501932", "lvl": "target", "msg": "<47>[   53.130026] systemd-journald[220]: Successfully sent stream file descriptor to service manager."}
- {"dt": "2022-06-03T05:41:59.476264", "lvl": "target", "msg": "         Starting Avahi mDNS/DNS-SD Stack..."}
- {"dt": "2022-06-03T05:41:59.476520", "lvl": "target", "msg": "<47>[   53.382045] systemd-journald[220]: Successfully sent stream file descriptor to service manager."}
- {"dt": "2022-06-03T05:41:59.476880", "lvl": "target", "msg": "[[0;32m  OK  [0m] Started Periodic Command Scheduler."}
- {"dt": "2022-06-03T05:41:59.477196", "lvl": "target", "msg": "<47>[   53.859375] systemd-journald[220]: Successfully sent stream file descriptor to service manager."}
- {"dt": "2022-06-03T05:41:59.477488", "lvl": "target", "msg": "[[0;32m  OK  [0m] Started D-Bus System Message Bus."}
- {"dt": "2022-06-03T05:41:59.477761", "lvl": "target", "msg": "<47>[   54.268218] systemd-journald[220]: Successfully sent stream file descriptor to service manager."}
- {"dt": "2022-06-03T05:41:59.478034", "lvl": "target", "msg": "[[0;32m  OK  [0m] Started Kernel Logging Service."}
- {"dt": "2022-06-03T05:41:59.478298", "lvl": "target", "msg": "<47>[   56.929822] systemd-journald[220]: Successfully sent stream file descriptor to service manager."}
- {"dt": "2022-06-03T05:41:59.478567", "lvl": "target", "msg": "         Starting Thermal Daemon Service..."}
- {"dt": "2022-06-03T05:41:59.478835", "lvl": "target", "msg": "<47>[   57.282095] systemd-journald[220]: Successfully sent stream file descriptor to service manager."}
- {"dt": "2022-06-03T05:41:59.479106", "lvl": "target", "msg": "         Starting Network Manager..."}
- {"dt": "2022-06-03T05:41:59.479374", "lvl": "target", "msg": "<47>[   57.530333] systemd-journald[220]: Successfully sent stream file descriptor to service manager."}
- {"dt": "2022-06-03T05:41:59.479645", "lvl": "target", "msg": "         Starting Entropy Daemon based on the HAVEGE algorithm..."}
- {"dt": "2022-06-03T05:41:59.479914", "lvl": "target", "msg": "<47>[   58.212231] systemd-journald[220]: Successfully sent stream file descriptor to service manager."}
- {"dt": "2022-06-03T05:41:59.480203", "lvl": "target", "msg": "         Starting Resize root filesystem to fit available disk space..."}
- {"dt": "2022-06-03T05:41:59.480474", "lvl": "target", "msg": "<47>[   58.620974] systemd-journald[220]: Successfully sent stream file descriptor to service manager."}
- {"dt": "2022-06-03T05:41:59.480743", "lvl": "target", "msg": "         Starting Login Service..."}
- {"dt": "2022-06-03T05:41:59.481021", "lvl": "target", "msg": "<47>[   59.152310] systemd-journald[220]: Successfully sent stream file descriptor to service manager."}
- {"dt": "2022-06-03T05:41:59.481293", "lvl": "target", "msg": "         Starting ACPI Event Daemon..."}
- {"dt": "2022-06-03T05:41:59.481562", "lvl": "target", "msg": "<47>[   59.724409] systemd-journald[220]: Successfully sent stream file descriptor to service manager."}
- {"dt": "2022-06-03T05:41:59.481832", "lvl": "target", "msg": "[[0;32m  OK  [0m] Started Network Service."}
- {"dt": "2022-06-03T05:41:59.482099", "lvl": "target", "msg": "[[0;32m  OK  [0m] Started Entropy Daemon based on the HAVEGE algorithm."}
- {"dt": "2022-06-03T05:41:59.482370", "lvl": "target", "msg": "[[0;32m  OK  [0m] Started ACPI Event Daemon."}
- {"dt": "2022-06-03T05:41:59.482638", "lvl": "target", "msg": "[[0;32m  OK  [0m] Started Avahi mDNS/DNS-SD Stack."}
- {"dt": "2022-06-03T05:41:59.482903", "lvl": "target", "msg": "[[0;32m  OK  [0m] Started Thermal Daemon Service."}
- {"dt": "2022-06-03T05:41:59.483168", "lvl": "target", "msg": "         Starting Network Name Resolution..."}
- {"dt": "2022-06-03T05:41:59.483432", "lvl": "target", "msg": "[[0;32m  OK  [0m] Started Login Service."}
- {"dt": "2022-06-03T05:42:10.330354", "lvl": "target", "msg": "<47>[   61.768504] systemd-journald[220]: Successfully sent stream file descriptor to service manager."}
- {"dt": "2022-06-03T05:42:10.330615", "lvl": "target", "msg": "<31>[   64.478037] systemd[1]: Got message type=signal sender=org.freedesktop.DBus destination=org.freedesktop.systemd1 path=/org/freedesktop/DBus interface=org.freedesktop.systemd1.Activator member=ActivationRequest cookie=14 reply_cookie=0 signature=s error-name=n/a error-message=n/a"}
- {"dt": "2022-06-03T05:42:10.330997", "lvl": "target", "msg": "<31>[   64.670730] systemd[1]: File /lib/systemd/system/systemd-hostnamed.service:35 configures an IP firewall (IPAddressDeny=any), but the local system does not support BPF/cgroup based firewalling."}
- {"dt": "2022-06-03T05:42:10.331326", "lvl": "target", "msg": "<31>[   65.043942] systemd[1]: Sent message type=signal sender=n/a destination=n/a path=/org/freedesktop/systemd1 interface=org.freedesktop.systemd1.Manager member=UnitNew cookie=17 reply_cookie=0 signature=so error-name=n/a error-message=n/a"}
- {"dt": "2022-06-03T05:42:10.331606", "lvl": "target", "msg": "<31>[   65.055989] systemd[1]: Sent message type=signal sender=n/a destination=n/a path=/org/freedesktop/systemd1 interface=org.freedesktop.systemd1.Manager member=UnitRemoved cookie=18 reply_cookie=0 signature=so error-name=n/a error-message=n/a"}
- {"dt": "2022-06-03T05:42:10.331876", "lvl": "target", "msg": "<31>[   65.068100] systemd[1]: Sent message type=signal sender=n/a destination=n/a path=/org/freedesktop/systemd1 interface=org.freedesktop.systemd1.Manager member=UnitNew cookie=19 reply_cookie=0 signature=so error-name=n/a error-message=n/a"}
- {"dt": "2022-06-03T05:42:10.332157", "lvl": "target", "msg": "<31>[   65.080042] systemd[1]: Sent message type=signal sender=n/a destination=n/a path=/org/freedesktop/systemd1 interface=org.freedesktop.systemd1.Manager member=JobNew cookie=20 reply_cookie=0 signature=uos error-name=n/a error-message=n/a"}
- {"dt": "2022-06-03T05:42:10.332426", "lvl": "target", "msg": "<31>[   65.093053] systemd[1]: Got message type=method_return sender=org.freedesktop.DBus destination=:1.0 path=n/a interface=n/a member=n/a cookie=15 reply_cookie=14 signature=n/a error-name=n/a error-message=n/a"}
- {"dt": "2022-06-03T05:42:10.332698", "lvl": "target", "msg": "<31>[   65.108110] systemd[1]: Match type='signal',sender='org.freedesktop.DBus',path='/org/freedesktop/DBus',interface='org.freedesktop.DBus',member='NameOwnerChanged',arg0='org.freedesktop.hostname1' successfully installed."}
- {"dt": "2022-06-03T05:42:22.232774", "lvl": "target", "msg": "<31>[   65.243226] systemd[1]: BPF firewalling not supported on this systemd, proceeding without."}
- {"dt": "2022-06-03T05:42:22.233026", "lvl": "target", "msg": "<31>[   65.329405] systemd[1]: systemd-hostnamed.service: Forked /lib/systemd/systemd-hostnamed as 289"}
- {"dt": "2022-06-03T05:42:22.233211", "lvl": "target", "msg": "         Starting Hostname Service..."}
- {"dt": "2022-06-03T05:42:22.233408", "lvl": "target", "msg": "<47>[   65.565424] systemd-journald[220]: Successfully sent stream file descriptor to service manager."}
- {"dt": "2022-06-03T05:42:22.233584", "lvl": "target", "msg": "[[0m[0;31m*     [0m] (1 of 7) A start job is running for dev-ttyS2.device (47s / 1min 30s)[K[[0;1;31m*[0m[0;31m*    [0m] (1 of 7) A start job is running for dev-ttyS2.device (47s / 1min 30s)[K[[0;31m*[0;1;31m*[0m[0;31m*   [0m] (1 of 7) A start job is running for dev-ttyS2.device (48s / 1min 30s)[K[ [0;31m*[0;1;31m*[0m[0;31m*  [0m] (2 of 7) A start job is running for dev-ttyS1.device (48s / 1min 30s)[K[  [0;31m*[0;1;31m*[0m[0;31m* [0m] (2 of 7) A start job is running for dev-ttyS1.device (49s / 1min 30s)[K[   [0;31m*[0;1;31m*[0m[0;31m*[0m] (2 of 7) A start job is running for dev-ttyS1.device (49s / 1min 30s)[K[    [0;31m*[0;1;31m*[0m] (3 of 7) A start job is running for Network Manager (50s / 2min 7s)<31>[   70.039028] systemd[1]: systemd-resolved.service: Got notification message from PID 285 (WATCHDOG=1)"}
- {"dt": "2022-06-03T05:42:22.233792", "lvl": "target", "msg": "[K[     [0;31m*[0m] (3 of 7) A start job is running for Network Manager (50s / 2min 7s)<31>[   70.716080] systemd[1]: systemd-resolved.service: Got notification message from PID 285 (READY=1, STATUS=Processing requests...)"}
- {"dt": "2022-06-03T05:42:22.233988", "lvl": "target", "msg": "<31>[   70.728854] systemd[1]: systemd-resolved.service: Changed start -> running"}
- {"dt": "2022-06-03T05:42:22.234177", "lvl": "target", "msg": "<31>[   70.740139] systemd[1]: systemd-resolved.service: Job systemd-resolved.service/start finished, result=done"}
- {"dt": "2022-06-03T05:42:22.234366", "lvl": "target", "msg": "[K[[0;32m  OK  [0m] Started Network Name Resolution."}
- {"dt": "2022-06-03T05:42:22.234565", "lvl": "target", "msg": "<31>[   70.788033] systemd[1]: Sent message type=signal sender=n/a destination=n/a path=/org/freedesktop/systemd1 interface=org.freedesktop.systemd1.Manager member=JobRemoved cookie=24 reply_cookie=0 signature=uoss error-name=n/a error-message=n/a"}
- {"dt": "2022-06-03T05:42:34.915504", "lvl": "target", "msg": "<31>[   70.869042] systemd[1]: Sent message type=signal sender=n/a destination=n/a path=/org/freedesktop/systemd1/unit/systemd_2dresolved_2eservice interface=org.freedesktop.DBus.Properties member=PropertiesChanged cookie=26 reply_cookie=0 signature=sa{sv}as error-name=n/a error-message=n/a"}
- {"dt": "2022-06-03T05:42:34.915763", "lvl": "target", "msg": "<31>[   70.881968] systemd[1]: nss-lookup.target changed dead -> active"}
- {"dt": "2022-06-03T05:42:34.915892", "lvl": "target", "msg": "<31>[   70.893021] systemd[1]: nss-lookup.target: Job nss-lookup.target/start finished, result=done"}
- {"dt": "2022-06-03T05:42:34.916002", "lvl": "target", "msg": "[[0;32m  OK  [0m] Reached target Host and Network Name Lookups."}
- {"dt": "2022-06-03T05:42:34.916137", "lvl": "target", "msg": "<31>[   70.932071] systemd[1]: Sent message type=signal sender=n/a destination=n/a path=/org/freedesktop/systemd1/unit/nss_2dlookup_2etarget interface=org.freedesktop.DBus.Properties member=PropertiesChanged cookie=28 reply_cookie=0 signature=sa{sv}as error-name=n/a error-message=n/a"}
- {"dt": "2022-06-03T05:42:34.916258", "lvl": "target", "msg": "[[0;32m  OK  [0m] Started Hostname Service."}
- {"dt": "2022-06-03T05:42:34.916365", "lvl": "target", "msg": "[[0;32m  OK  [0m] Started Network Manager."}
- {"dt": "2022-06-03T05:42:34.916462", "lvl": "target", "msg": "[[0;32m  OK  [0m] Reached target Network."}
- {"dt": "2022-06-03T05:42:34.916564", "lvl": "target", "msg": "         Starting Permit User Sessions..."}
- {"dt": "2022-06-03T05:42:34.916671", "lvl": "target", "msg": "         Starting DNS forwarder and DHCP server..."}
- {"dt": "2022-06-03T05:42:34.916798", "lvl": "target", "msg": "<47>[   74.515856] systemd-journald[220]: Successfully sent stream file descriptor to service manager."}
- {"dt": "2022-06-03T05:42:34.916906", "lvl": "target", "msg": "<47>[   74.785313] systemd-journald[220]: Successfully sent stream file descriptor to service manager."}
- {"dt": "2022-06-03T05:42:34.917005", "lvl": "target", "msg": "<47>[   75.234681] systemd-journald[220]: Successfully sent stream file descriptor to service manager."}
- {"dt": "2022-06-03T05:42:34.917105", "lvl": "target", "msg": "[[0;32m  OK  [0m] Started Permit User Sessions."}
- {"dt": "2022-06-03T05:42:34.917216", "lvl": "target", "msg": "<31>[   75.816129] systemd[1]: getty@tty1.service: Changed dead -> running"}
- {"dt": "2022-06-03T05:42:34.917338", "lvl": "target", "msg": "<31>[   75.836169] systemd[1]: getty@tty1.service: Job getty@tty1.service/start finished, result=done"}
- {"dt": "2022-06-03T05:42:34.917461", "lvl": "target", "msg": "[[0;32m  OK  [0m] Started Getty on tty1."}
- {"dt": "2022-06-03T05:42:34.917583", "lvl": "target", "msg": "<31>[   75.886049] systemd[1]: Sent message type=signal sender=n/a destination=n/a path=/org/freedesktop/systemd1 interface=org.freedesktop.systemd1.Manager member=JobRemoved cookie=51 reply_cookie=0 signature=uoss error-name=n/a error-message=n/a"}
- {"dt": "2022-06-03T05:42:34.917715", "lvl": "target", "msg": "<31>[   76.143074] systemd[1]: BPF firewalling not supported on this systemd, proceeding without."}
- {"dt": "2022-06-03T05:42:34.917842", "lvl": "target", "msg": "<31>[   76.160022] systemd[1]: NetworkManager-dispatcher.service: Passing 0 fds to service"}
- {"dt": "2022-06-03T05:42:48.866147", "lvl": "target", "msg": "<31>[   76.188127] systemd[1]: NetworkManager-dispatcher.service: Forked /usr/libexec/nm-dispatcher as 298"}
- {"dt": "2022-06-03T05:42:48.866455", "lvl": "target", "msg": "         Starting Network Manager Script Dispatcher Service..."}
- {"dt": "2022-06-03T05:42:48.866802", "lvl": "target", "msg": "<31>[   76.303043] systemd[1]: Sent message type=signal sender=n/a destination=n/a path=/org/freedesktop/systemd1/unit/NetworkManager_2ddispatcher_2eservice interface=org.freedesktop.DBus.Properties member=PropertiesChanged cookie=52 reply_cookie=0 signature=sa{sv}as error-name=n/a error-message=n/a"}
- {"dt": "2022-06-03T05:42:48.867143", "lvl": "target", "msg": "<31>[   76.334068] systemd[1]: Sent message type=signal sender=n/a destination=n/a path=/org/freedesktop/systemd1/unit/NetworkManager_2ddispatcher_2eservice interface=org.freedesktop.DBus.Properties member=PropertiesChanged cookie=53 reply_cookie=0 signature=sa{sv}as error-name=n/a error-message=n/a"}
- {"dt": "2022-06-03T05:42:48.867441", "lvl": "target", "msg": "<31>[   76.358101] systemd[1]: Sent message type=signal sender=n/a destination=n/a path=/org/freedesktop/systemd1/unit/getty_40tty1_2eservice interface=org.freedesktop.DBus.Properties member=PropertiesChanged cookie=54 reply_cookie=0 signature=sa{sv}as error-name=n/a error-message=n/a"}
- {"dt": "2022-06-03T05:42:48.867721", "lvl": "target", "msg": "<31>[   76.388003] systemd[1]: Sent message type=signal sender=n/a destination=n/a path=/org/freedesktop/systemd1/unit/getty_40tty1_2eservice interface=org.freedesktop.DBus.Properties member=PropertiesChanged cookie=55 reply_cookie=0 signature=sa{sv}as error-name=n/a error-message=n/a"}
- {"dt": "2022-06-03T05:42:48.867988", "lvl": "target", "msg": "<47>[   76.423867] systemd-journald[220]: Successfully sent stream file descriptor to service manager."}
- {"dt": "2022-06-03T05:42:48.868284", "lvl": "target", "msg": "[[0;32m  OK  [0m] Started DNS forwarder and DHCP server."}
- {"dt": "2022-06-03T05:42:48.868554", "lvl": "target", "msg": "[[0;32m  OK  [0m] Found device /dev/ttyS1."}
- {"dt": "2022-06-03T05:42:48.868830", "lvl": "target", "msg": "[[0;32m  OK  [0m] Found device /dev/ttyS2."}
- {"dt": "2022-06-03T05:42:48.869097", "lvl": "target", "msg": "[[0;32m  OK  [0m] Started Serial Getty on ttyS2."}
- {"dt": "2022-06-03T05:42:48.869365", "lvl": "target", "msg": "[[0;32m  OK  [0m] Started Serial Getty on ttyS1."}
- {"dt": "2022-06-03T05:42:48.869632", "lvl": "target", "msg": "[[0;32m  OK  [0m] Started Network Manager Script Dispatcher Service."}
- {"dt": "2022-06-03T05:42:48.869895", "lvl": "target", "msg": "[[0;32m  OK  [0m] Found device /dev/ttyS0."}
- {"dt": "2022-06-03T05:42:48.870161", "lvl": "target", "msg": "[[0;32m  OK  [0m] Started Serial Getty on ttyS0."}
- {"dt": "2022-06-03T05:42:48.870423", "lvl": "target", "msg": "[[0;32m  OK  [0m] Reached target Login Prompts."}
- {"dt": "2022-06-03T05:42:48.870690", "lvl": "target", "msg": "[[0;32m  OK  [0m] Reached target Multi-User System."}
- {"dt": "2022-06-03T05:43:04.133999", "lvl": "target", "msg": "         Starting Update UTMP about System Runlevel Changes..."}
- {"dt": "2022-06-03T05:43:04.134287", "lvl": "target", "msg": "<31>[   81.083018] systemd[1]: Sent message type=signal sender=n/a destination=n/a path=/org/freedesktop/systemd1/unit/systemd_2dupdate_2dutmp_2drunlevel_2eservice interface=org.freedesktop.DBus.Properties member=PropertiesChanged cookie=98 reply_cookie=0 signature=sa{sv}as error-name=n/a error-message=n/a"}
- {"dt": "2022-06-03T05:43:04.134420", "lvl": "target", "msg": "<31>[   81.148221] systemd[1]: Sent message type=signal sender=n/a destination=n/a path=/org/freedesktop/systemd1/unit/multi_2duser_2etarget interface=org.freedesktop.DBus.Properties member=PropertiesChanged cookie=99 reply_cookie=0 signature=sa{sv}as error-name=n/a error-message=n/a"}
- {"dt": "2022-06-03T05:43:04.134537", "lvl": "target", "msg": "<47>[   81.192361] systemd-journald[220]: Successfully sent stream file descriptor to service manager."}
- {"dt": "2022-06-03T05:43:04.134648", "lvl": "target", "msg": "<31>[   81.196072] systemd[1]: Sent message type=signal sender=n/a destination=n/a path=/org/freedesktop/systemd1/unit/getty_2etarget interface=org.freedesktop.DBus.Properties member=PropertiesChanged cookie=100 reply_cookie=0 signature=sa{sv}as error-name=n/a error-message=n/a"}
- {"dt": "2022-06-03T05:43:04.134760", "lvl": "target", "msg": "<31>[   81.217039] systemd[1]: Sent message type=signal sender=n/a destination=n/a path=/org/freedesktop/systemd1/unit/serial_2dgetty_40ttyS0_2eservice interface=org.freedesktop.DBus.Properties member=PropertiesChanged cookie=101 reply_cookie=0 signature=sa{sv}as error-name=n/a error-message=n/a"}
